Archive member included to satisfy reference by file (symbol)

build/cooja/mtype295.a(simEnvChange.o)
                              build/cooja/mtype295.o (simDontFallAsleep)
build/cooja/mtype295.a(cooja_mt.o)
                              build/cooja/mtype295.o (cooja_mt_start)
build/cooja/mtype295.a(cooja_mtarch.o)
                              build/cooja/mtype295.a(cooja_mt.o) (cooja_mtarch_start)
build/cooja/mtype295.a(rtimer-arch.o)
                              build/cooja/mtype295.o (rtimer_arch_check)
build/cooja/mtype295.a(beep.o)
                              build/cooja/mtype295.o (beep_interface)
build/cooja/mtype295.a(leds-arch.o)
                              build/cooja/mtype295.o (leds_interface)
build/cooja/mtype295.a(moteid.o)
                              build/cooja/mtype295.o (moteid_interface)
build/cooja/mtype295.a(pir-sensor.o)
                              build/cooja/mtype295.o (pir_interface)
build/cooja/mtype295.a(rs232.o)
                              build/cooja/mtype295.o (rs232_interface)
build/cooja/mtype295.a(vib-sensor.o)
                              build/cooja/mtype295.o (vib_interface)
build/cooja/mtype295.a(clock.o)
                              build/cooja/mtype295.o (clock_interface)
build/cooja/mtype295.a(cooja-log.o)
                              build/cooja/mtype295.o (simlog_interface)
build/cooja/mtype295.a(cfs-cooja.o)
                              build/cooja/mtype295.o (cfs_interface)
build/cooja/mtype295.a(cooja-radio.o)
                              build/cooja/mtype295.o (radio_interface)
build/cooja/mtype295.a(eeprom.o)
                              build/cooja/mtype295.o (eeprom_interface)
build/cooja/mtype295.a(random.o)
                              build/cooja/mtype295.a(moteid.o) (random_init)
build/cooja/mtype295.a(sensors.o)
                              build/cooja/mtype295.a(pir-sensor.o) (sensors_changed)
build/cooja/mtype295.a(leds.o)
                              build/cooja/mtype295.a(leds-arch.o) (leds_get)
build/cooja/mtype295.a(gpio-hal-arch.o)
                              build/cooja/mtype295.a(leds-arch.o) (gpio_hal_arch_register_pin_callback)
build/cooja/mtype295.a(buttons.o)
                              build/cooja/mtype295.o (button_interface)
build/cooja/mtype295.a(contiki-main.o)
                              build/cooja/mtype295.o (main)
build/cooja/mtype295.a(autostart.o)
                              build/cooja/mtype295.a(contiki-main.o) (autostart_start)
build/cooja/mtype295.a(energest.o)
                              build/cooja/mtype295.a(contiki-main.o) (energest_init)
build/cooja/mtype295.a(etimer.o)
                              build/cooja/mtype295.a(contiki-main.o) (etimer_process)
build/cooja/mtype295.a(log.o)
                              build/cooja/mtype295.a(contiki-main.o) (curr_log_level_main)
build/cooja/mtype295.a(ctimer.o)
                              build/cooja/mtype295.a(contiki-main.o) (ctimer_init)
build/cooja/mtype295.a(process.o)
                              build/cooja/mtype295.a(etimer.o) (process_current)
build/cooja/mtype295.a(rtimer.o)
                              build/cooja/mtype295.a(contiki-main.o) (rtimer_init)
build/cooja/mtype295.a(node-id.o)
                              build/cooja/mtype295.a(contiki-main.o) (node_id)
build/cooja/mtype295.a(timer.o)
                              build/cooja/mtype295.a(etimer.o) (timer_set)
build/cooja/mtype295.a(list.o)
                              build/cooja/mtype295.a(ctimer.o) (list_init)
build/cooja/mtype295.a(button-hal.o)
                              build/cooja/mtype295.o (button_hal_init)
build/cooja/mtype295.a(serial-line.o)
                              build/cooja/mtype295.a(rs232.o) (serial_line_input_byte)
build/cooja/mtype295.a(gpio-hal.o)
                              build/cooja/mtype295.a(button-hal.o) (gpio_hal_register_handler)
build/cooja/mtype295.a(queuebuf.o)
                              build/cooja/mtype295.a(contiki-main.o) (queuebuf_init)
build/cooja/mtype295.a(packetbuf.o)
                              build/cooja/mtype295.a(cooja-radio.o) (packetbuf_clear)
build/cooja/mtype295.a(netstack.o)
                              build/cooja/mtype295.a(contiki-main.o) (netstack_init)
build/cooja/mtype295.a(linkaddr.o)
                              build/cooja/mtype295.a(contiki-main.o) (linkaddr_node_addr)
build/cooja/mtype295.a(csma.o)
                              build/cooja/mtype295.a(cooja-radio.o) (csma_driver)
build/cooja/mtype295.a(csma-output.o)
                              build/cooja/mtype295.a(csma.o) (csma_output_packet)
build/cooja/mtype295.a(uip-ds6.o)
                              build/cooja/mtype295.a(contiki-main.o) (uip_ds6_get_link_local)
build/cooja/mtype295.a(uiplib.o)
                              build/cooja/mtype295.a(log.o) (uiplib_ipaddr_snprint)
build/cooja/mtype295.a(tcpip.o)
                              build/cooja/mtype295.a(contiki-main.o) (tcpip_process)
build/cooja/mtype295.a(uip-ds6-route.o)
[...]
Memory Configuration

Name             Origin             Length             Attributes
*default*        0x0000000000000000 0xffffffffffffffff

Linker script and memory map

LOAD /usr/lib/gcc/i686-linux-gnu/7/../../../i386-linux-gnu/crti.o
LOAD /usr/lib/gcc/i686-linux-gnu/7/crtbeginS.o
LOAD sink-node.o
LOAD build/cooja/mtype295.o
LOAD build/cooja/obj/virtual-sensor.o
LOAD build/cooja/mtype295.a
LOAD /usr/lib/gcc/i686-linux-gnu/7/libgcc.a
LOAD /usr/lib/gcc/i686-linux-gnu/7/libgcc_s.so
START GROUP
LOAD /usr/lib/gcc/i686-linux-gnu/7/libgcc_s.so.1
LOAD /usr/lib/gcc/i686-linux-gnu/7/libgcc.a
END GROUP
LOAD /usr/lib/gcc/i686-linux-gnu/7/../../../i386-linux-gnu/libc.so
START GROUP
LOAD /lib/i386-linux-gnu/libc.so.6
LOAD /usr/lib/i386-linux-gnu/libc_nonshared.a
LOAD /lib/i386-linux-gnu/ld-linux.so.2
END GROUP
LOAD /usr/lib/gcc/i686-linux-gnu/7/libgcc.a
LOAD /usr/lib/gcc/i686-linux-gnu/7/libgcc_s.so
START GROUP
LOAD /usr/lib/gcc/i686-linux-gnu/7/libgcc_s.so.1
LOAD /usr/lib/gcc/i686-linux-gnu/7/libgcc.a
END GROUP
LOAD /usr/lib/gcc/i686-linux-gnu/7/crtendS.o
LOAD /usr/lib/gcc/i686-linux-gnu/7/../../../i386-linux-gnu/crtn.o
                0x0000000000000114                . = (SEGMENT_START ("text-segment", 0x0) + SIZEOF_HEADERS)

.note.gnu.build-id
                0x0000000000000114       0x24
 *(.note.gnu.build-id)
 .note.gnu.build-id
                0x0000000000000114       0x24 /usr/lib/gcc/i686-linux-gnu/7/../../../i386-linux-gnu/crti.o

.hash
 *(.hash)

.gnu.hash       0x0000000000000138     0x1440
 *(.gnu.hash)
 .gnu.hash      0x0000000000000138     0x1440 /usr/lib/gcc/i686-linux-gnu/7/../../../i386-linux-gnu/crti.o

.dynsym         0x0000000000001578     0x2940
 *(.dynsym)
 .dynsym        0x0000000000001578     0x2940 /usr/lib/gcc/i686-linux-gnu/7/../../../i386-linux-gnu/crti.o

.dynstr         0x0000000000003eb8     0x2ed6
 *(.dynstr)
 .dynstr        0x0000000000003eb8     0x2ed6 /usr/lib/gcc/i686-linux-gnu/7/../../../i386-linux-gnu/crti.o

.gnu.version    0x0000000000006d8e      0x528
 *(.gnu.version)
 .gnu.version   0x0000000000006d8e      0x528 /usr/lib/gcc/i686-linux-gnu/7/../../../i386-linux-gnu/crti.o

.gnu.version_d  0x00000000000072b8        0x0
 *(.gnu.version_d)
 .gnu.version_d
                0x00000000000072b8        0x0 /usr/lib/gcc/i686-linux-gnu/7/../../../i386-linux-gnu/crti.o

.gnu.version_r  0x00000000000072b8       0x40
 *(.gnu.version_r)
 .gnu.version_r
                0x00000000000072b8       0x40 /usr/lib/gcc/i686-linux-gnu/7/../../../i386-linux-gnu/crti.o

.rel.dyn        0x00000000000072f8      0xdb0
 *(.rel.init)
 .rel.init      0x00000000000072f8        0x0 /usr/lib/gcc/i686-linux-gnu/7/../../../i386-linux-gnu/crti.o
 *(.rel.text .rel.text.* .rel.gnu.linkonce.t.*)
 .rel.text      0x00000000000072f8      0x4f0 /usr/lib/gcc/i686-linux-gnu/7/../../../i386-linux-gnu/crti.o
 *(.rel.fini)
 .rel.fini      0x00000000000077e8        0x0 /usr/lib/gcc/i686-linux-gnu/7/../../../i386-linux-gnu/crti.o
 *(.rel.rodata .rel.rodata.* .rel.gnu.linkonce.r.*)
 *(.rel.data.rel.ro .rel.data.rel.ro.* .rel.gnu.linkonce.d.rel.ro.*)
 .rel.data.rel.ro.local
                0x00000000000077e8      0x208 /usr/lib/gcc/i686-linux-gnu/7/../../../i386-linux-gnu/crti.o
 .rel.data.rel.ro
                0x00000000000079f0       0xb0 /usr/lib/gcc/i686-linux-gnu/7/../../../i386-linux-gnu/crti.o
 *(.rel.data .rel.data.* .rel.gnu.linkonce.d.*)
 .rel.data.rel.local
                0x0000000000007aa0      0x2f0 /usr/lib/gcc/i686-linux-gnu/7/../../../i386-linux-gnu/crti.o
 .rel.data.rel  0x0000000000007d90       0x78 /usr/lib/gcc/i686-linux-gnu/7/../../../i386-linux-gnu/crti.o
 *(.rel.tdata .rel.tdata.* .rel.gnu.linkonce.td.*)
 *(.rel.tbss .rel.tbss.* .rel.gnu.linkonce.tb.*)
 *(.rel.ctors)
 *(.rel.dtors)
 *(.rel.got)
 .rel.got       0x0000000000007e08      0x290 /usr/lib/gcc/i686-linux-gnu/7/../../../i386-linux-gnu/crti.o
 *(.rel.bss .rel.bss.* .rel.gnu.linkonce.b.*)
 *(.rel.ifunc)
 .rel.ifunc     0x0000000000008098        0x0 /usr/lib/gcc/i686-linux-gnu/7/../../../i386-linux-gnu/crti.o
 .rel.fini_array
                0x0000000000008098        0x8 /usr/lib/gcc/i686-linux-gnu/7/../../../i386-linux-gnu/crti.o
 .rel.init_array
                0x00000000000080a0        0x8 /usr/lib/gcc/i686-linux-gnu/7/../../../i386-linux-gnu/crti.o

.rel.plt        0x00000000000080a8      0x938
 *(.rel.plt)
 .rel.plt       0x00000000000080a8      0x938 /usr/lib/gcc/i686-linux-gnu/7/../../../i386-linux-gnu/crti.o
 *(.rel.iplt)

.init           0x00000000000089e0       0x23
 *(SORT_NONE(.init))
 .init          0x00000000000089e0       0x1e /usr/lib/gcc/i686-linux-gnu/7/../../../i386-linux-gnu/crti.o
                0x00000000000089e0                _init
 .init          0x00000000000089fe        0x5 /usr/lib/gcc/i686-linux-gnu/7/../../../i386-linux-gnu/crtn.o

.plt            0x0000000000008a10     0x1280
 *(.plt)
 .plt           0x0000000000008a10     0x1280 /usr/lib/gcc/i686-linux-gnu/7/../../../i386-linux-gnu/crti.o
 *(.iplt)

.plt.got        0x0000000000009c90       0x18
 *(.plt.got)
 .plt.got       0x0000000000009c90       0x18 /usr/lib/gcc/i686-linux-gnu/7/../../../i386-linux-gnu/crti.o

.plt.sec
 *(.plt.sec)

.text           0x0000000000009cb0    0x17c84
 *(.text.unlikely .text.*_unlikely .text.unlikely.*)
 *(.text.exit .text.exit.*)
 *(.text.startup .text.startup.*)
 *(.text.hot .text.hot.*)
 *(.text .stub .text.* .gnu.linkonce.t.*)
 .text          0x0000000000009cb0        0x0 /usr/lib/gcc/i686-linux-gnu/7/../../../i386-linux-gnu/crti.o
 .gnu.linkonce.t.__x86.get_pc_thunk.bx
                0x0000000000009cb0        0x4 /usr/lib/gcc/i686-linux-gnu/7/../../../i386-linux-gnu/crti.o
                0x0000000000009cb0                __x86.get_pc_thunk.bx
 *fill*         0x0000000000009cb4        0xc 
 .text          0x0000000000009cc0       0xe9 /usr/lib/gcc/i686-linux-gnu/7/crtbeginS.o
 .text.__x86.get_pc_thunk.dx
                0x0000000000009da9        0x4 /usr/lib/gcc/i686-linux-gnu/7/crtbeginS.o
                0x0000000000009da9                __x86.get_pc_thunk.dx
 .text          0x0000000000009dad       0xf6 sink-node.o
 .text          0x0000000000009ea3      0x36b build/cooja/mtype295.o
                0x0000000000009f55                platform_init_stage_one
                0x0000000000009f78                platform_init_stage_two
                0x0000000000009f9b                platform_init_stage_three
                0x0000000000009fbe                platform_main_loop
                0x000000000000a064                Java_org_contikios_cooja_corecomm_Lib3_init
                0x000000000000a0b2                Java_org_contikios_cooja_corecomm_Lib3_getMemory
                0x000000000000a0f2                Java_org_contikios_cooja_corecomm_Lib3_setMemory
                0x000000000000a163                Java_org_contikios_cooja_corecomm_Lib3_tick
                0x000000000000a1ed                Java_org_contikios_cooja_corecomm_Lib3_setReferenceAddress
 .text.__x86.get_pc_thunk.ax
                0x000000000000a20e        0x4 build/cooja/mtype295.o
                0x000000000000a20e                __x86.get_pc_thunk.ax
 .text          0x000000000000a212       0xbc build/cooja/obj/virtual-sensor.o
                0x000000000000a212                random_value
                0x000000000000a24c                read_temperature
                0x000000000000a28b                read_humidity
 .text          0x000000000000a2ce       0x8d build/cooja/mtype295.a(simEnvChange.o)
                0x000000000000a2ce                doActionsBeforeTick
                0x000000000000a314                doActionsAfterTick
 .text          0x000000000000a35b       0xb6 build/cooja/mtype295.a(cooja_mt.o)
                0x000000000000a35b                cooja_mt_start
                0x000000000000a395                cooja_mt_exec
                0x000000000000a3dc                cooja_mt_yield
 .text          0x000000000000a411       0xf2 build/cooja/mtype295.a(cooja_mtarch.o)
                0x000000000000a411                cooja_mtarch_start
                0x000000000000a495                cooja_sw
                0x000000000000a4c3                cooja_mtarch_exec
                0x000000000000a4ee                cooja_mtarch_yield
 .text          0x000000000000a503      0x127 build/cooja/mtype295.a(rtimer-arch.o)
                0x000000000000a503                rtimer_arch_init
                0x000000000000a532                rtimer_arch_schedule
                0x000000000000a574                rtimer_arch_next
                0x000000000000a58e                rtimer_arch_pending
                0x000000000000a5a5                rtimer_arch_check
                0x000000000000a610                rtimer_arch_now
 .text.__x86.get_pc_thunk.cx
                0x000000000000a62a        0x4 build/cooja/mtype295.a(rtimer-arch.o)
                0x000000000000a62a                __x86.get_pc_thunk.cx
 .text          0x000000000000a62e      0x101 build/cooja/mtype295.a(beep.o)
                0x000000000000a62e                beep_alarm
                0x000000000000a647                beep_beep
                0x000000000000a660                beep
                0x000000000000a679                beep_down
                0x000000000000a692                beep_on
                0x000000000000a6ab                beep_off
                0x000000000000a6c4                beep_spinup
                0x000000000000a6dd                beep_quick
                0x000000000000a6f6                beep_long
 .text          0x000000000000a72f       0x9f build/cooja/mtype295.a(leds-arch.o)
                0x000000000000a753                leds_arch_init
 .text          0x000000000000a7ce       0x56 build/cooja/mtype295.a(moteid.o)
 .text          0x000000000000a824      0x101 build/cooja/mtype295.a(pir-sensor.o)
 .text          0x000000000000a925      0x1cc build/cooja/mtype295.a(rs232.o)
                0x000000000000a925                rs232_init
                0x000000000000a935                rs232_set_speed
                0x000000000000a94e                rs232_set_input
                0x000000000000a967                rs232_send
                0x000000000000a99d                rs232_print
                0x000000000000a9cb                slip_arch_writeb
 .text          0x000000000000aaf1      0x101 build/cooja/mtype295.a(vib-sensor.o)
 .text          0x000000000000abf2       0x7a build/cooja/mtype295.a(clock.o)
                0x000000000000abf2                clock_init
                0x000000000000ac02                clock_time
                0x000000000000ac19                clock_seconds
                0x000000000000ac3c                clock_delay
 .text          0x000000000000ac6c      0x2b5 build/cooja/mtype295.a(cooja-log.o)
                0x000000000000ac6c                simlog_char
                0x000000000000acd0                simlog
                0x000000000000ad6a                log_message
                0x000000000000adb9                log_set_putchar_with_slip
                0x000000000000add2                log_putchar
                0x000000000000ae5d                log_puts
                0x000000000000ae8f                log_printf
 .text          0x000000000000af21      0x36c build/cooja/mtype295.a(cfs-cooja.o)
                0x000000000000af21                cfs_open
                0x000000000000af99                cfs_close
                0x000000000000afb0                cfs_read
                0x000000000000b064                cfs_write
                0x000000000000b162                cfs_seek
                0x000000000000b1ff                cfs_remove
                0x000000000000b235                cfs_opendir
                0x000000000000b249                cfs_readdir
                0x000000000000b25d                cfs_closedir
 .text          0x000000000000b28d      0x785 build/cooja/mtype295.a(cooja-radio.o)
                0x000000000000b2fb                radio_set_channel
                0x000000000000b314                radio_set_txpower
                0x000000000000b337                radio_signal_strength_last
                0x000000000000b34c                radio_signal_strength_current
                0x000000000000b361                radio_LQI
 .text          0x000000000000ba12      0x130 build/cooja/mtype295.a(eeprom.o)
                0x000000000000ba12                eeprom_init
                0x000000000000ba22                eeprom_read
                0x000000000000baa2                eeprom_write
 .text          0x000000000000bb42       0x4e build/cooja/mtype295.a(random.o)
                0x000000000000bb42                random_init
                0x000000000000bb72                random_rand
 .text          0x000000000000bb90      0x332 build/cooja/mtype295.a(sensors.o)
                0x000000000000bbd7                sensors_first
                0x000000000000bbee                sensors_next
                0x000000000000bc19                sensors_changed
                0x000000000000bc66                sensors_find
 .text          0x000000000000bec2      0x3fc build/cooja/mtype295.a(leds.o)
                0x000000000000bec2                leds_init
                0x000000000000bf1a                leds_single_on
                0x000000000000bf92                leds_single_off
                0x000000000000c00a                leds_single_toggle
                0x000000000000c04e                leds_on
                0x000000000000c0e6                leds_off
                0x000000000000c17e                leds_toggle
                0x000000000000c1e4                leds_set
                0x000000000000c21a                leds_get
 .text          0x000000000000c2be      0x401 build/cooja/mtype295.a(gpio-hal-arch.o)
                0x000000000000c2be                gpio_hal_arch_register_pin_callback
                0x000000000000c33f                gpio_hal_arch_init
                0x000000000000c399                gpio_hal_arch_no_port_interrupt_enable
                0x000000000000c3d3                gpio_hal_arch_no_port_interrupt_disable
                0x000000000000c40d                gpio_hal_arch_no_port_pin_cfg_set
                0x000000000000c43c                gpio_hal_arch_no_port_pin_cfg_get
                0x000000000000c46c                gpio_hal_arch_no_port_pin_set_input
                0x000000000000c488                gpio_hal_arch_no_port_pin_set_output
                0x000000000000c4a4                gpio_hal_arch_no_port_set_pin
                0x000000000000c4cf                gpio_hal_arch_no_port_clear_pin
                0x000000000000c4fa                gpio_hal_arch_no_port_read_pin
                0x000000000000c52c                gpio_hal_arch_no_port_write_pin
                0x000000000000c560                gpio_hal_arch_no_port_set_pins
                0x000000000000c5b1                gpio_hal_arch_no_port_clear_pins
                0x000000000000c602                gpio_hal_arch_no_port_read_pins
                0x000000000000c655                gpio_hal_arch_no_port_write_pins
 .text          0x000000000000c6bf       0xc6 build/cooja/mtype295.a(buttons.o)
 .text          0x000000000000c785      0x3c1 build/cooja/mtype295.a(contiki-main.o)
                0x000000000000c785                main
 .text          0x000000000000cb46       0xb0 build/cooja/mtype295.a(autostart.o)
                0x000000000000cb46                autostart_start
                0x000000000000cb9f                autostart_exit
 .text          0x000000000000cbf6       0x39 build/cooja/mtype295.a(energest.o)
                0x000000000000cbf6                energest_init
                0x000000000000cc06                energest_flush
                0x000000000000cc16                energest_get_total_time
 .text          0x000000000000cc2f      0x527 build/cooja/mtype295.a(etimer.o)
                0x000000000000ce84                etimer_request_poll
                0x000000000000cf35                etimer_set
                0x000000000000cf6e                etimer_reset_with_new_interval
                0x000000000000cfad                etimer_reset
                0x000000000000cfe3                etimer_restart
                0x000000000000d019                etimer_adjust
                0x000000000000d040                etimer_expired
                0x000000000000d05d                etimer_expiration_time
                0x000000000000d079                etimer_start_time
                0x000000000000d08d                etimer_pending
                0x000000000000d0aa                etimer_next_expiration_time
                0x000000000000d0d2                etimer_stop
 .text          0x000000000000d156      0x4a3 build/cooja/mtype295.a(log.o)
                0x000000000000d156                log_6addr
                0x000000000000d1ba                log_6addr_compact_snprint
                0x000000000000d27a                log_6addr_compact
                0x000000000000d2de                log_lladdr
                0x000000000000d365                log_lladdr_compact
                0x000000000000d3e2                log_bytes
                0x000000000000d436                log_set_level
                0x000000000000d514                log_get_level
                0x000000000000d5a5                log_level_to_str
 .text          0x000000000000d5f9      0x400 build/cooja/mtype295.a(ctimer.o)
                0x000000000000d73c                ctimer_init
                0x000000000000d781                ctimer_set
                0x000000000000d7b4                ctimer_set_with_process
                0x000000000000d84b                ctimer_reset
                0x000000000000d8b9                ctimer_restart
                0x000000000000d927                ctimer_stop
                0x000000000000d987                ctimer_expired
 .text          0x000000000000d9f9      0x5cb build/cooja/mtype295.a(process.o)
                0x000000000000d9f9                process_alloc_event
                0x000000000000da1a                process_start
                0x000000000000dc1f                process_exit
                0x000000000000dc47                process_init
                0x000000000000de0f                process_run
                0x000000000000de52                process_nevents
                0x000000000000de77                process_post
                0x000000000000df24                process_post_synch
                0x000000000000df6a                process_poll
                0x000000000000dfa6                process_is_running
 .text.__x86.get_pc_thunk.si
                0x000000000000dfc4        0x4 build/cooja/mtype295.a(process.o)
                0x000000000000dfc4                __x86.get_pc_thunk.si
 .text          0x000000000000dfc8      0x122 build/cooja/mtype295.a(rtimer.o)
                0x000000000000dfc8                rtimer_init
                0x000000000000dfe7                rtimer_set
                0x000000000000e075                rtimer_run_next
 .text          0x000000000000e0ea       0x36 build/cooja/mtype295.a(node-id.o)
                0x000000000000e0ea                node_id_init
 .text          0x000000000000e120       0xf6 build/cooja/mtype295.a(timer.o)
                0x000000000000e120                timer_set
                0x000000000000e14f                timer_reset
                0x000000000000e186                timer_restart
                0x000000000000e1ac                timer_expired
                0x000000000000e1ea                timer_remaining
 .text          0x000000000000e216      0x311 build/cooja/mtype295.a(list.o)
                0x000000000000e216                list_init
                0x000000000000e22f                list_head
                0x000000000000e243                list_copy
                0x000000000000e25d                list_tail
                0x000000000000e29d                list_add
                0x000000000000e2f3                list_push
                0x000000000000e329                list_chop
                0x000000000000e39d                list_pop
                0x000000000000e3cf                list_remove
                0x000000000000e441                list_length
                0x000000000000e479                list_insert
                0x000000000000e4c8                list_item_next
                0x000000000000e4e9                list_contains
 .text          0x000000000000e527      0x566 build/cooja/mtype295.a(button-hal.o)
                0x000000000000e71b                button_hal_get_by_id
                0x000000000000e765                button_hal_get_by_index
                0x000000000000e79f                button_hal_get_state
                0x000000000000e801                button_hal_init
 .text          0x000000000000ea8d      0x242 build/cooja/mtype295.a(serial-line.o)
                0x000000000000ea8d                serial_line_input_byte
                0x000000000000ec85                serial_line_init
 .text          0x000000000000eccf      0x1d6 build/cooja/mtype295.a(gpio-hal.o)
                0x000000000000eccf                gpio_hal_register_handler
                0x000000000000ecfd                gpio_hal_event_handler
                0x000000000000ed6a                gpio_hal_init
                0x000000000000ed99                gpio_hal_arch_port_toggle_pin
                0x000000000000ede4                gpio_hal_arch_port_toggle_pins
                0x000000000000ee21                gpio_hal_arch_no_port_toggle_pin
                0x000000000000ee6e                gpio_hal_arch_no_port_toggle_pins
 .text          0x000000000000eea5      0x3a9 build/cooja/mtype295.a(queuebuf.o)
                0x000000000000eeb9                queuebuf_init
                0x000000000000eef5                queuebuf_numfree
                0x000000000000ef1f                queuebuf_new_from_packetbuf
                0x000000000000efd3                queuebuf_update_attr_from_packetbuf
                0x000000000000f017                queuebuf_update_from_packetbuf
                0x000000000000f076                queuebuf_free
                0x000000000000f0d4                queuebuf_to_packetbuf
                0x000000000000f151                queuebuf_dataptr
                0x000000000000f19d                queuebuf_datalen
                0x000000000000f1ca                queuebuf_addr
                0x000000000000f209                queuebuf_attr
                0x000000000000f23e                queuebuf_debug_print
 .text          0x000000000000f24e      0x4dd build/cooja/mtype295.a(packetbuf.o)
                0x000000000000f24e                packetbuf_clear
                0x000000000000f284                packetbuf_copyfrom
                0x000000000000f2e4                packetbuf_copyto
                0x000000000000f382                packetbuf_hdralloc
                0x000000000000f412                packetbuf_hdrreduce
                0x000000000000f464                packetbuf_set_datalen
                0x000000000000f489                packetbuf_dataptr
                0x000000000000f4b0                packetbuf_hdrptr
                0x000000000000f4c5                packetbuf_datalen
                0x000000000000f4db                packetbuf_hdrlen
                0x000000000000f4fa                packetbuf_totlen
                0x000000000000f51a                packetbuf_remaininglen
                0x000000000000f537                packetbuf_attr_clear
                0x000000000000f59d                packetbuf_attr_copyto
                0x000000000000f5e3                packetbuf_attr_copyfrom
                0x000000000000f629                packetbuf_set_attr
                0x000000000000f65f                packetbuf_attr
                0x000000000000f685                packetbuf_set_addr
                0x000000000000f6cd                packetbuf_addr
                0x000000000000f6f7                packetbuf_holds_broadcast
 .text          0x000000000000f72b      0x13c build/cooja/mtype295.a(netstack.o)
                0x000000000000f72b                netstack_process_ip_callback
                0x000000000000f7cc                netstack_ip_packet_processor_add
                0x000000000000f800                uip_ds6_ip_packet_processor_rm
                0x000000000000f82e                netstack_init
 .text          0x000000000000f867       0x75 build/cooja/mtype295.a(linkaddr.o)
                0x000000000000f867                linkaddr_copy
                0x000000000000f887                linkaddr_cmp
                0x000000000000f8ba                linkaddr_set_node_addr
 .text          0x000000000000f8dc      0x2ae build/cooja/mtype295.a(csma.o)
 .text          0x000000000000fb8a      0xa6f build/cooja/mtype295.a(csma-output.o)
                0x00000000000102fc                csma_output_packet
                0x00000000000105ab                csma_output_init
 .text          0x00000000000105f9      0xe47 build/cooja/mtype295.a(uip-ds6.o)
                0x00000000000105f9                uip_ds6_default_prefix
                0x000000000001060e                uip_ds6_set_default_prefix
                0x0000000000010644                uip_ds6_init
                0x00000000000108df                uip_ds6_periodic
                0x0000000000010987                uip_ds6_list_loop
                0x0000000000010a56                uip_ds6_prefix_add
                0x0000000000010b1d                uip_ds6_prefix_rm
                0x0000000000010b3a                uip_ds6_prefix_lookup
                0x0000000000010b8d                uip_ds6_is_addr_onlink
                0x0000000000010c1a                uip_ds6_addr_add
                0x0000000000010d5c                uip_ds6_addr_rm
                0x0000000000010e1b                uip_ds6_addr_lookup
                0x0000000000010e6b                uip_ds6_get_link_local
                0x0000000000010f09                uip_ds6_get_global
                0x0000000000010fa7                uip_ds6_maddr_add
                0x0000000000011023                uip_ds6_maddr_rm
                0x0000000000011040                uip_ds6_maddr_lookup
                0x0000000000011093                uip_ds6_aaddr_add
                0x000000000001110c                uip_ds6_aaddr_rm
                0x0000000000011129                uip_ds6_aaddr_lookup
                0x0000000000011179                uip_ds6_select_src
                0x00000000000112e7                uip_ds6_set_addr_iid
                0x000000000001131c                uip_ds6_set_lladdr_from_iid
                0x000000000001134f                get_match_length
                0x00000000000113ea                uip_ds6_compute_reachable_time
 .text          0x0000000000011440      0x51a build/cooja/mtype295.a(uiplib.o)
                0x0000000000011440                uiplib_ip6addrconv
                0x0000000000011606                uiplib_ip4addrconv
                0x00000000000116d3                uiplib_ipaddr_print
                0x0000000000011737                uiplib_ipaddr_snprint
 .text          0x000000000001195a      0x870 build/cooja/mtype295.a(tcpip.o)
                0x0000000000011980                tcpip_output
                0x0000000000011a2f                udp_attach
                0x0000000000011a51                udp_new
                0x0000000000011aab                udp_broadcast_new
                0x0000000000011c4b                tcpip_input
                0x0000000000011e41                tcpip_ipv6_output
                0x000000000001207d                tcpip_poll_udp
                0x00000000000120ad                tcpip_uipcall
 .text          0x00000000000121ca      0x453 build/cooja/mtype295.a(uip-ds6-route.o)
                0x000000000001222c                uip_ds6_route_init
                0x0000000000012268                uip_ds6_route_count_nexthop_neighbors
                0x000000000001227c                uip_ds6_route_nexthop
                0x0000000000012290                uip_ds6_route_head
                0x00000000000122a4                uip_ds6_route_next
                0x00000000000122b8                uip_ds6_route_is_nexthop
                0x00000000000122cc                uip_ds6_route_num_routes
                0x00000000000122e0                uip_ds6_route_lookup
                0x00000000000122f4                uip_ds6_route_add
                0x0000000000012311                uip_ds6_route_rm
                0x0000000000012321                uip_ds6_route_rm_by_nexthop
                0x0000000000012331                uip_ds6_defrt_head
                0x000000000001235b                uip_ds6_defrt_add
                0x000000000001241b                uip_ds6_defrt_rm
                0x0000000000012494                uip_ds6_defrt_lookup
                0x000000000001250b                uip_ds6_defrt_choose
                0x0000000000012591                uip_ds6_defrt_periodic
 .text          0x000000000001261d     0x1520 build/cooja/mtype295.a(uip6.o)
                0x00000000000126d6                uip_chksum
                0x00000000000127ce                uip_icmp6chksum
                0x00000000000127ed                uip_udpchksum
                0x000000000001280c                uip_init
                0x000000000001286b                uip_remove_ext_hdr
                0x0000000000012966                uip_udp_new
                0x0000000000012cdf                uip_process
                0x00000000000139cd                uip_htons
                0x00000000000139f9                uip_htonl
                0x0000000000013a43                uip_send
 .text          0x0000000000013b3d      0x43e build/cooja/mtype295.a(uip-ds6-nbr.o)
                0x0000000000013b3d                uip_ds6_neighbors_init
                0x0000000000013b73                uip_ds6_nbr_add
                0x0000000000013c0d                uip_ds6_nbr_rm
                0x0000000000013c6c                uip_ds6_nbr_update_ll
                0x0000000000013d69                uip_ds6_nbr_get_ipaddr
                0x0000000000013d88                uip_ds6_nbr_get_ll
                0x0000000000013db5                uip_ds6_nbr_num
                0x0000000000013e0f                uip_ds6_nbr_head
                0x0000000000013e39                uip_ds6_nbr_next
                0x0000000000013e66                uip_ds6_nbr_lookup
                0x0000000000013ecd                uip_ds6_nbr_ll_lookup
                0x0000000000013efa                uip_ds6_nbr_ipaddr_from_lladdr
                0x0000000000013f2d                uip_ds6_nbr_lladdr_from_ipaddr
                0x0000000000013f6b                uip_ds6_link_callback
 .text          0x0000000000013f7b      0x7d4 build/cooja/mtype295.a(uip-nd6.o)
                0x0000000000014724                uip_nd6_init
 .text          0x000000000001474f      0x44d build/cooja/mtype295.a(simple-udp.o)
                0x000000000001478d                simple_udp_send
                0x00000000000147ff                simple_udp_sendto
                0x000000000001486a                simple_udp_sendto_port
                0x00000000000148d3                simple_udp_register
 .text          0x0000000000014b9c     0x3370 build/cooja/mtype295.a(sicslowpan.o)
                0x000000000001529a                netstack_sniffer_add
                0x00000000000152b3                netstack_sniffer_remove
                0x0000000000017ecb                sicslowpan_init
                0x0000000000017ef7                sicslowpan_get_last_rssi
 .text          0x0000000000017f0c      0x610 build/cooja/mtype295.a(rpl.o)
                0x0000000000017f0c                rpl_lollipop_greater_than
                0x0000000000017f6f                rpl_get_global_address
                0x00000000000180a5                rpl_link_callback
                0x0000000000018108                rpl_has_joined
                0x000000000001813e                rpl_is_reachable
                0x00000000000181e1                rpl_reset_prefix
                0x000000000001825d                rpl_set_prefix_from_addr
                0x000000000001836f                rpl_set_prefix
                0x00000000000184e3                rpl_set_leaf_only
                0x0000000000018506                rpl_get_leaf_only
 .text          0x000000000001851c     0x1491 build/cooja/mtype295.a(rpl-icmp6.o)
                0x0000000000018679                rpl_icmp6_update_nbr_table
                0x000000000001872b                rpl_icmp6_dis_output
                0x0000000000018d40                rpl_icmp6_dio_output
                0x0000000000019599                rpl_icmp6_dao_output
                0x00000000000198c6                rpl_icmp6_dao_ack_output
                0x000000000001994d                rpl_icmp6_init
 .text          0x00000000000199ad      0x2e4 build/cooja/mtype295.a(rpl-dag-root.o)
                0x00000000000199ad                rpl_dag_root_print_links
                0x0000000000019b06                rpl_dag_root_set_prefix
                0x0000000000019b41                rpl_dag_root_start
                0x0000000000019c4f                rpl_dag_root_is_root
 .text          0x0000000000019c91       0x6b build/cooja/mtype295.a(watchdog.o)
                0x0000000000019c91                watchdog_init
                0x0000000000019ca1                watchdog_start
                0x0000000000019cb1                watchdog_periodic
                0x0000000000019cdc                watchdog_stop
                0x0000000000019cec                watchdog_reboot
 .text          0x0000000000019cfc       0x75 build/cooja/mtype295.a(int-master.o)
                0x0000000000019cfc                int_master_enable
                0x0000000000019d16                int_master_read_and_disable
                0x0000000000019d3e                int_master_status_set
                0x0000000000019d57                int_master_is_enabled
 .text          0x0000000000019d71      0x11d build/cooja/mtype295.a(stimer.o)
                0x0000000000019d71                stimer_set
                0x0000000000019da0                stimer_reset
                0x0000000000019dd7                stimer_restart
                0x0000000000019dfd                stimer_expired
                0x0000000000019e39                stimer_remaining
                0x0000000000019e65                stimer_elapsed
 .text          0x0000000000019e8e      0x1ec build/cooja/mtype295.a(memb.o)
                0x0000000000019e8e                memb_init
                0x0000000000019ef2                memb_alloc
                0x0000000000019f5f                memb_free
                0x0000000000019fe0                memb_inmemb
                0x000000000001a029                memb_numfree
 .text          0x000000000001a07a       0x31 build/cooja/mtype295.a(assert.o)
                0x000000000001a07a                _xassert
 .text          0x000000000001a0ab      0x188 build/cooja/mtype295.a(ringbuf.o)
                0x000000000001a0ab                ringbuf_init
                0x000000000001a0e7                ringbuf_put
                0x000000000001a16f                ringbuf_get
                0x000000000001a1e6                ringbuf_size
                0x000000000001a202                ringbuf_elements
 .text          0x000000000001a233      0xb68 build/cooja/mtype295.a(nbr-table.o)
                0x000000000001a5d5                nbr_table_count_entries
                0x000000000001a682                nbr_table_gc_get_worst
                0x000000000001a6c2                nbr_table_can_accept_new
                0x000000000001a84b                nbr_table_entry_is_allowed
                0x000000000001a8eb                nbr_table_register
                0x000000000001a969                nbr_table_is_registered
                0x000000000001a9ae                nbr_table_head
                0x000000000001aa1b                nbr_table_next
                0x000000000001aa8d                nbr_table_add_lladdr
                0x000000000001abdc                nbr_table_get_from_lladdr
                0x000000000001ac39                nbr_table_remove
                0x000000000001ac84                nbr_table_lock
                0x000000000001acaa                nbr_table_unlock
                0x000000000001acd0                nbr_table_get_lladdr
                0x000000000001ad06                nbr_table_clear
                0x000000000001ad4b                nbr_table_key_head
                0x000000000001ad75                nbr_table_key_next
 .text          0x000000000001ad9b      0x450 build/cooja/mtype295.a(link-stats.o)
                0x000000000001ad9b                link_stats_from_lladdr
                0x000000000001adc8                link_stats_get_lladdr
                0x000000000001adf5                link_stats_is_fresh
                0x000000000001ae42                guess_etx_from_rssi
                0x000000000001aec8                link_stats_packet_sent
                0x000000000001b00c                link_stats_input_callback
                0x000000000001b140                link_stats_reset
                0x000000000001b1a2                link_stats_init
 .text          0x000000000001b1eb      0x1a8 build/cooja/mtype295.a(mac-sequence.o)
                0x000000000001b1eb                mac_sequence_is_duplicate
                0x000000000001b2ab                mac_sequence_register_seqno
 .text          0x000000000001b393       0x2d build/cooja/mtype295.a(mac.o)
                0x000000000001b393                mac_call_sent_callback
 .text          0x000000000001b3c0      0x477 build/cooja/mtype295.a(framer-802154.o)
                0x000000000001b563                framer_802154_setup_params
 .text          0x000000000001b837      0xc1a build/cooja/mtype295.a(frame802154.o)
                0x000000000001b872                frame802154_get_pan_id
                0x000000000001b888                frame802154_set_pan_id
                0x000000000001b8ad                frame802154_has_panid
                0x000000000001ba66                frame802154_check_dest_panid
                0x000000000001baf8                frame802154_is_broadcast_addr
                0x000000000001bb4f                frame802154_extract_linkaddr
                0x000000000001bdd8                frame802154_hdrlen
                0x000000000001be55                frame802154_create_fcf
                0x000000000001bf17                frame802154_create
                0x000000000001c0a2                frame802154_parse_fcf
                0x000000000001c18e                frame802154_parse
 .text          0x000000000001c451       0x4e build/cooja/mtype295.a(csma-security.o)
                0x000000000001c451                csma_security_create_frame
                0x000000000001c482                csma_security_parse_frame
 .text          0x000000000001c49f      0x5be build/cooja/mtype295.a(uipbuf.o)
                0x000000000001c49f                uipbuf_clear
                0x000000000001c4d6                uipbuf_add_ext_hdr
                0x000000000001c571                uipbuf_set_len
                0x000000000001c5ab                uipbuf_set_len_field
                0x000000000001c5e1                uipbuf_get_len_field
                0x000000000001c60b                uipbuf_get_next_header
                0x000000000001c747                uipbuf_get_last_header
                0x000000000001c7ca                uipbuf_search_header
                0x000000000001c88e                uipbuf_get_attr
                0x000000000001c8bf                uipbuf_set_attr
                0x000000000001c900                uipbuf_set_default_attr
                0x000000000001c941                uipbuf_clear_attr
                0x000000000001c981                uipbuf_set_attr_flag
                0x000000000001c9ad                uipbuf_clr_attr_flag
                0x000000000001c9df                uipbuf_is_attr_flag
                0x000000000001ca0d                uipbuf_init
 .text          0x000000000001ca5d      0x8b7 build/cooja/mtype295.a(uip-icmp6.o)
                0x000000000001cae2                uip_icmp6_input
                0x000000000001cb43                uip_icmp6_register_input_handler
                0x000000000001ccf7                uip_icmp6_error_output
                0x000000000001d039                uip_icmp6_send
                0x000000000001d267                uip_icmp6_echo_reply_callback_add
                0x000000000001d2aa                uip_icmp6_echo_reply_callback_rm
                0x000000000001d2d8                uip_icmp6_init
 .text          0x000000000001d314      0x772 build/cooja/mtype295.a(uip-sr.o)
                0x000000000001d314                uip_sr_num_nodes
                0x000000000001d3c0                uip_sr_get_node
                0x000000000001d427                uip_sr_is_addr_reachable
                0x000000000001d4e4                uip_sr_expire_parent
                0x000000000001d537                uip_sr_update_node
                0x000000000001d67b                uip_sr_init
                0x000000000001d6c1                uip_sr_node_head
                0x000000000001d6eb                uip_sr_node_next
                0x000000000001d711                uip_sr_periodic
                0x000000000001d82d                uip_sr_free_all
                0x000000000001d8b2                uip_sr_link_snprint
 .text          0x000000000001da86      0x1a5 build/cooja/mtype295.a(uip-packetqueue)
                0x000000000001dac6                uip_packetqueue_new
                0x000000000001dadf                uip_packetqueue_alloc
                0x000000000001db4e                uip_packetqueue_free
                0x000000000001dba6                uip_packetqueue_buf
                0x000000000001dbcd                uip_packetqueue_buflen
                0x000000000001dbf8                uip_packetqueue_set_buflen
 .text          0x000000000001dc2b      0x152 build/cooja/mtype295.a(uip-udp-packet.)
                0x000000000001dc2b                uip_udp_packet_send
                0x000000000001dca4                uip_udp_packet_sendto
 .text          0x000000000001dd7d     0x11f4 build/cooja/mtype295.a(rpl-dag.o)
                0x000000000001dd7d                rpl_dag_state_to_str
                0x000000000001ddcb                rpl_dag_get_root_ipaddr
                0x000000000001de1b                rpl_dag_leave
                0x000000000001ded1                rpl_dag_poison_and_leave
                0x000000000001defd                rpl_dag_periodic
                0x000000000001dfc2                rpl_is_addr_in_our_dag
                0x000000000001e021                rpl_get_default_instance
                0x000000000001e04b                rpl_get_any_dag
                0x000000000001e0c1                rpl_refresh_routes
                0x000000000001e124                rpl_global_repair
                0x000000000001e1f5                rpl_local_repair
                0x000000000001e25a                rpl_dag_ready_to_advertise
                0x000000000001e2b3                rpl_dag_update_state
                0x000000000001eb2f                rpl_process_dio
                0x000000000001ebca                rpl_process_dis
                0x000000000001ec20                rpl_process_dao
                0x000000000001ecc1                rpl_process_dao_ack
                0x000000000001ed7d                rpl_process_hbh
                0x000000000001eddd                rpl_dag_init_root
                0x000000000001ef3f                rpl_dag_init
 .text          0x000000000001ef71      0xaad build/cooja/mtype295.a(rpl-neighbor.o)
                0x000000000001f00d                rpl_neighbor_snprint
                0x000000000001f2f5                rpl_neighbor_print_list
                0x000000000001f3c8                rpl_neighbor_count
                0x000000000001f4ab                rpl_neighbor_get_from_lladdr
                0x000000000001f4d8                rpl_neighbor_is_acceptable_parent
                0x000000000001f51e                rpl_neighbor_get_link_metric
                0x000000000001f564                rpl_neighbor_rank_via_nbr
                0x000000000001f5aa                rpl_neighbor_get_lladdr
                0x000000000001f5d7                rpl_neighbor_get_ipaddr
                0x000000000001f60d                rpl_neighbor_get_link_stats
                0x000000000001f643                rpl_neighbor_is_fresh
                0x000000000001f679                rpl_neighbor_is_parent
                0x000000000001f6b0                rpl_neighbor_set_preferred_parent
                0x000000000001f76a                rpl_neighbor_remove_all
                0x000000000001f7d7                rpl_neighbor_get_from_ipaddr
                0x000000000001f911                rpl_neighbor_select_best
                0x000000000001f9ec                rpl_neighbor_init
 .text          0x000000000001fa1e      0xd8d build/cooja/mtype295.a(rpl-timers.o)
                0x000000000001fa1e                rpl_timers_schedule_periodic_dis
                0x000000000001fbc8                rpl_timers_dio_reset
                0x000000000001fd40                rpl_timers_schedule_unicast_dio
                0x000000000001ff13                rpl_timers_schedule_dao
                0x0000000000020019                rpl_timers_schedule_dao_ack
                0x00000000000200e8                rpl_timers_notify_dao_ack
                0x000000000002016e                get_probing_delay
                0x00000000000201b3                get_probing_target
                0x00000000000203e8                rpl_schedule_probing
                0x0000000000020434                rpl_schedule_probing_now
                0x00000000000204ce                rpl_timers_unschedule_leaving
                0x0000000000020528                rpl_timers_schedule_leaving
                0x000000000002058d                rpl_timers_init
                0x000000000002064f                rpl_timers_stop_dag_timers
                0x000000000002070c                rpl_timers_unschedule_state_update
                0x0000000000020748                rpl_timers_schedule_state_update
 .text          0x00000000000207ab      0xd42 build/cooja/mtype295.a(rpl-ext-header.)
                0x00000000000207ab                rpl_ext_header_srh_get_next_hop
                0x00000000000208b6                rpl_ext_header_srh_update
                0x0000000000020ee8                rpl_ext_header_hbh_update
                0x0000000000021267                rpl_ext_header_update
                0x0000000000021316                rpl_ext_header_remove
 .text          0x00000000000214ed       0x8d build/cooja/mtype295.a(rpl-nbr-policy.)
                0x0000000000021539                rpl_nbr_gc_get_worst
 .text          0x000000000002157a      0x39b build/cooja/mtype295.a(rpl-mrhof.o)
 *fill*         0x0000000000021915        0xb 
 .text          0x0000000000021920       0x14 /usr/lib/i386-linux-gnu/libc_nonshared.a(stack_chk_fail_local.oS)
                0x0000000000021920                __stack_chk_fail_local
 .text          0x0000000000021934        0x0 /usr/lib/gcc/i686-linux-gnu/7/crtendS.o
 .text          0x0000000000021934        0x0 /usr/lib/gcc/i686-linux-gnu/7/../../../i386-linux-gnu/crtn.o
 *(.gnu.warning)

.fini           0x0000000000021934       0x14
 *(SORT_NONE(.fini))
 .fini          0x0000000000021934        0xf /usr/lib/gcc/i686-linux-gnu/7/../../../i386-linux-gnu/crti.o
                0x0000000000021934                _fini
 .fini          0x0000000000021943        0x5 /usr/lib/gcc/i686-linux-gnu/7/../../../i386-linux-gnu/crtn.o
                [!provide]                        PROVIDE (__etext = .)
                [!provide]                        PROVIDE (_etext = .)
                [!provide]                        PROVIDE (etext = .)

.rodata         0x0000000000021948      0x5bc
 *(.rodata .rodata.* .gnu.linkonce.r.*)
 .rodata        0x0000000000021948       0x51 sink-node.o
 *fill*         0x0000000000021999        0x3 
 .rodata        0x000000000002199c       0x10 build/cooja/obj/virtual-sensor.o
 .rodata        0x00000000000219ac        0x6 build/cooja/mtype295.a(leds-arch.o)
                0x00000000000219ac                leds_arch_leds
 .rodata        0x00000000000219b2        0x4 build/cooja/mtype295.a(pir-sensor.o)
 .rodata        0x00000000000219b6        0x6 build/cooja/mtype295.a(rs232.o)
 .rodata        0x00000000000219bc        0xa build/cooja/mtype295.a(vib-sensor.o)
 *fill*         0x00000000000219c6        0x2 
 .rodata        0x00000000000219c8       0x27 build/cooja/mtype295.a(cfs-cooja.o)
 *fill*         0x00000000000219ef        0x1 
 .rodata        0x00000000000219f0       0x68 build/cooja/mtype295.a(cooja-radio.o)
 .rodata        0x0000000000021a58        0x8 build/cooja/mtype295.a(sensors.o)
 .rodata        0x0000000000021a60       0x14 build/cooja/mtype295.a(buttons.o)
                0x0000000000021a6c                button_hal_button_count
 .rodata        0x0000000000021a74       0xf4 build/cooja/mtype295.a(contiki-main.o)
 .rodata        0x0000000000021b68        0xc build/cooja/mtype295.a(etimer.o)
 .rodata        0x0000000000021b74       0xc4 build/cooja/mtype295.a(log.o)
 .rodata        0x0000000000021c38        0xf build/cooja/mtype295.a(ctimer.o)
 .rodata        0x0000000000021c47       0x13 build/cooja/mtype295.a(button-hal.o)
 .rodata        0x0000000000021c5a        0xe build/cooja/mtype295.a(serial-line.o)
 .rodata        0x0000000000021c68        0x8 build/cooja/mtype295.a(linkaddr.o)
                0x0000000000021c68                linkaddr_null
 .rodata        0x0000000000021c70        0x5 build/cooja/mtype295.a(csma.o)
 *fill*         0x0000000000021c75        0x3 
 .rodata        0x0000000000021c78       0x24 build/cooja/mtype295.a(csma-output.o)
 .rodata        0x0000000000021c9c       0x2d build/cooja/mtype295.a(uiplib.o)
 .rodata        0x0000000000021cc9        0xd build/cooja/mtype295.a(tcpip.o)
 *fill*         0x0000000000021cd6        0x2 
 .rodata        0x0000000000021cd8       0x4d build/cooja/mtype295.a(uip-ds6-route.o)
 .rodata        0x0000000000021d25       0x13 build/cooja/mtype295.a(simple-udp.o)
 .rodata        0x0000000000021d38       0x1f build/cooja/mtype295.a(sicslowpan.o)
                0x0000000000021d38                unc_llconf
                0x0000000000021d3c                unc_ctxconf
                0x0000000000021d40                unc_mxconf
                0x0000000000021d44                llprefix
 .rodata        0x0000000000021d57        0x9 build/cooja/mtype295.a(rpl.o)
 .rodata        0x0000000000021d60       0x25 build/cooja/mtype295.a(assert.o)
 .rodata        0x0000000000021d85       0x44 build/cooja/mtype295.a(uip-sr.o)
 .rodata        0x0000000000021dc9       0xd7 build/cooja/mtype295.a(rpl-dag.o)
 .rodata        0x0000000000021ea0       0x58 build/cooja/mtype295.a(rpl-neighbor.o)
 .rodata        0x0000000000021ef8        0xc build/cooja/mtype295.a(rpl-timers.o)

.rodata1
 *(.rodata1)

.eh_frame_hdr   0x0000000000021f04     0x168c
 *(.eh_frame_hdr)
 .eh_frame_hdr  0x0000000000021f04     0x168c sink-node.o
                0x0000000000021f04                __GNU_EH_FRAME_HDR
 *(.eh_frame_entry .eh_frame_entry.*)

.eh_frame       0x0000000000023590     0x6130
 *(.eh_frame)
 .eh_frame      0x0000000000023590       0x3c /usr/lib/gcc/i686-linux-gnu/7/../../../i386-linux-gnu/crti.o
                                         0x40 (size before relaxing)
 .eh_frame      0x00000000000235cc       0x14 /usr/lib/gcc/i686-linux-gnu/7/../../../i386-linux-gnu/crti.o
                                         0x2c (size before relaxing)
 .eh_frame      0x00000000000235e0       0x48 sink-node.o
                                         0x74 (size before relaxing)
 .eh_frame      0x0000000000023628      0x1ac build/cooja/mtype295.o
                                        0x1ec (size before relaxing)
 .eh_frame      0x00000000000237d4       0x64 build/cooja/obj/virtual-sensor.o
                                         0xa4 (size before relaxing)
 .eh_frame      0x0000000000023838       0x48 build/cooja/mtype295.a(simEnvChange.o)
                                         0x74 (size before relaxing)
 .eh_frame      0x0000000000023880       0x6c build/cooja/mtype295.a(cooja_mt.o)
                                         0x98 (size before relaxing)
 .eh_frame      0x00000000000238ec       0x88 build/cooja/mtype295.a(cooja_mtarch.o)
                                         0xc8 (size before relaxing)
 .eh_frame      0x0000000000023974       0xe4 build/cooja/mtype295.a(rtimer-arch.o)
                                        0x110 (size before relaxing)
 .eh_frame      0x0000000000023a58      0x160 build/cooja/mtype295.a(beep.o)
                                        0x18c (size before relaxing)
 .eh_frame      0x0000000000023bb8       0x88 build/cooja/mtype295.a(leds-arch.o)
                                         0xc8 (size before relaxing)
 .eh_frame      0x0000000000023c40       0x44 build/cooja/mtype295.a(moteid.o)
                                         0x70 (size before relaxing)
 .eh_frame      0x0000000000023c84       0xa4 build/cooja/mtype295.a(pir-sensor.o)
                                         0xe4 (size before relaxing)
 .eh_frame      0x0000000000023d28      0x110 build/cooja/mtype295.a(rs232.o)
                                        0x150 (size before relaxing)
 .eh_frame      0x0000000000023e38       0xa4 build/cooja/mtype295.a(vib-sensor.o)
                                         0xe4 (size before relaxing)
 .eh_frame      0x0000000000023edc       0xc0 build/cooja/mtype295.a(clock.o)
                                         0xec (size before relaxing)
 .eh_frame      0x0000000000023f9c      0x130 build/cooja/mtype295.a(cooja-log.o)
                                        0x170 (size before relaxing)
 .eh_frame      0x00000000000240cc      0x16c build/cooja/mtype295.a(cfs-cooja.o)
                                        0x1ac (size before relaxing)
 .eh_frame      0x0000000000024238      0x354 build/cooja/mtype295.a(cooja-radio.o)
                                        0x394 (size before relaxing)
 .eh_frame      0x000000000002458c       0xa8 build/cooja/mtype295.a(eeprom.o)
                                         0xe8 (size before relaxing)
 .eh_frame      0x0000000000024634       0x48 build/cooja/mtype295.a(random.o)
                                         0x74 (size before relaxing)
 .eh_frame      0x000000000002467c       0xd0 build/cooja/mtype295.a(sensors.o)
                                        0x110 (size before relaxing)
 .eh_frame      0x000000000002474c      0x140 build/cooja/mtype295.a(leds.o)
                                        0x180 (size before relaxing)
 .eh_frame      0x000000000002488c      0x228 build/cooja/mtype295.a(gpio-hal-arch.o)
                                        0x27c (size before relaxing)
 .eh_frame      0x0000000000024ab4       0xa4 build/cooja/mtype295.a(buttons.o)
                                         0xe4 (size before relaxing)
 .eh_frame      0x0000000000024b58       0x38 build/cooja/mtype295.a(contiki-main.o)
                                         0x64 (size before relaxing)
 .eh_frame      0x0000000000024b90       0x48 build/cooja/mtype295.a(autostart.o)
                                         0x74 (size before relaxing)
 .eh_frame      0x0000000000024bd8       0x60 build/cooja/mtype295.a(energest.o)
                                         0x8c (size before relaxing)
 .eh_frame      0x0000000000024c38      0x204 build/cooja/mtype295.a(etimer.o)
                                        0x244 (size before relaxing)
 .eh_frame      0x0000000000024e3c      0x144 build/cooja/mtype295.a(log.o)
                                        0x184 (size before relaxing)
 .eh_frame      0x0000000000024f80      0x11c build/cooja/mtype295.a(ctimer.o)
                                        0x15c (size before relaxing)
 .eh_frame      0x000000000002509c      0x1ec build/cooja/mtype295.a(process.o)
                                        0x22c (size before relaxing)
 .eh_frame      0x0000000000025288       0x6c build/cooja/mtype295.a(rtimer.o)
                                         0xc0 (size before relaxing)
 .eh_frame      0x00000000000252f4       0x20 build/cooja/mtype295.a(node-id.o)
                                         0x4c (size before relaxing)
 .eh_frame      0x0000000000025314       0xb4 build/cooja/mtype295.a(timer.o)
                                         0xe0 (size before relaxing)
 .eh_frame      0x00000000000253c8      0x1a0 build/cooja/mtype295.a(list.o)
                                        0x1cc (size before relaxing)
 .eh_frame      0x0000000000025568      0x188 build/cooja/mtype295.a(button-hal.o)
                                        0x1c8 (size before relaxing)
 .eh_frame      0x00000000000256f0       0x6c build/cooja/mtype295.a(serial-line.o)
                                         0x98 (size before relaxing)
 .eh_frame      0x000000000002575c       0xfc build/cooja/mtype295.a(gpio-hal.o)
                                        0x13c (size before relaxing)
 .eh_frame      0x0000000000025858      0x1c0 build/cooja/mtype295.a(queuebuf.o)
                                        0x200 (size before relaxing)
 .eh_frame      0x0000000000025a18      0x2b0 build/cooja/mtype295.a(packetbuf.o)
                                        0x2f0 (size before relaxing)
 .eh_frame      0x0000000000025cc8       0x90 build/cooja/mtype295.a(netstack.o)
                                         0xd0 (size before relaxing)
 .eh_frame      0x0000000000025d58       0x64 build/cooja/mtype295.a(linkaddr.o)
                                         0x90 (size before relaxing)
 .eh_frame      0x0000000000025dbc       0xf0 build/cooja/mtype295.a(csma.o)
                                        0x130 (size before relaxing)
 .eh_frame      0x0000000000025eac      0x1f8 build/cooja/mtype295.a(csma-output.o)
                                        0x238 (size before relaxing)
 .eh_frame      0x00000000000260a4      0x364 build/cooja/mtype295.a(uip-ds6.o)
                                        0x3a4 (size before relaxing)
 .eh_frame      0x0000000000026408       0x9c build/cooja/mtype295.a(uiplib.o)
                                         0xdc (size before relaxing)
 .eh_frame      0x00000000000264a4      0x270 build/cooja/mtype295.a(tcpip.o)
                                        0x2b0 (size before relaxing)
 .eh_frame      0x0000000000026714      0x260 build/cooja/mtype295.a(uip-ds6-route.o)
                                        0x2a0 (size before relaxing)
 .eh_frame      0x0000000000026974      0x20c build/cooja/mtype295.a(uip6.o)
                                        0x24c (size before relaxing)
 .eh_frame      0x0000000000026b80      0x1e8 build/cooja/mtype295.a(uip-ds6-nbr.o)
                                        0x228 (size before relaxing)
 .eh_frame      0x0000000000026d68       0x8c build/cooja/mtype295.a(uip-nd6.o)
                                         0xe0 (size before relaxing)
 .eh_frame      0x0000000000026df4       0xe8 build/cooja/mtype295.a(simple-udp.o)
                                        0x128 (size before relaxing)
 .eh_frame      0x0000000000026edc      0x354 build/cooja/mtype295.a(sicslowpan.o)
                                        0x3a8 (size before relaxing)
 .eh_frame      0x0000000000027230      0x1fc build/cooja/mtype295.a(rpl.o)
                                        0x23c (size before relaxing)
 .eh_frame      0x000000000002742c      0x1f0 build/cooja/mtype295.a(rpl-icmp6.o)
                                        0x230 (size before relaxing)
 .eh_frame      0x000000000002761c       0xb0 build/cooja/mtype295.a(rpl-dag-root.o)
                                         0xf0 (size before relaxing)
 .eh_frame      0x00000000000276cc       0xa4 build/cooja/mtype295.a(watchdog.o)
                                         0xd0 (size before relaxing)
 .eh_frame      0x0000000000027770       0x80 build/cooja/mtype295.a(int-master.o)
                                         0xac (size before relaxing)
 .eh_frame      0x00000000000277f0       0xd8 build/cooja/mtype295.a(stimer.o)
                                        0x104 (size before relaxing)
 .eh_frame      0x00000000000278c8       0xa4 build/cooja/mtype295.a(memb.o)
                                         0xe4 (size before relaxing)
 .eh_frame      0x000000000002796c       0x24 build/cooja/mtype295.a(assert.o)
                                         0x50 (size before relaxing)
 .eh_frame      0x0000000000027990       0xa0 build/cooja/mtype295.a(ringbuf.o)
                                         0xcc (size before relaxing)
 .eh_frame      0x0000000000027a30      0x428 build/cooja/mtype295.a(nbr-table.o)
                                        0x468 (size before relaxing)
 .eh_frame      0x0000000000027e58      0x140 build/cooja/mtype295.a(link-stats.o)
                                        0x180 (size before relaxing)
 .eh_frame      0x0000000000027f98       0x50 build/cooja/mtype295.a(mac-sequence.o)
                                         0x7c (size before relaxing)
 .eh_frame      0x0000000000027fe8       0x20 build/cooja/mtype295.a(mac.o)
                                         0x4c (size before relaxing)
 .eh_frame      0x0000000000028008       0xb4 build/cooja/mtype295.a(framer-802154.o)
                                         0xf4 (size before relaxing)
 .eh_frame      0x00000000000280bc      0x1b0 build/cooja/mtype295.a(frame802154.o)
                                        0x1f0 (size before relaxing)
 .eh_frame      0x000000000002826c       0x44 build/cooja/mtype295.a(csma-security.o)
                                         0x84 (size before relaxing)
 .eh_frame      0x00000000000282b0      0x204 build/cooja/mtype295.a(uipbuf.o)
                                        0x230 (size before relaxing)
 .eh_frame      0x00000000000284b4      0x170 build/cooja/mtype295.a(uip-icmp6.o)
                                        0x1b0 (size before relaxing)
 .eh_frame      0x0000000000028624      0x1ac build/cooja/mtype295.a(uip-sr.o)
                                        0x1ec (size before relaxing)
 .eh_frame      0x00000000000287d0       0xec build/cooja/mtype295.a(uip-packetqueue)
                                        0x12c (size before relaxing)
 .eh_frame      0x00000000000288bc       0x44 build/cooja/mtype295.a(uip-udp-packet.)
                                         0x84 (size before relaxing)
 .eh_frame      0x0000000000028900      0x3c0 build/cooja/mtype295.a(rpl-dag.o)
                                        0x414 (size before relaxing)
 .eh_frame      0x0000000000028cc0      0x2ec build/cooja/mtype295.a(rpl-neighbor.o)
                                        0x340 (size before relaxing)
 .eh_frame      0x0000000000028fac      0x418 build/cooja/mtype295.a(rpl-timers.o)
                                        0x458 (size before relaxing)
 .eh_frame      0x00000000000293c4      0x144 build/cooja/mtype295.a(rpl-ext-header.)
                                        0x184 (size before relaxing)
 .eh_frame      0x0000000000029508       0x48 build/cooja/mtype295.a(rpl-nbr-policy.)
                                         0x88 (size before relaxing)
 .eh_frame      0x0000000000029550      0x150 build/cooja/mtype295.a(rpl-mrhof.o)
                                        0x190 (size before relaxing)
 .eh_frame      0x00000000000296a0       0x1c /usr/lib/i386-linux-gnu/libc_nonshared.a(stack_chk_fail_local.oS)
                                         0x48 (size before relaxing)
 .eh_frame      0x00000000000296bc        0x4 /usr/lib/gcc/i686-linux-gnu/7/crtendS.o
 *(.eh_frame.*)

.gcc_except_table
 *(.gcc_except_table .gcc_except_table.*)

.gnu_extab
 *(.gnu_extab*)

.exception_ranges
 *(.exception_ranges .exception_ranges*)
                0x000000000002ac18                . = DATA_SEGMENT_ALIGN (CONSTANT (MAXPAGESIZE), CONSTANT (COMMONPAGESIZE))

.eh_frame
 *(.eh_frame)
 *(.eh_frame.*)

.gnu_extab
 *(.gnu_extab)

.gcc_except_table
 *(.gcc_except_table .gcc_except_table.*)

.exception_ranges
 *(.exception_ranges .exception_ranges*)

.tdata
 *(.tdata .tdata.* .gnu.linkonce.td.*)

.tbss
 *(.tbss .tbss.* .gnu.linkonce.tb.*)
 *(.tcommon)

.preinit_array
 *(.preinit_array)

.init_array     0x000000000002ac18        0x4
 *(SORT_BY_INIT_PRIORITY(.init_array.*) SORT_BY_INIT_PRIORITY(.ctors.*))
 *(.init_array EXCLUDE_FILE(*crtend?.o *crtend.o *crtbegin?.o *crtbegin.o) .ctors)
 .init_array    0x000000000002ac18        0x4 /usr/lib/gcc/i686-linux-gnu/7/crtbeginS.o

.fini_array     0x000000000002ac1c        0x4
 *(SORT_BY_INIT_PRIORITY(.fini_array.*) SORT_BY_INIT_PRIORITY(.dtors.*))
 *(.fini_array EXCLUDE_FILE(*crtend?.o *crtend.o *crtbegin?.o *crtbegin.o) .dtors)
 .fini_array    0x000000000002ac1c        0x4 /usr/lib/gcc/i686-linux-gnu/7/crtbeginS.o

.ctors
 *crtbegin.o(.ctors)
 *crtbegin?.o(.ctors)
 *(EXCLUDE_FILE(*crtend?.o *crtend.o) .ctors)
 *(SORT_BY_NAME(.ctors.*))
 *(.ctors)

.dtors
 *crtbegin.o(.dtors)
 *crtbegin?.o(.dtors)
 *(EXCLUDE_FILE(*crtend?.o *crtend.o) .dtors)
 *(SORT_BY_NAME(.dtors.*))
 *(.dtors)

.jcr
 *(.jcr)

.data.rel.ro    0x000000000002ac20      0x198
 *(.data.rel.ro.local* .gnu.linkonce.d.rel.ro.local.*)
 .data.rel.ro.local
                0x000000000002ac20        0x8 sink-node.o
                0x000000000002ac20                autostart_processes
 .data.rel.ro.local
                0x000000000002ac28        0x8 build/cooja/mtype295.a(beep.o)
                0x000000000002ac28                beep_interface
 .data.rel.ro.local
                0x000000000002ac30        0x8 build/cooja/mtype295.a(leds-arch.o)
                0x000000000002ac30                leds_interface
 .data.rel.ro.local
                0x000000000002ac38        0x8 build/cooja/mtype295.a(moteid.o)
                0x000000000002ac38                moteid_interface
 .data.rel.ro.local
                0x000000000002ac40       0x18 build/cooja/mtype295.a(pir-sensor.o)
                0x000000000002ac40                pir_interface
                0x000000000002ac48                pir_sensor
 .data.rel.ro.local
                0x000000000002ac58        0x8 build/cooja/mtype295.a(rs232.o)
                0x000000000002ac58                rs232_interface
 .data.rel.ro.local
                0x000000000002ac60       0x18 build/cooja/mtype295.a(vib-sensor.o)
                0x000000000002ac60                vib_interface
                0x000000000002ac68                vib_sensor
 .data.rel.ro.local
                0x000000000002ac78        0x8 build/cooja/mtype295.a(clock.o)
                0x000000000002ac78                clock_interface
 .data.rel.ro.local
                0x000000000002ac80        0x8 build/cooja/mtype295.a(cooja-log.o)
                0x000000000002ac80                simlog_interface
 .data.rel.ro.local
                0x000000000002ac88        0x8 build/cooja/mtype295.a(cfs-cooja.o)
                0x000000000002ac88                cfs_interface
 *fill*         0x000000000002ac90       0x10 
 .data.rel.ro.local
                0x000000000002aca0       0x58 build/cooja/mtype295.a(cooja-radio.o)
                0x000000000002aca0                radio_interface
                0x000000000002acc0                cooja_radio_driver
 .data.rel.ro.local
                0x000000000002acf8        0x8 build/cooja/mtype295.a(eeprom.o)
                0x000000000002acf8                eeprom_interface
 .data.rel.ro.local
                0x000000000002ad00       0x18 build/cooja/mtype295.a(buttons.o)
                0x000000000002ad00                button_interface
                0x000000000002ad08                button_sensor
 .data.rel.ro.local
                0x000000000002ad18       0x1c build/cooja/mtype295.a(csma.o)
                0x000000000002ad18                csma_driver
 .data.rel.ro.local
                0x000000000002ad34       0x10 build/cooja/mtype295.a(sicslowpan.o)
                0x000000000002ad34                sicslowpan_driver
 .data.rel.ro.local
                0x000000000002ad44        0xc build/cooja/mtype295.a(framer-802154.o)
                0x000000000002ad44                framer_802154
 *(.data.rel.ro .data.rel.ro.* .gnu.linkonce.d.rel.ro.*)
 .data.rel.ro   0x000000000002ad50        0x0 /usr/lib/gcc/i686-linux-gnu/7/../../../i386-linux-gnu/crti.o
 *fill*         0x000000000002ad50       0x10 
 .data.rel.ro   0x000000000002ad60       0x54 build/cooja/mtype295.a(rpl.o)
                0x000000000002ad60                rpl_lite_driver
 .data.rel.ro   0x000000000002adb4        0x4 build/cooja/mtype295.a(rpl-dag.o)

.dynamic        0x000000000002adb8       0xf0
 *(.dynamic)
 .dynamic       0x000000000002adb8       0xf0 /usr/lib/gcc/i686-linux-gnu/7/../../../i386-linux-gnu/crti.o
                0x000000000002adb8                _DYNAMIC

.got            0x000000000002aea8      0x148
 *(.got)
 .got           0x000000000002aea8      0x148 /usr/lib/gcc/i686-linux-gnu/7/../../../i386-linux-gnu/crti.o
 *(.igot)
                0x000000000002aff4                . = DATA_SEGMENT_RELRO_END (., (SIZEOF (.got.plt) >= 0xc)?0xc:0x0)

.got.plt        0x000000000002b000      0x4a8
 *(.got.plt)
 .got.plt       0x000000000002b000      0x4a8 /usr/lib/gcc/i686-linux-gnu/7/../../../i386-linux-gnu/crti.o
                0x000000000002b000                _GLOBAL_OFFSET_TABLE_
 *(.igot.plt)

.data           0x000000000002b4c0      0x384
 *(.data .data.* .gnu.linkonce.d.*)
 .data          0x000000000002b4c0        0x0 /usr/lib/gcc/i686-linux-gnu/7/../../../i386-linux-gnu/crti.o
 .data          0x000000000002b4c0        0x0 /usr/lib/gcc/i686-linux-gnu/7/crtbeginS.o
 .data.rel.local
                0x000000000002b4c0        0x4 /usr/lib/gcc/i686-linux-gnu/7/crtbeginS.o
                0x000000000002b4c0                __dso_handle
 .data          0x000000000002b4c4        0x0 sink-node.o
 .data.rel.local
                0x000000000002b4c4       0x10 sink-node.o
                0x000000000002b4c4                sink_node
 .data          0x000000000002b4d4        0x0 build/cooja/mtype295.o
 *fill*         0x000000000002b4d4        0xc 
 .data.rel      0x000000000002b4e0       0x44 build/cooja/mtype295.o
                0x000000000002b4e0                simInterfaces
                0x000000000002b514                sensors
 .data          0x000000000002b524        0x0 build/cooja/obj/virtual-sensor.o
 .data          0x000000000002b524        0x0 build/cooja/mtype295.a(simEnvChange.o)
 .data          0x000000000002b524        0x0 build/cooja/mtype295.a(cooja_mt.o)
 .data          0x000000000002b524        0x0 build/cooja/mtype295.a(cooja_mtarch.o)
 .data          0x000000000002b524        0x0 build/cooja/mtype295.a(rtimer-arch.o)
 .data          0x000000000002b524        0x0 build/cooja/mtype295.a(beep.o)
 .data          0x000000000002b524        0x0 build/cooja/mtype295.a(leds-arch.o)
 .data          0x000000000002b524        0x0 build/cooja/mtype295.a(moteid.o)
 .data          0x000000000002b524        0x0 build/cooja/mtype295.a(pir-sensor.o)
 .data          0x000000000002b524        0x0 build/cooja/mtype295.a(rs232.o)
 .data          0x000000000002b524        0x0 build/cooja/mtype295.a(vib-sensor.o)
 .data          0x000000000002b524        0x0 build/cooja/mtype295.a(clock.o)
 .data          0x000000000002b524        0x0 build/cooja/mtype295.a(cooja-log.o)
 .data          0x000000000002b524        0x0 build/cooja/mtype295.a(cfs-cooja.o)
 .data          0x000000000002b524       0x1c build/cooja/mtype295.a(cooja-radio.o)
                0x000000000002b524                simRadioHWOn
                0x000000000002b528                simSignalStrength
                0x000000000002b52c                simLastSignalStrength
                0x000000000002b530                simPower
                0x000000000002b534                simRadioChannel
                0x000000000002b538                simLQI
 .data.rel.local
                0x000000000002b540       0x10 build/cooja/mtype295.a(cooja-radio.o)
                0x000000000002b540                cooja_radio_process
 .data          0x000000000002b550        0x0 build/cooja/mtype295.a(eeprom.o)
 .data          0x000000000002b550        0x0 build/cooja/mtype295.a(random.o)
 .data          0x000000000002b550        0x0 build/cooja/mtype295.a(sensors.o)
 .data.rel.local
                0x000000000002b550       0x10 build/cooja/mtype295.a(sensors.o)
                0x000000000002b550                sensors_process
 .data          0x000000000002b560        0x0 build/cooja/mtype295.a(leds.o)
 .data          0x000000000002b560        0x0 build/cooja/mtype295.a(gpio-hal-arch.o)
 .data          0x000000000002b560        0x1 build/cooja/mtype295.a(buttons.o)
                0x000000000002b560                simButtonIsActive
 *fill*         0x000000000002b561       0x1f 
 .data.rel.local
                0x000000000002b580       0x58 build/cooja/mtype295.a(buttons.o)
                0x000000000002b5d0                button_hal_buttons
 .data          0x000000000002b5d8        0x0 build/cooja/mtype295.a(contiki-main.o)
 .data          0x000000000002b5d8        0x0 build/cooja/mtype295.a(autostart.o)
 .data          0x000000000002b5d8        0x0 build/cooja/mtype295.a(energest.o)
 .data          0x000000000002b5d8        0x0 build/cooja/mtype295.a(etimer.o)
 .data.rel.local
                0x000000000002b5d8       0x10 build/cooja/mtype295.a(etimer.o)
                0x000000000002b5d8                etimer_process
 .data          0x000000000002b5e8        0x4 build/cooja/mtype295.a(log.o)
                0x000000000002b5e8                curr_log_level_main
 *fill*         0x000000000002b5ec       0x14 
 .data.rel.local
                0x000000000002b600       0x9c build/cooja/mtype295.a(log.o)
                0x000000000002b600                all_modules
 .data          0x000000000002b69c        0x0 build/cooja/mtype295.a(ctimer.o)
 .data.rel.local
                0x000000000002b69c       0x14 build/cooja/mtype295.a(ctimer.o)
                0x000000000002b6a0                ctimer_process
 .data          0x000000000002b6b0        0x0 build/cooja/mtype295.a(process.o)
 .data          0x000000000002b6b0        0x0 build/cooja/mtype295.a(rtimer.o)
 .data          0x000000000002b6b0        0x0 build/cooja/mtype295.a(node-id.o)
 .data          0x000000000002b6b0        0x0 build/cooja/mtype295.a(timer.o)
 .data          0x000000000002b6b0        0x0 build/cooja/mtype295.a(list.o)
 .data          0x000000000002b6b0        0x0 build/cooja/mtype295.a(button-hal.o)
 .data.rel.local
                0x000000000002b6b0       0x10 build/cooja/mtype295.a(button-hal.o)
                0x000000000002b6b0                button_hal_process
 .data          0x000000000002b6c0        0x0 build/cooja/mtype295.a(serial-line.o)
 .data.rel.local
                0x000000000002b6c0       0x10 build/cooja/mtype295.a(serial-line.o)
                0x000000000002b6c0                serial_line_process
 .data          0x000000000002b6d0        0x0 build/cooja/mtype295.a(gpio-hal.o)
 .data.rel.local
                0x000000000002b6d0        0x4 build/cooja/mtype295.a(gpio-hal.o)
 .data          0x000000000002b6d4        0x0 build/cooja/mtype295.a(queuebuf.o)
 .data.rel.local
                0x000000000002b6d4       0x18 build/cooja/mtype295.a(queuebuf.o)
 .data          0x000000000002b6ec        0x0 build/cooja/mtype295.a(packetbuf.o)
 .data.rel.local
                0x000000000002b6ec        0x4 build/cooja/mtype295.a(packetbuf.o)
 .data          0x000000000002b6f0        0x0 build/cooja/mtype295.a(netstack.o)
 .data.rel.local
                0x000000000002b6f0        0x4 build/cooja/mtype295.a(netstack.o)
 .data          0x000000000002b6f4        0x0 build/cooja/mtype295.a(linkaddr.o)
 .data          0x000000000002b6f4        0x0 build/cooja/mtype295.a(csma.o)
 .data          0x000000000002b6f4        0x0 build/cooja/mtype295.a(csma-output.o)
 .data.rel.local
                0x000000000002b6f4       0x28 build/cooja/mtype295.a(csma-output.o)
 .data          0x000000000002b71c        0x0 build/cooja/mtype295.a(uip-ds6.o)
 .data          0x000000000002b71c        0x0 build/cooja/mtype295.a(uiplib.o)
 .data          0x000000000002b71c        0x0 build/cooja/mtype295.a(tcpip.o)
 .data.rel.local
                0x000000000002b71c       0x10 build/cooja/mtype295.a(tcpip.o)
                0x000000000002b71c                tcpip_process
 .data          0x000000000002b72c        0x0 build/cooja/mtype295.a(uip-ds6-route.o)
 .data.rel.local
                0x000000000002b72c       0x10 build/cooja/mtype295.a(uip-ds6-route.o)
 .data          0x000000000002b73c        0x0 build/cooja/mtype295.a(uip6.o)
 .data          0x000000000002b73c        0x0 build/cooja/mtype295.a(uip-ds6-nbr.o)
 .data.rel.local
                0x000000000002b73c       0x14 build/cooja/mtype295.a(uip-ds6-nbr.o)
 .data          0x000000000002b750        0x0 build/cooja/mtype295.a(uip-nd6.o)
 .data.rel.local
                0x000000000002b750        0xc build/cooja/mtype295.a(uip-nd6.o)
 .data          0x000000000002b75c        0x0 build/cooja/mtype295.a(simple-udp.o)
 .data.rel.local
                0x000000000002b75c       0x10 build/cooja/mtype295.a(simple-udp.o)
                0x000000000002b75c                simple_udp_process
 .data          0x000000000002b76c        0x0 build/cooja/mtype295.a(sicslowpan.o)
 .data          0x000000000002b76c        0x0 build/cooja/mtype295.a(rpl.o)
 .data          0x000000000002b76c        0x0 build/cooja/mtype295.a(rpl-icmp6.o)
 .data.rel.local
                0x000000000002b76c       0x30 build/cooja/mtype295.a(rpl-icmp6.o)
 .data          0x000000000002b79c        0x0 build/cooja/mtype295.a(rpl-dag-root.o)
 .data          0x000000000002b79c        0x0 build/cooja/mtype295.a(watchdog.o)
 .data          0x000000000002b79c        0x0 build/cooja/mtype295.a(int-master.o)
 .data          0x000000000002b79c        0x0 build/cooja/mtype295.a(stimer.o)
 .data          0x000000000002b79c        0x0 build/cooja/mtype295.a(memb.o)
 .data          0x000000000002b79c        0x0 build/cooja/mtype295.a(assert.o)
 .data          0x000000000002b79c        0x0 build/cooja/mtype295.a(ringbuf.o)
 .data          0x000000000002b79c        0x0 build/cooja/mtype295.a(nbr-table.o)
 .data.rel.local
                0x000000000002b79c       0x10 build/cooja/mtype295.a(nbr-table.o)
 .data          0x000000000002b7ac        0x0 build/cooja/mtype295.a(link-stats.o)
 .data.rel.local
                0x000000000002b7ac       0x14 build/cooja/mtype295.a(link-stats.o)
 .data          0x000000000002b7c0        0x0 build/cooja/mtype295.a(mac-sequence.o)
 .data          0x000000000002b7c0        0x0 build/cooja/mtype295.a(mac.o)
 .data          0x000000000002b7c0        0x0 build/cooja/mtype295.a(framer-802154.o)
 .data          0x000000000002b7c0        0x2 build/cooja/mtype295.a(frame802154.o)
 .data          0x000000000002b7c2        0x0 build/cooja/mtype295.a(csma-security.o)
 .data          0x000000000002b7c2        0x0 build/cooja/mtype295.a(uipbuf.o)
 .data          0x000000000002b7c2        0x0 build/cooja/mtype295.a(uip-icmp6.o)
 *fill*         0x000000000002b7c2        0x2 
 .data.rel.local
                0x000000000002b7c4       0x20 build/cooja/mtype295.a(uip-icmp6.o)
 .data          0x000000000002b7e4        0x0 build/cooja/mtype295.a(uip-sr.o)
 .data.rel.local
                0x000000000002b7e4       0x10 build/cooja/mtype295.a(uip-sr.o)
 .data          0x000000000002b7f4        0x0 build/cooja/mtype295.a(uip-packetqueue)
 .data.rel.local
                0x000000000002b7f4        0xc build/cooja/mtype295.a(uip-packetqueue)
 .data          0x000000000002b800        0x0 build/cooja/mtype295.a(uip-udp-packet.)
 .data          0x000000000002b800        0x0 build/cooja/mtype295.a(rpl-dag.o)
 .data          0x000000000002b800        0x0 build/cooja/mtype295.a(rpl-neighbor.o)
 .data.rel.local
                0x000000000002b800       0x14 build/cooja/mtype295.a(rpl-neighbor.o)
                0x000000000002b810                rpl_neighbors
 .data          0x000000000002b814        0x0 build/cooja/mtype295.a(rpl-timers.o)
 .data          0x000000000002b814        0x0 build/cooja/mtype295.a(rpl-ext-header.)
 .data          0x000000000002b814        0x0 build/cooja/mtype295.a(rpl-nbr-policy.)
 .data          0x000000000002b814        0x0 build/cooja/mtype295.a(rpl-mrhof.o)
 *fill*         0x000000000002b814        0xc 
 .data.rel.local
                0x000000000002b820       0x24 build/cooja/mtype295.a(rpl-mrhof.o)
                0x000000000002b820                rpl_mrhof
 .data          0x000000000002b844        0x0 /usr/lib/i386-linux-gnu/libc_nonshared.a(stack_chk_fail_local.oS)
 .data          0x000000000002b844        0x0 /usr/lib/gcc/i686-linux-gnu/7/crtendS.o
 .data          0x000000000002b844        0x0 /usr/lib/gcc/i686-linux-gnu/7/../../../i386-linux-gnu/crtn.o

.tm_clone_table
                0x000000000002b844        0x0
 .tm_clone_table
                0x000000000002b844        0x0 /usr/lib/gcc/i686-linux-gnu/7/crtbeginS.o
 .tm_clone_table
                0x000000000002b844        0x0 /usr/lib/gcc/i686-linux-gnu/7/crtendS.o

.data1
 *(.data1)
                0x000000000002b844                _edata = .
                [!provide]                        PROVIDE (edata = .)
                0x000000000002b844                . = .
                0x000000000002b844                __bss_start = .

.bss            0x000000000002b860    0x13d04
 *(.dynbss)
 .dynbss        0x000000000002b860        0x0 /usr/lib/gcc/i686-linux-gnu/7/../../../i386-linux-gnu/crti.o
 *(.bss .bss.* .gnu.linkonce.b.*)
 .bss           0x000000000002b860        0x0 /usr/lib/gcc/i686-linux-gnu/7/../../../i386-linux-gnu/crti.o
 .bss           0x000000000002b860        0x1 /usr/lib/gcc/i686-linux-gnu/7/crtbeginS.o
 *fill*         0x000000000002b861       0x1f 
 .bss           0x000000000002b880       0x24 sink-node.o
 *fill*         0x000000000002b8a4       0x1c 
 .bss           0x000000000002b8c0     0x2040 build/cooja/mtype295.o
 .bss           0x000000000002d900        0x0 build/cooja/obj/virtual-sensor.o
 .bss           0x000000000002d900        0x1 build/cooja/mtype295.a(simEnvChange.o)
                0x000000000002d900                simDontFallAsleep
 *fill*         0x000000000002d901        0x3 
 .bss           0x000000000002d904        0x4 build/cooja/mtype295.a(cooja_mt.o)
 .bss           0x000000000002d908        0x4 build/cooja/mtype295.a(cooja_mtarch.o)
 .bss           0x000000000002d90c        0x0 build/cooja/mtype295.a(rtimer-arch.o)
 .bss           0x000000000002d90c        0x0 build/cooja/mtype295.a(beep.o)
 .bss           0x000000000002d90c        0x1 build/cooja/mtype295.a(leds-arch.o)
                0x000000000002d90c                simLedsValue
 .bss           0x000000000002d90d        0x0 build/cooja/mtype295.a(moteid.o)
 .bss           0x000000000002d90d        0x1 build/cooja/mtype295.a(pir-sensor.o)
                0x000000000002d90d                simPirValue
 *fill*         0x000000000002d90e        0x2 
 .bss           0x000000000002d910        0x4 build/cooja/mtype295.a(rs232.o)
 .bss           0x000000000002d914        0x1 build/cooja/mtype295.a(vib-sensor.o)
                0x000000000002d914                simVibValue
 .bss           0x000000000002d915        0x0 build/cooja/mtype295.a(clock.o)
 *fill*         0x000000000002d915        0xb 
 .bss           0x000000000002d920     0x2020 build/cooja/mtype295.a(cooja-log.o)
 .bss           0x000000000002f940      0xfc0 build/cooja/mtype295.a(cfs-cooja.o)
                0x000000000002f940                simCFSData
                0x00000000000308e0                simCFSSize
                0x00000000000308e4                simCFSChanged
                0x00000000000308e8                simCFSRead
                0x00000000000308ec                simCFSWritten
 .bss           0x0000000000030900       0x24 build/cooja/mtype295.a(cooja-radio.o)
                0x0000000000030900                simReceiving
                0x0000000000030904                simInSize
                0x0000000000030908                simLastPacketTimestamp
                0x0000000000030910                simOutSize
 .bss           0x0000000000030924        0xc build/cooja/mtype295.a(eeprom.o)
                0x0000000000030924                simEEPROMChanged
                0x0000000000030928                simEEPROMRead
                0x000000000003092c                simEEPROMWritten
 .bss           0x0000000000030930        0x0 build/cooja/mtype295.a(random.o)
 .bss           0x0000000000030930        0xc build/cooja/mtype295.a(sensors.o)
 .bss           0x000000000003093c        0x0 build/cooja/mtype295.a(leds.o)
 .bss           0x000000000003093c       0x24 build/cooja/mtype295.a(gpio-hal-arch.o)
 .bss           0x0000000000030960        0x0 build/cooja/mtype295.a(buttons.o)
 .bss           0x0000000000030960        0x0 build/cooja/mtype295.a(contiki-main.o)
 .bss           0x0000000000030960        0x0 build/cooja/mtype295.a(autostart.o)
 .bss           0x0000000000030960        0x0 build/cooja/mtype295.a(energest.o)
 .bss           0x0000000000030960        0x8 build/cooja/mtype295.a(etimer.o)
 .bss           0x0000000000030968       0x2c build/cooja/mtype295.a(log.o)
                0x0000000000030968                curr_log_level_rpl
                0x000000000003096c                curr_log_level_tcpip
                0x0000000000030970                curr_log_level_ipv6
                0x0000000000030974                curr_log_level_6lowpan
                0x0000000000030978                curr_log_level_nullnet
                0x000000000003097c                curr_log_level_mac
                0x0000000000030980                curr_log_level_framer
                0x0000000000030984                curr_log_level_6top
                0x0000000000030988                curr_log_level_coap
                0x000000000003098c                curr_log_level_snmp
                0x0000000000030990                curr_log_level_lwm2m
 .bss           0x0000000000030994        0x5 build/cooja/mtype295.a(ctimer.o)
 *fill*         0x0000000000030999        0x7 
 .bss           0x00000000000309a0      0x1a1 build/cooja/mtype295.a(process.o)
                0x00000000000309a0                process_list
                0x00000000000309a4                process_current
 *fill*         0x0000000000030b41        0x3 
 .bss           0x0000000000030b44        0x4 build/cooja/mtype295.a(rtimer.o)
 .bss           0x0000000000030b48        0x2 build/cooja/mtype295.a(node-id.o)
                0x0000000000030b48                node_id
 .bss           0x0000000000030b4a        0x0 build/cooja/mtype295.a(timer.o)
 .bss           0x0000000000030b4a        0x0 build/cooja/mtype295.a(list.o)
 *fill*         0x0000000000030b4a        0x2 
 .bss           0x0000000000030b4c       0x10 build/cooja/mtype295.a(button-hal.o)
 *fill*         0x0000000000030b5c        0x4 
 .bss           0x0000000000030b60      0x140 build/cooja/mtype295.a(serial-line.o)
 .bss           0x0000000000030ca0        0x4 build/cooja/mtype295.a(gpio-hal.o)
 *fill*         0x0000000000030ca4       0x1c 
 .bss           0x0000000000030cc0     0x2c80 build/cooja/mtype295.a(queuebuf.o)
 .bss           0x0000000000033940       0xa0 build/cooja/mtype295.a(packetbuf.o)
 .bss           0x00000000000339e0        0x4 build/cooja/mtype295.a(netstack.o)
 .bss           0x00000000000339e4        0x0 build/cooja/mtype295.a(linkaddr.o)
 .bss           0x00000000000339e4        0x0 build/cooja/mtype295.a(csma.o)
 *fill*         0x00000000000339e4       0x1c 
 .bss           0x0000000000033a00      0x726 build/cooja/mtype295.a(csma-output.o)
 *fill*         0x0000000000034126        0x2 
 .bss           0x0000000000034128       0x30 build/cooja/mtype295.a(uip-ds6.o)
 .bss           0x0000000000034158        0x0 build/cooja/mtype295.a(uiplib.o)
 .bss           0x0000000000034158       0x10 build/cooja/mtype295.a(tcpip.o)
 *fill*         0x0000000000034168       0x18 
 .bss           0x0000000000034180       0x60 build/cooja/mtype295.a(uip-ds6-route.o)
 .bss           0x00000000000341e0        0x8 build/cooja/mtype295.a(uip6.o)
                0x00000000000341e0                uip_ext_bitmap
                0x00000000000341e2                uip_ext_len
                0x00000000000341e4                uip_last_proto
 *fill*         0x00000000000341e8       0x18 
 .bss           0x0000000000034200     0x1c20 build/cooja/mtype295.a(uip-ds6-nbr.o)
 .bss           0x0000000000035e20       0x10 build/cooja/mtype295.a(uip-nd6.o)
 *fill*         0x0000000000035e30       0x10 
 .bss           0x0000000000035e40      0x520 build/cooja/mtype295.a(simple-udp.o)
 .bss           0x0000000000036360      0x724 build/cooja/mtype295.a(sicslowpan.o)
 .bss           0x0000000000036a84        0x1 build/cooja/mtype295.a(rpl.o)
 .bss           0x0000000000036a85        0x0 build/cooja/mtype295.a(rpl-icmp6.o)
 *fill*         0x0000000000036a85        0x3 
 .bss           0x0000000000036a88       0x11 build/cooja/mtype295.a(rpl-dag-root.o)
 .bss           0x0000000000036a99        0x0 build/cooja/mtype295.a(watchdog.o)
 *fill*         0x0000000000036a99        0x3 
 .bss           0x0000000000036a9c        0x4 build/cooja/mtype295.a(int-master.o)
 .bss           0x0000000000036aa0        0x0 build/cooja/mtype295.a(stimer.o)
 .bss           0x0000000000036aa0        0x0 build/cooja/mtype295.a(memb.o)
 .bss           0x0000000000036aa0        0x0 build/cooja/mtype295.a(assert.o)
 .bss           0x0000000000036aa0        0x0 build/cooja/mtype295.a(ringbuf.o)
 .bss           0x0000000000036aa0     0x1214 build/cooja/mtype295.a(nbr-table.o)
 *fill*         0x0000000000037cb4        0xc 
 .bss           0x0000000000037cc0      0xe10 build/cooja/mtype295.a(link-stats.o)
 *fill*         0x0000000000038ad0       0x10 
 .bss           0x0000000000038ae0      0x100 build/cooja/mtype295.a(mac-sequence.o)
 .bss           0x0000000000038be0        0x0 build/cooja/mtype295.a(mac.o)
 .bss           0x0000000000038be0        0x2 build/cooja/mtype295.a(framer-802154.o)
 .bss           0x0000000000038be2        0x0 build/cooja/mtype295.a(frame802154.o)
 .bss           0x0000000000038be2        0x0 build/cooja/mtype295.a(csma-security.o)
 *fill*         0x0000000000038be2        0x2 
 .bss           0x0000000000038be4       0x20 build/cooja/mtype295.a(uipbuf.o)
 .bss           0x0000000000038c04       0x18 build/cooja/mtype295.a(uip-icmp6.o)
 *fill*         0x0000000000038c1c        0x4 
 .bss           0x0000000000038c20     0x1d80 build/cooja/mtype295.a(uip-sr.o)
 .bss           0x000000000003a9a0      0xa78 build/cooja/mtype295.a(uip-packetqueue)
 .bss           0x000000000003b418        0x0 build/cooja/mtype295.a(uip-udp-packet.)
 .bss           0x000000000003b418        0x0 build/cooja/mtype295.a(rpl-dag.o)
 *fill*         0x000000000003b418        0x8 
 .bss           0x000000000003b420      0x960 build/cooja/mtype295.a(rpl-neighbor.o)
 .bss           0x000000000003bd80       0x40 build/cooja/mtype295.a(rpl-timers.o)
 .bss           0x000000000003bdc0        0x0 build/cooja/mtype295.a(rpl-ext-header.)
 .bss           0x000000000003bdc0        0x0 build/cooja/mtype295.a(rpl-nbr-policy.)
 .bss           0x000000000003bdc0        0x0 build/cooja/mtype295.a(rpl-mrhof.o)
 .bss           0x000000000003bdc0        0x0 /usr/lib/i386-linux-gnu/libc_nonshared.a(stack_chk_fail_local.oS)
 .bss           0x000000000003bdc0        0x0 /usr/lib/gcc/i686-linux-gnu/7/crtendS.o
 .bss           0x000000000003bdc0        0x0 /usr/lib/gcc/i686-linux-gnu/7/../../../i386-linux-gnu/crtn.o
 *(COMMON)
 COMMON         0x000000000003bdc0        0x8 build/cooja/mtype295.o
                0x000000000003bdc0                referenceVar
                0x000000000003bdc4                sensors_flags
 COMMON         0x000000000003bdc8        0xc build/cooja/mtype295.a(simEnvChange.o)
                0x000000000003bdc8                simEtimerPending
                0x000000000003bdcc                simProcessRunValue
                0x000000000003bdd0                simEtimerNextExpirationTime
 *fill*         0x000000000003bdd4        0x4 
 COMMON         0x000000000003bdd8       0x18 build/cooja/mtype295.a(rtimer-arch.o)
                0x000000000003bdd8                simRtimerPending
                0x000000000003bde0                simRtimerCurrentTicks
                0x000000000003bde8                simRtimerNextExpirationTime
 COMMON         0x000000000003bdf0        0x1 build/cooja/mtype295.a(beep.o)
                0x000000000003bdf0                simBeeped
 *fill*         0x000000000003bdf1        0x3 
 COMMON         0x000000000003bdf4        0xc build/cooja/mtype295.a(moteid.o)
                0x000000000003bdf4                simRandomSeed
                0x000000000003bdf8                simMoteIDChanged
                0x000000000003bdfc                simMoteID
 COMMON         0x000000000003be00        0x2 build/cooja/mtype295.a(pir-sensor.o)
                0x000000000003be00                simPirIsActive
                0x000000000003be01                simPirChanged
 *fill*         0x000000000003be02       0x1e 
 COMMON         0x000000000003be20      0x820 build/cooja/mtype295.a(rs232.o)
                0x000000000003be20                simSerialReceivingFlag
                0x000000000003be24                simSerialReceivingLength
                0x000000000003be40                simSerialReceivingData
 COMMON         0x000000000003c640        0x2 build/cooja/mtype295.a(vib-sensor.o)
                0x000000000003c640                simVibChanged
                0x000000000003c641                simVibIsActive
 *fill*         0x000000000003c642        0x2 
 COMMON         0x000000000003c644        0x4 build/cooja/mtype295.a(clock.o)
                0x000000000003c644                simCurrentTime
 *fill*         0x000000000003c648       0x18 
 COMMON         0x000000000003c660     0x2020 build/cooja/mtype295.a(cooja-log.o)