Archive member included to satisfy reference by file (symbol)

build/cooja/mtype827.a(simEnvChange.o)
                              build/cooja/mtype827.o (simDontFallAsleep)
build/cooja/mtype827.a(cooja_mt.o)
                              build/cooja/mtype827.o (cooja_mt_start)
build/cooja/mtype827.a(cooja_mtarch.o)
                              build/cooja/mtype827.a(cooja_mt.o) (cooja_mtarch_start)
build/cooja/mtype827.a(rtimer-arch.o)
                              build/cooja/mtype827.o (rtimer_arch_check)
build/cooja/mtype827.a(beep.o)
                              build/cooja/mtype827.o (beep_interface)
build/cooja/mtype827.a(leds-arch.o)
                              build/cooja/mtype827.o (leds_interface)
build/cooja/mtype827.a(moteid.o)
                              build/cooja/mtype827.o (moteid_interface)
build/cooja/mtype827.a(pir-sensor.o)
                              build/cooja/mtype827.o (pir_interface)
build/cooja/mtype827.a(rs232.o)
                              build/cooja/mtype827.o (rs232_interface)
build/cooja/mtype827.a(vib-sensor.o)
                              build/cooja/mtype827.o (vib_interface)
build/cooja/mtype827.a(clock.o)
                              build/cooja/mtype827.o (clock_interface)
build/cooja/mtype827.a(cooja-log.o)
                              build/cooja/mtype827.o (simlog_interface)
build/cooja/mtype827.a(cfs-cooja.o)
                              build/cooja/mtype827.o (cfs_interface)
build/cooja/mtype827.a(cooja-radio.o)
                              build/cooja/mtype827.o (radio_interface)
build/cooja/mtype827.a(eeprom.o)
                              build/cooja/mtype827.o (eeprom_interface)
build/cooja/mtype827.a(random.o)
                              build/cooja/mtype827.a(moteid.o) (random_init)
build/cooja/mtype827.a(sensors.o)
                              build/cooja/mtype827.a(pir-sensor.o) (sensors_changed)
build/cooja/mtype827.a(leds.o)
                              build/cooja/mtype827.a(leds-arch.o) (leds_get)
build/cooja/mtype827.a(gpio-hal-arch.o)
                              build/cooja/mtype827.a(leds-arch.o) (gpio_hal_arch_register_pin_callback)
build/cooja/mtype827.a(buttons.o)
                              build/cooja/mtype827.o (button_interface)
build/cooja/mtype827.a(contiki-main.o)
                              build/cooja/mtype827.o (main)
build/cooja/mtype827.a(autostart.o)
                              build/cooja/mtype827.a(contiki-main.o) (autostart_start)
build/cooja/mtype827.a(energest.o)
                              build/cooja/mtype827.a(contiki-main.o) (energest_init)
build/cooja/mtype827.a(etimer.o)
                              build/cooja/mtype827.a(contiki-main.o) (etimer_process)
build/cooja/mtype827.a(log.o)
                              build/cooja/mtype827.a(contiki-main.o) (curr_log_level_main)
build/cooja/mtype827.a(ctimer.o)
                              build/cooja/mtype827.a(contiki-main.o) (ctimer_init)
build/cooja/mtype827.a(process.o)
                              build/cooja/mtype827.a(etimer.o) (process_current)
build/cooja/mtype827.a(rtimer.o)
                              build/cooja/mtype827.a(contiki-main.o) (rtimer_init)
build/cooja/mtype827.a(node-id.o)
                              build/cooja/mtype827.a(contiki-main.o) (node_id)
build/cooja/mtype827.a(timer.o)
                              build/cooja/mtype827.a(etimer.o) (timer_set)
build/cooja/mtype827.a(list.o)
                              build/cooja/mtype827.a(ctimer.o) (list_init)
build/cooja/mtype827.a(button-hal.o)
                              build/cooja/mtype827.o (button_hal_init)
build/cooja/mtype827.a(serial-line.o)
                              build/cooja/mtype827.a(rs232.o) (serial_line_input_byte)
build/cooja/mtype827.a(gpio-hal.o)
                              build/cooja/mtype827.a(button-hal.o) (gpio_hal_register_handler)
build/cooja/mtype827.a(queuebuf.o)
                              build/cooja/mtype827.a(contiki-main.o) (queuebuf_init)
build/cooja/mtype827.a(packetbuf.o)
                              build/cooja/mtype827.a(cooja-radio.o) (packetbuf_clear)
build/cooja/mtype827.a(netstack.o)
                              build/cooja/mtype827.a(contiki-main.o) (netstack_init)
build/cooja/mtype827.a(linkaddr.o)
                              build/cooja/mtype827.a(contiki-main.o) (linkaddr_node_addr)
build/cooja/mtype827.a(csma.o)
                              build/cooja/mtype827.a(cooja-radio.o) (csma_driver)
build/cooja/mtype827.a(csma-output.o)
                              build/cooja/mtype827.a(csma.o) (csma_output_packet)
build/cooja/mtype827.a(nullnet.o)
                              broadcast-receiver.o (nullnet_buf)
build/cooja/mtype827.a(nullrouting.o)
                              build/cooja/mtype827.a(contiki-main.o) (nullrouting_driver)
build/cooja/mtype827.a(watchdog.o)
                              build/cooja/mtype827.a(contiki-main.o) (watchdog_init)
build/cooja/mtype827.a(int-master.o)
[...]
Memory Configuration

Name             Origin             Length             Attributes
*default*        0x0000000000000000 0xffffffffffffffff

Linker script and memory map

LOAD /usr/lib/gcc/i686-linux-gnu/7/../../../i386-linux-gnu/crti.o
LOAD /usr/lib/gcc/i686-linux-gnu/7/crtbeginS.o
LOAD broadcast-receiver.o
LOAD build/cooja/mtype827.o
LOAD build/cooja/mtype827.a
LOAD /usr/lib/gcc/i686-linux-gnu/7/libgcc.a
LOAD /usr/lib/gcc/i686-linux-gnu/7/libgcc_s.so
START GROUP
LOAD /usr/lib/gcc/i686-linux-gnu/7/libgcc_s.so.1
LOAD /usr/lib/gcc/i686-linux-gnu/7/libgcc.a
END GROUP
LOAD /usr/lib/gcc/i686-linux-gnu/7/../../../i386-linux-gnu/libc.so
START GROUP
LOAD /lib/i386-linux-gnu/libc.so.6
LOAD /usr/lib/i386-linux-gnu/libc_nonshared.a
LOAD /lib/i386-linux-gnu/ld-linux.so.2
END GROUP
LOAD /usr/lib/gcc/i686-linux-gnu/7/libgcc.a
LOAD /usr/lib/gcc/i686-linux-gnu/7/libgcc_s.so
START GROUP
LOAD /usr/lib/gcc/i686-linux-gnu/7/libgcc_s.so.1
LOAD /usr/lib/gcc/i686-linux-gnu/7/libgcc.a
END GROUP
LOAD /usr/lib/gcc/i686-linux-gnu/7/crtendS.o
LOAD /usr/lib/gcc/i686-linux-gnu/7/../../../i386-linux-gnu/crtn.o
                0x0000000000000114                . = (SEGMENT_START ("text-segment", 0x0) + SIZEOF_HEADERS)

.note.gnu.build-id
                0x0000000000000114       0x24
 *(.note.gnu.build-id)
 .note.gnu.build-id
                0x0000000000000114       0x24 /usr/lib/gcc/i686-linux-gnu/7/../../../i386-linux-gnu/crti.o

.hash
 *(.hash)

.gnu.hash       0x0000000000000138      0xaf8
 *(.gnu.hash)
 .gnu.hash      0x0000000000000138      0xaf8 /usr/lib/gcc/i686-linux-gnu/7/../../../i386-linux-gnu/crti.o

.dynsym         0x0000000000000c30     0x1820
 *(.dynsym)
 .dynsym        0x0000000000000c30     0x1820 /usr/lib/gcc/i686-linux-gnu/7/../../../i386-linux-gnu/crti.o

.dynstr         0x0000000000002450     0x19f7
 *(.dynstr)
 .dynstr        0x0000000000002450     0x19f7 /usr/lib/gcc/i686-linux-gnu/7/../../../i386-linux-gnu/crti.o

.gnu.version    0x0000000000003e48      0x304
 *(.gnu.version)
 .gnu.version   0x0000000000003e48      0x304 /usr/lib/gcc/i686-linux-gnu/7/../../../i386-linux-gnu/crti.o

.gnu.version_d  0x000000000000414c        0x0
 *(.gnu.version_d)
 .gnu.version_d
                0x000000000000414c        0x0 /usr/lib/gcc/i686-linux-gnu/7/../../../i386-linux-gnu/crti.o

.gnu.version_r  0x000000000000414c       0x40
 *(.gnu.version_r)
 .gnu.version_r
                0x000000000000414c       0x40 /usr/lib/gcc/i686-linux-gnu/7/../../../i386-linux-gnu/crti.o

.rel.dyn        0x000000000000418c      0x868
 *(.rel.init)
 .rel.init      0x000000000000418c        0x0 /usr/lib/gcc/i686-linux-gnu/7/../../../i386-linux-gnu/crti.o
 *(.rel.text .rel.text.* .rel.gnu.linkonce.t.*)
 .rel.text      0x000000000000418c      0x190 /usr/lib/gcc/i686-linux-gnu/7/../../../i386-linux-gnu/crti.o
 *(.rel.fini)
 .rel.fini      0x000000000000431c        0x0 /usr/lib/gcc/i686-linux-gnu/7/../../../i386-linux-gnu/crti.o
 *(.rel.rodata .rel.rodata.* .rel.gnu.linkonce.r.*)
 *(.rel.data.rel.ro .rel.data.rel.ro.* .rel.gnu.linkonce.d.rel.ro.*)
 .rel.data.rel.ro.local
                0x000000000000431c      0x2b0 /usr/lib/gcc/i686-linux-gnu/7/../../../i386-linux-gnu/crti.o
 *(.rel.data .rel.data.* .rel.gnu.linkonce.d.*)
 .rel.data.rel.local
                0x00000000000045cc      0x1c0 /usr/lib/gcc/i686-linux-gnu/7/../../../i386-linux-gnu/crti.o
 .rel.data.rel  0x000000000000478c       0x78 /usr/lib/gcc/i686-linux-gnu/7/../../../i386-linux-gnu/crti.o
 *(.rel.tdata .rel.tdata.* .rel.gnu.linkonce.td.*)
 *(.rel.tbss .rel.tbss.* .rel.gnu.linkonce.tb.*)
 *(.rel.ctors)
 *(.rel.dtors)
 *(.rel.got)
 .rel.got       0x0000000000004804      0x1e0 /usr/lib/gcc/i686-linux-gnu/7/../../../i386-linux-gnu/crti.o
 *(.rel.bss .rel.bss.* .rel.gnu.linkonce.b.*)
 *(.rel.ifunc)
 .rel.ifunc     0x00000000000049e4        0x0 /usr/lib/gcc/i686-linux-gnu/7/../../../i386-linux-gnu/crti.o
 .rel.fini_array
                0x00000000000049e4        0x8 /usr/lib/gcc/i686-linux-gnu/7/../../../i386-linux-gnu/crti.o
 .rel.init_array
                0x00000000000049ec        0x8 /usr/lib/gcc/i686-linux-gnu/7/../../../i386-linux-gnu/crti.o

.rel.plt        0x00000000000049f4      0x480
 *(.rel.plt)
 .rel.plt       0x00000000000049f4      0x480 /usr/lib/gcc/i686-linux-gnu/7/../../../i386-linux-gnu/crti.o
 *(.rel.iplt)

.init           0x0000000000004e74       0x23
 *(SORT_NONE(.init))
 .init          0x0000000000004e74       0x1e /usr/lib/gcc/i686-linux-gnu/7/../../../i386-linux-gnu/crti.o
                0x0000000000004e74                _init
 .init          0x0000000000004e92        0x5 /usr/lib/gcc/i686-linux-gnu/7/../../../i386-linux-gnu/crtn.o

.plt            0x0000000000004ea0      0x910
 *(.plt)
 .plt           0x0000000000004ea0      0x910 /usr/lib/gcc/i686-linux-gnu/7/../../../i386-linux-gnu/crti.o
 *(.iplt)

.plt.got        0x00000000000057b0       0x18
 *(.plt.got)
 .plt.got       0x00000000000057b0       0x18 /usr/lib/gcc/i686-linux-gnu/7/../../../i386-linux-gnu/crti.o

.plt.sec
 *(.plt.sec)

.text           0x00000000000057d0     0x80f4
 *(.text.unlikely .text.*_unlikely .text.unlikely.*)
 *(.text.exit .text.exit.*)
 *(.text.startup .text.startup.*)
 *(.text.hot .text.hot.*)
 *(.text .stub .text.* .gnu.linkonce.t.*)
 .text          0x00000000000057d0        0x0 /usr/lib/gcc/i686-linux-gnu/7/../../../i386-linux-gnu/crti.o
 .gnu.linkonce.t.__x86.get_pc_thunk.bx
                0x00000000000057d0        0x4 /usr/lib/gcc/i686-linux-gnu/7/../../../i386-linux-gnu/crti.o
                0x00000000000057d0                __x86.get_pc_thunk.bx
 *fill*         0x00000000000057d4        0xc 
 .text          0x00000000000057e0       0xe9 /usr/lib/gcc/i686-linux-gnu/7/crtbeginS.o
 .text.__x86.get_pc_thunk.dx
                0x00000000000058c9        0x4 /usr/lib/gcc/i686-linux-gnu/7/crtbeginS.o
                0x00000000000058c9                __x86.get_pc_thunk.dx
 .text          0x00000000000058cd      0x1d4 broadcast-receiver.o
                0x00000000000058cd                input_callback
 .text          0x0000000000005aa1      0x346 build/cooja/mtype827.o
                0x0000000000005b2e                platform_init_stage_one
                0x0000000000005b51                platform_init_stage_two
                0x0000000000005b74                platform_init_stage_three
                0x0000000000005b97                platform_main_loop
                0x0000000000005c3d                Java_org_contikios_cooja_corecomm_Lib2_init
                0x0000000000005c8b                Java_org_contikios_cooja_corecomm_Lib2_getMemory
                0x0000000000005ccb                Java_org_contikios_cooja_corecomm_Lib2_setMemory
                0x0000000000005d3c                Java_org_contikios_cooja_corecomm_Lib2_tick
                0x0000000000005dc6                Java_org_contikios_cooja_corecomm_Lib2_setReferenceAddress
 .text.__x86.get_pc_thunk.ax
                0x0000000000005de7        0x4 build/cooja/mtype827.o
                0x0000000000005de7                __x86.get_pc_thunk.ax
 .text          0x0000000000005deb       0x8d build/cooja/mtype827.a(simEnvChange.o)
                0x0000000000005deb                doActionsBeforeTick
                0x0000000000005e31                doActionsAfterTick
 .text          0x0000000000005e78       0xb6 build/cooja/mtype827.a(cooja_mt.o)
                0x0000000000005e78                cooja_mt_start
                0x0000000000005eb2                cooja_mt_exec
                0x0000000000005ef9                cooja_mt_yield
 .text          0x0000000000005f2e       0xf2 build/cooja/mtype827.a(cooja_mtarch.o)
                0x0000000000005f2e                cooja_mtarch_start
                0x0000000000005fb2                cooja_sw
                0x0000000000005fe0                cooja_mtarch_exec
                0x000000000000600b                cooja_mtarch_yield
 .text          0x0000000000006020      0x127 build/cooja/mtype827.a(rtimer-arch.o)
                0x0000000000006020                rtimer_arch_init
                0x000000000000604f                rtimer_arch_schedule
                0x0000000000006091                rtimer_arch_next
                0x00000000000060ab                rtimer_arch_pending
                0x00000000000060c2                rtimer_arch_check
                0x000000000000612d                rtimer_arch_now
 .text.__x86.get_pc_thunk.cx
                0x0000000000006147        0x4 build/cooja/mtype827.a(rtimer-arch.o)
                0x0000000000006147                __x86.get_pc_thunk.cx
 .text          0x000000000000614b      0x101 build/cooja/mtype827.a(beep.o)
                0x000000000000614b                beep_alarm
                0x0000000000006164                beep_beep
                0x000000000000617d                beep
                0x0000000000006196                beep_down
                0x00000000000061af                beep_on
                0x00000000000061c8                beep_off
                0x00000000000061e1                beep_spinup
                0x00000000000061fa                beep_quick
                0x0000000000006213                beep_long
 .text          0x000000000000624c       0x9f build/cooja/mtype827.a(leds-arch.o)
                0x0000000000006270                leds_arch_init
 .text          0x00000000000062eb       0x56 build/cooja/mtype827.a(moteid.o)
 .text          0x0000000000006341      0x101 build/cooja/mtype827.a(pir-sensor.o)
 .text          0x0000000000006442      0x1cc build/cooja/mtype827.a(rs232.o)
                0x0000000000006442                rs232_init
                0x0000000000006452                rs232_set_speed
                0x000000000000646b                rs232_set_input
                0x0000000000006484                rs232_send
                0x00000000000064ba                rs232_print
                0x00000000000064e8                slip_arch_writeb
 .text          0x000000000000660e      0x101 build/cooja/mtype827.a(vib-sensor.o)
 .text          0x000000000000670f       0x7a build/cooja/mtype827.a(clock.o)
                0x000000000000670f                clock_init
                0x000000000000671f                clock_time
                0x0000000000006736                clock_seconds
                0x0000000000006759                clock_delay
 .text          0x0000000000006789      0x2b5 build/cooja/mtype827.a(cooja-log.o)
                0x0000000000006789                simlog_char
                0x00000000000067ed                simlog
                0x0000000000006887                log_message
                0x00000000000068d6                log_set_putchar_with_slip
                0x00000000000068ef                log_putchar
                0x000000000000697a                log_puts
                0x00000000000069ac                log_printf
 .text          0x0000000000006a3e      0x36c build/cooja/mtype827.a(cfs-cooja.o)
                0x0000000000006a3e                cfs_open
                0x0000000000006ab6                cfs_close
                0x0000000000006acd                cfs_read
                0x0000000000006b81                cfs_write
                0x0000000000006c7f                cfs_seek
                0x0000000000006d1c                cfs_remove
                0x0000000000006d52                cfs_opendir
                0x0000000000006d66                cfs_readdir
                0x0000000000006d7a                cfs_closedir
 .text          0x0000000000006daa      0x785 build/cooja/mtype827.a(cooja-radio.o)
                0x0000000000006e18                radio_set_channel
                0x0000000000006e31                radio_set_txpower
                0x0000000000006e54                radio_signal_strength_last
                0x0000000000006e69                radio_signal_strength_current
                0x0000000000006e7e                radio_LQI
 .text          0x000000000000752f      0x130 build/cooja/mtype827.a(eeprom.o)
                0x000000000000752f                eeprom_init
                0x000000000000753f                eeprom_read
                0x00000000000075bf                eeprom_write
 .text          0x000000000000765f       0x4e build/cooja/mtype827.a(random.o)
                0x000000000000765f                random_init
                0x000000000000768f                random_rand
 .text          0x00000000000076ad      0x332 build/cooja/mtype827.a(sensors.o)
                0x00000000000076f4                sensors_first
                0x000000000000770b                sensors_next
                0x0000000000007736                sensors_changed
                0x0000000000007783                sensors_find
 .text          0x00000000000079df      0x3fc build/cooja/mtype827.a(leds.o)
                0x00000000000079df                leds_init
                0x0000000000007a37                leds_single_on
                0x0000000000007aaf                leds_single_off
                0x0000000000007b27                leds_single_toggle
                0x0000000000007b6b                leds_on
                0x0000000000007c03                leds_off
                0x0000000000007c9b                leds_toggle
                0x0000000000007d01                leds_set
                0x0000000000007d37                leds_get
 .text          0x0000000000007ddb      0x401 build/cooja/mtype827.a(gpio-hal-arch.o)
                0x0000000000007ddb                gpio_hal_arch_register_pin_callback
                0x0000000000007e5c                gpio_hal_arch_init
                0x0000000000007eb6                gpio_hal_arch_no_port_interrupt_enable
                0x0000000000007ef0                gpio_hal_arch_no_port_interrupt_disable
                0x0000000000007f2a                gpio_hal_arch_no_port_pin_cfg_set
                0x0000000000007f59                gpio_hal_arch_no_port_pin_cfg_get
                0x0000000000007f89                gpio_hal_arch_no_port_pin_set_input
                0x0000000000007fa5                gpio_hal_arch_no_port_pin_set_output
                0x0000000000007fc1                gpio_hal_arch_no_port_set_pin
                0x0000000000007fec                gpio_hal_arch_no_port_clear_pin
                0x0000000000008017                gpio_hal_arch_no_port_read_pin
                0x0000000000008049                gpio_hal_arch_no_port_write_pin
                0x000000000000807d                gpio_hal_arch_no_port_set_pins
                0x00000000000080ce                gpio_hal_arch_no_port_clear_pins
                0x000000000000811f                gpio_hal_arch_no_port_read_pins
                0x0000000000008172                gpio_hal_arch_no_port_write_pins
 .text          0x00000000000081dc       0xc6 build/cooja/mtype827.a(buttons.o)
 .text          0x00000000000082a2      0x2fa build/cooja/mtype827.a(contiki-main.o)
                0x00000000000082a2                main
 .text          0x000000000000859c       0xb0 build/cooja/mtype827.a(autostart.o)
                0x000000000000859c                autostart_start
                0x00000000000085f5                autostart_exit
 .text          0x000000000000864c       0x39 build/cooja/mtype827.a(energest.o)
                0x000000000000864c                energest_init
                0x000000000000865c                energest_flush
                0x000000000000866c                energest_get_total_time
 .text          0x0000000000008685      0x527 build/cooja/mtype827.a(etimer.o)
                0x00000000000088da                etimer_request_poll
                0x000000000000898b                etimer_set
                0x00000000000089c4                etimer_reset_with_new_interval
                0x0000000000008a03                etimer_reset
                0x0000000000008a39                etimer_restart
                0x0000000000008a6f                etimer_adjust
                0x0000000000008a96                etimer_expired
                0x0000000000008ab3                etimer_expiration_time
                0x0000000000008acf                etimer_start_time
                0x0000000000008ae3                etimer_pending
                0x0000000000008b00                etimer_next_expiration_time
                0x0000000000008b28                etimer_stop
 .text          0x0000000000008bac      0x31b build/cooja/mtype827.a(log.o)
                0x0000000000008bac                log_lladdr
                0x0000000000008c33                log_lladdr_compact
                0x0000000000008cb0                log_bytes
                0x0000000000008d04                log_set_level
                0x0000000000008de2                log_get_level
                0x0000000000008e73                log_level_to_str
 .text          0x0000000000008ec7      0x400 build/cooja/mtype827.a(ctimer.o)
                0x000000000000900a                ctimer_init
                0x000000000000904f                ctimer_set
                0x0000000000009082                ctimer_set_with_process
                0x0000000000009119                ctimer_reset
                0x0000000000009187                ctimer_restart
                0x00000000000091f5                ctimer_stop
                0x0000000000009255                ctimer_expired
 .text          0x00000000000092c7      0x5cb build/cooja/mtype827.a(process.o)
                0x00000000000092c7                process_alloc_event
                0x00000000000092e8                process_start
                0x00000000000094ed                process_exit
                0x0000000000009515                process_init
                0x00000000000096dd                process_run
                0x0000000000009720                process_nevents
                0x0000000000009745                process_post
                0x00000000000097f2                process_post_synch
                0x0000000000009838                process_poll
                0x0000000000009874                process_is_running
 .text.__x86.get_pc_thunk.si
                0x0000000000009892        0x4 build/cooja/mtype827.a(process.o)
                0x0000000000009892                __x86.get_pc_thunk.si
 .text          0x0000000000009896      0x122 build/cooja/mtype827.a(rtimer.o)
                0x0000000000009896                rtimer_init
                0x00000000000098b5                rtimer_set
                0x0000000000009943                rtimer_run_next
 .text          0x00000000000099b8       0x36 build/cooja/mtype827.a(node-id.o)
                0x00000000000099b8                node_id_init
 .text          0x00000000000099ee       0xf6 build/cooja/mtype827.a(timer.o)
                0x00000000000099ee                timer_set
                0x0000000000009a1d                timer_reset
                0x0000000000009a54                timer_restart
                0x0000000000009a7a                timer_expired
                0x0000000000009ab8                timer_remaining
 .text          0x0000000000009ae4      0x311 build/cooja/mtype827.a(list.o)
                0x0000000000009ae4                list_init
                0x0000000000009afd                list_head
                0x0000000000009b11                list_copy
                0x0000000000009b2b                list_tail
                0x0000000000009b6b                list_add
                0x0000000000009bc1                list_push
                0x0000000000009bf7                list_chop
                0x0000000000009c6b                list_pop
                0x0000000000009c9d                list_remove
                0x0000000000009d0f                list_length
                0x0000000000009d47                list_insert
                0x0000000000009d96                list_item_next
                0x0000000000009db7                list_contains
 .text          0x0000000000009df5      0x566 build/cooja/mtype827.a(button-hal.o)
                0x0000000000009fe9                button_hal_get_by_id
                0x000000000000a033                button_hal_get_by_index
                0x000000000000a06d                button_hal_get_state
                0x000000000000a0cf                button_hal_init
 .text          0x000000000000a35b      0x242 build/cooja/mtype827.a(serial-line.o)
                0x000000000000a35b                serial_line_input_byte
                0x000000000000a553                serial_line_init
 .text          0x000000000000a59d      0x1d6 build/cooja/mtype827.a(gpio-hal.o)
                0x000000000000a59d                gpio_hal_register_handler
                0x000000000000a5cb                gpio_hal_event_handler
                0x000000000000a638                gpio_hal_init
                0x000000000000a667                gpio_hal_arch_port_toggle_pin
                0x000000000000a6b2                gpio_hal_arch_port_toggle_pins
                0x000000000000a6ef                gpio_hal_arch_no_port_toggle_pin
                0x000000000000a73c                gpio_hal_arch_no_port_toggle_pins
 .text          0x000000000000a773      0x3a9 build/cooja/mtype827.a(queuebuf.o)
                0x000000000000a787                queuebuf_init
                0x000000000000a7c3                queuebuf_numfree
                0x000000000000a7ed                queuebuf_new_from_packetbuf
                0x000000000000a8a1                queuebuf_update_attr_from_packetbuf
                0x000000000000a8e5                queuebuf_update_from_packetbuf
                0x000000000000a944                queuebuf_free
                0x000000000000a9a2                queuebuf_to_packetbuf
                0x000000000000aa1f                queuebuf_dataptr
                0x000000000000aa6b                queuebuf_datalen
                0x000000000000aa98                queuebuf_addr
                0x000000000000aad7                queuebuf_attr
                0x000000000000ab0c                queuebuf_debug_print
 .text          0x000000000000ab1c      0x4dd build/cooja/mtype827.a(packetbuf.o)
                0x000000000000ab1c                packetbuf_clear
                0x000000000000ab52                packetbuf_copyfrom
                0x000000000000abb2                packetbuf_copyto
                0x000000000000ac50                packetbuf_hdralloc
                0x000000000000ace0                packetbuf_hdrreduce
                0x000000000000ad32                packetbuf_set_datalen
                0x000000000000ad57                packetbuf_dataptr
                0x000000000000ad7e                packetbuf_hdrptr
                0x000000000000ad93                packetbuf_datalen
                0x000000000000ada9                packetbuf_hdrlen
                0x000000000000adc8                packetbuf_totlen
                0x000000000000ade8                packetbuf_remaininglen
                0x000000000000ae05                packetbuf_attr_clear
                0x000000000000ae6b                packetbuf_attr_copyto
                0x000000000000aeb1                packetbuf_attr_copyfrom
                0x000000000000aef7                packetbuf_set_attr
                0x000000000000af2d                packetbuf_attr
                0x000000000000af53                packetbuf_set_addr
                0x000000000000af9b                packetbuf_addr
                0x000000000000afc5                packetbuf_holds_broadcast
 .text          0x000000000000aff9      0x13c build/cooja/mtype827.a(netstack.o)
                0x000000000000aff9                netstack_process_ip_callback
                0x000000000000b09a                netstack_ip_packet_processor_add
                0x000000000000b0ce                uip_ds6_ip_packet_processor_rm
                0x000000000000b0fc                netstack_init
 .text          0x000000000000b135       0x75 build/cooja/mtype827.a(linkaddr.o)
                0x000000000000b135                linkaddr_copy
                0x000000000000b155                linkaddr_cmp
                0x000000000000b188                linkaddr_set_node_addr
 .text          0x000000000000b1aa      0x2ae build/cooja/mtype827.a(csma.o)
 .text          0x000000000000b458      0xa6f build/cooja/mtype827.a(csma-output.o)
                0x000000000000bbca                csma_output_packet
                0x000000000000be79                csma_output_init
 .text          0x000000000000bec7      0x131 build/cooja/mtype827.a(nullnet.o)
                0x000000000000bf48                nullnet_set_input_callback
 .text          0x000000000000bff8      0x170 build/cooja/mtype827.a(nullrouting.o)
 .text          0x000000000000c168       0x6b build/cooja/mtype827.a(watchdog.o)
                0x000000000000c168                watchdog_init
                0x000000000000c178                watchdog_start
                0x000000000000c188                watchdog_periodic
                0x000000000000c1b3                watchdog_stop
                0x000000000000c1c3                watchdog_reboot
 .text          0x000000000000c1d3       0x75 build/cooja/mtype827.a(int-master.o)
                0x000000000000c1d3                int_master_enable
                0x000000000000c1ed                int_master_read_and_disable
                0x000000000000c215                int_master_status_set
                0x000000000000c22e                int_master_is_enabled
 .text          0x000000000000c248      0x1ec build/cooja/mtype827.a(memb.o)
                0x000000000000c248                memb_init
                0x000000000000c2ac                memb_alloc
                0x000000000000c319                memb_free
                0x000000000000c39a                memb_inmemb
                0x000000000000c3e3                memb_numfree
 .text          0x000000000000c434       0x31 build/cooja/mtype827.a(assert.o)
                0x000000000000c434                _xassert
 .text          0x000000000000c465      0x188 build/cooja/mtype827.a(ringbuf.o)
                0x000000000000c465                ringbuf_init
                0x000000000000c4a1                ringbuf_put
                0x000000000000c529                ringbuf_get
                0x000000000000c5a0                ringbuf_size
                0x000000000000c5bc                ringbuf_elements
 .text          0x000000000000c5ed      0x1a8 build/cooja/mtype827.a(mac-sequence.o)
                0x000000000000c5ed                mac_sequence_is_duplicate
                0x000000000000c6ad                mac_sequence_register_seqno
 .text          0x000000000000c795       0x2d build/cooja/mtype827.a(mac.o)
                0x000000000000c795                mac_call_sent_callback
 .text          0x000000000000c7c2      0x477 build/cooja/mtype827.a(framer-802154.o)
                0x000000000000c965                framer_802154_setup_params
 .text          0x000000000000cc39      0xc1a build/cooja/mtype827.a(frame802154.o)
                0x000000000000cc74                frame802154_get_pan_id
                0x000000000000cc8a                frame802154_set_pan_id
                0x000000000000ccaf                frame802154_has_panid
                0x000000000000ce68                frame802154_check_dest_panid
                0x000000000000cefa                frame802154_is_broadcast_addr
                0x000000000000cf51                frame802154_extract_linkaddr
                0x000000000000d1da                frame802154_hdrlen
                0x000000000000d257                frame802154_create_fcf
                0x000000000000d319                frame802154_create
                0x000000000000d4a4                frame802154_parse_fcf
                0x000000000000d590                frame802154_parse
 .text          0x000000000000d853       0x4e build/cooja/mtype827.a(csma-security.o)
                0x000000000000d853                csma_security_create_frame
                0x000000000000d884                csma_security_parse_frame
 *fill*         0x000000000000d8a1        0xf 
 .text          0x000000000000d8b0       0x14 /usr/lib/i386-linux-gnu/libc_nonshared.a(stack_chk_fail_local.oS)
                0x000000000000d8b0                __stack_chk_fail_local
 .text          0x000000000000d8c4        0x0 /usr/lib/gcc/i686-linux-gnu/7/crtendS.o
 .text          0x000000000000d8c4        0x0 /usr/lib/gcc/i686-linux-gnu/7/../../../i386-linux-gnu/crtn.o
 *(.gnu.warning)

.fini           0x000000000000d8c4       0x14
 *(SORT_NONE(.fini))
 .fini          0x000000000000d8c4        0xf /usr/lib/gcc/i686-linux-gnu/7/../../../i386-linux-gnu/crti.o
                0x000000000000d8c4                _fini
 .fini          0x000000000000d8d3        0x5 /usr/lib/gcc/i686-linux-gnu/7/../../../i386-linux-gnu/crtn.o
                [!provide]                        PROVIDE (__etext = .)
                [!provide]                        PROVIDE (_etext = .)
                [!provide]                        PROVIDE (etext = .)

.rodata         0x000000000000d8d8      0x359
 *(.rodata .rodata.* .gnu.linkonce.r.*)
 .rodata        0x000000000000d8d8       0x6f broadcast-receiver.o
 *fill*         0x000000000000d947        0x1 
 .rodata        0x000000000000d948        0x6 build/cooja/mtype827.a(leds-arch.o)
                0x000000000000d948                leds_arch_leds
 .rodata        0x000000000000d94e        0x4 build/cooja/mtype827.a(pir-sensor.o)
 .rodata        0x000000000000d952        0x6 build/cooja/mtype827.a(rs232.o)
 .rodata        0x000000000000d958        0xa build/cooja/mtype827.a(vib-sensor.o)
 *fill*         0x000000000000d962        0x2 
 .rodata        0x000000000000d964       0x27 build/cooja/mtype827.a(cfs-cooja.o)
 *fill*         0x000000000000d98b        0x1 
 .rodata        0x000000000000d98c       0x68 build/cooja/mtype827.a(cooja-radio.o)
 .rodata        0x000000000000d9f4        0x8 build/cooja/mtype827.a(sensors.o)
 .rodata        0x000000000000d9fc       0x14 build/cooja/mtype827.a(buttons.o)
                0x000000000000da08                button_hal_button_count
 .rodata        0x000000000000da10       0xd0 build/cooja/mtype827.a(contiki-main.o)
 .rodata        0x000000000000dae0        0xc build/cooja/mtype827.a(etimer.o)
 .rodata        0x000000000000daec       0xa8 build/cooja/mtype827.a(log.o)
 .rodata        0x000000000000db94        0xf build/cooja/mtype827.a(ctimer.o)
 .rodata        0x000000000000dba3       0x13 build/cooja/mtype827.a(button-hal.o)
 .rodata        0x000000000000dbb6        0xe build/cooja/mtype827.a(serial-line.o)
 .rodata        0x000000000000dbc4        0x8 build/cooja/mtype827.a(linkaddr.o)
                0x000000000000dbc4                linkaddr_null
 .rodata        0x000000000000dbcc        0x5 build/cooja/mtype827.a(csma.o)
 *fill*         0x000000000000dbd1        0x3 
 .rodata        0x000000000000dbd4       0x24 build/cooja/mtype827.a(csma-output.o)
 .rodata        0x000000000000dbf8        0x8 build/cooja/mtype827.a(nullnet.o)
 .rodata        0x000000000000dc00        0xc build/cooja/mtype827.a(nullrouting.o)
 .rodata        0x000000000000dc0c       0x25 build/cooja/mtype827.a(assert.o)

.rodata1
 *(.rodata1)

.eh_frame_hdr   0x000000000000dc34      0xc1c
 *(.eh_frame_hdr)
 .eh_frame_hdr  0x000000000000dc34      0xc1c broadcast-receiver.o
                0x000000000000dc34                __GNU_EH_FRAME_HDR
 *(.eh_frame_entry .eh_frame_entry.*)

.eh_frame       0x000000000000e850     0x3318
 *(.eh_frame)
 .eh_frame      0x000000000000e850       0x3c /usr/lib/gcc/i686-linux-gnu/7/../../../i386-linux-gnu/crti.o
                                         0x40 (size before relaxing)
 .eh_frame      0x000000000000e88c       0x14 /usr/lib/gcc/i686-linux-gnu/7/../../../i386-linux-gnu/crti.o
                                         0x2c (size before relaxing)
 .eh_frame      0x000000000000e8a0       0x48 broadcast-receiver.o
                                         0x74 (size before relaxing)
 .eh_frame      0x000000000000e8e8      0x1ac build/cooja/mtype827.o
                                        0x1ec (size before relaxing)
 .eh_frame      0x000000000000ea94       0x48 build/cooja/mtype827.a(simEnvChange.o)
                                         0x74 (size before relaxing)
 .eh_frame      0x000000000000eadc       0x6c build/cooja/mtype827.a(cooja_mt.o)
                                         0x98 (size before relaxing)
 .eh_frame      0x000000000000eb48       0x88 build/cooja/mtype827.a(cooja_mtarch.o)
                                         0xc8 (size before relaxing)
 .eh_frame      0x000000000000ebd0       0xe4 build/cooja/mtype827.a(rtimer-arch.o)
                                        0x110 (size before relaxing)
 .eh_frame      0x000000000000ecb4      0x160 build/cooja/mtype827.a(beep.o)
                                        0x18c (size before relaxing)
 .eh_frame      0x000000000000ee14       0x88 build/cooja/mtype827.a(leds-arch.o)
                                         0xc8 (size before relaxing)
 .eh_frame      0x000000000000ee9c       0x44 build/cooja/mtype827.a(moteid.o)
                                         0x70 (size before relaxing)
 .eh_frame      0x000000000000eee0       0xa4 build/cooja/mtype827.a(pir-sensor.o)
                                         0xe4 (size before relaxing)
 .eh_frame      0x000000000000ef84      0x110 build/cooja/mtype827.a(rs232.o)
                                        0x150 (size before relaxing)
 .eh_frame      0x000000000000f094       0xa4 build/cooja/mtype827.a(vib-sensor.o)
                                         0xe4 (size before relaxing)
 .eh_frame      0x000000000000f138       0xc0 build/cooja/mtype827.a(clock.o)
                                         0xec (size before relaxing)
 .eh_frame      0x000000000000f1f8      0x130 build/cooja/mtype827.a(cooja-log.o)
                                        0x170 (size before relaxing)
 .eh_frame      0x000000000000f328      0x16c build/cooja/mtype827.a(cfs-cooja.o)
                                        0x1ac (size before relaxing)
 .eh_frame      0x000000000000f494      0x354 build/cooja/mtype827.a(cooja-radio.o)
                                        0x394 (size before relaxing)
 .eh_frame      0x000000000000f7e8       0xa8 build/cooja/mtype827.a(eeprom.o)
                                         0xe8 (size before relaxing)
 .eh_frame      0x000000000000f890       0x48 build/cooja/mtype827.a(random.o)
                                         0x74 (size before relaxing)
 .eh_frame      0x000000000000f8d8       0xd0 build/cooja/mtype827.a(sensors.o)
                                        0x110 (size before relaxing)
 .eh_frame      0x000000000000f9a8      0x140 build/cooja/mtype827.a(leds.o)
                                        0x180 (size before relaxing)
 .eh_frame      0x000000000000fae8      0x228 build/cooja/mtype827.a(gpio-hal-arch.o)
                                        0x27c (size before relaxing)
 .eh_frame      0x000000000000fd10       0xa4 build/cooja/mtype827.a(buttons.o)
                                         0xe4 (size before relaxing)
 .eh_frame      0x000000000000fdb4       0x38 build/cooja/mtype827.a(contiki-main.o)
                                         0x64 (size before relaxing)
 .eh_frame      0x000000000000fdec       0x48 build/cooja/mtype827.a(autostart.o)
                                         0x74 (size before relaxing)
 .eh_frame      0x000000000000fe34       0x60 build/cooja/mtype827.a(energest.o)
                                         0x8c (size before relaxing)
 .eh_frame      0x000000000000fe94      0x204 build/cooja/mtype827.a(etimer.o)
                                        0x244 (size before relaxing)
 .eh_frame      0x0000000000010098       0xd8 build/cooja/mtype827.a(log.o)
                                        0x118 (size before relaxing)
 .eh_frame      0x0000000000010170      0x11c build/cooja/mtype827.a(ctimer.o)
                                        0x15c (size before relaxing)
 .eh_frame      0x000000000001028c      0x1ec build/cooja/mtype827.a(process.o)
                                        0x22c (size before relaxing)
 .eh_frame      0x0000000000010478       0x6c build/cooja/mtype827.a(rtimer.o)
                                         0xc0 (size before relaxing)
 .eh_frame      0x00000000000104e4       0x20 build/cooja/mtype827.a(node-id.o)
                                         0x4c (size before relaxing)
 .eh_frame      0x0000000000010504       0xb4 build/cooja/mtype827.a(timer.o)
                                         0xe0 (size before relaxing)
 .eh_frame      0x00000000000105b8      0x1a0 build/cooja/mtype827.a(list.o)
                                        0x1cc (size before relaxing)
 .eh_frame      0x0000000000010758      0x188 build/cooja/mtype827.a(button-hal.o)
                                        0x1c8 (size before relaxing)
 .eh_frame      0x00000000000108e0       0x6c build/cooja/mtype827.a(serial-line.o)
                                         0x98 (size before relaxing)
 .eh_frame      0x000000000001094c       0xfc build/cooja/mtype827.a(gpio-hal.o)
                                        0x13c (size before relaxing)
 .eh_frame      0x0000000000010a48      0x1c0 build/cooja/mtype827.a(queuebuf.o)
                                        0x200 (size before relaxing)
 .eh_frame      0x0000000000010c08      0x2b0 build/cooja/mtype827.a(packetbuf.o)
                                        0x2f0 (size before relaxing)
 .eh_frame      0x0000000000010eb8       0x90 build/cooja/mtype827.a(netstack.o)
                                         0xd0 (size before relaxing)
 .eh_frame      0x0000000000010f48       0x64 build/cooja/mtype827.a(linkaddr.o)
                                         0x90 (size before relaxing)
 .eh_frame      0x0000000000010fac       0xf0 build/cooja/mtype827.a(csma.o)
                                        0x130 (size before relaxing)
 .eh_frame      0x000000000001109c      0x1f8 build/cooja/mtype827.a(csma-output.o)
                                        0x238 (size before relaxing)
 .eh_frame      0x0000000000011294       0x90 build/cooja/mtype827.a(nullnet.o)
                                         0xd0 (size before relaxing)
 .eh_frame      0x0000000000011324      0x280 build/cooja/mtype827.a(nullrouting.o)
                                        0x2ac (size before relaxing)
 .eh_frame      0x00000000000115a4       0xa4 build/cooja/mtype827.a(watchdog.o)
                                         0xd0 (size before relaxing)
 .eh_frame      0x0000000000011648       0x80 build/cooja/mtype827.a(int-master.o)
                                         0xac (size before relaxing)
 .eh_frame      0x00000000000116c8       0xa4 build/cooja/mtype827.a(memb.o)
                                         0xe4 (size before relaxing)
 .eh_frame      0x000000000001176c       0x24 build/cooja/mtype827.a(assert.o)
                                         0x50 (size before relaxing)
 .eh_frame      0x0000000000011790       0xa0 build/cooja/mtype827.a(ringbuf.o)
                                         0xcc (size before relaxing)
 .eh_frame      0x0000000000011830       0x50 build/cooja/mtype827.a(mac-sequence.o)
                                         0x7c (size before relaxing)
 .eh_frame      0x0000000000011880       0x20 build/cooja/mtype827.a(mac.o)
                                         0x4c (size before relaxing)
 .eh_frame      0x00000000000118a0       0xb4 build/cooja/mtype827.a(framer-802154.o)
                                         0xf4 (size before relaxing)
 .eh_frame      0x0000000000011954      0x1b0 build/cooja/mtype827.a(frame802154.o)
                                        0x1f0 (size before relaxing)
 .eh_frame      0x0000000000011b04       0x44 build/cooja/mtype827.a(csma-security.o)
                                         0x84 (size before relaxing)
 .eh_frame      0x0000000000011b48       0x1c /usr/lib/i386-linux-gnu/libc_nonshared.a(stack_chk_fail_local.oS)
                                         0x48 (size before relaxing)
 .eh_frame      0x0000000000011b64        0x4 /usr/lib/gcc/i686-linux-gnu/7/crtendS.o
 *(.eh_frame.*)

.gcc_except_table
 *(.gcc_except_table .gcc_except_table.*)

.gnu_extab
 *(.gnu_extab*)

.exception_ranges
 *(.exception_ranges .exception_ranges*)
                0x0000000000012c78                . = DATA_SEGMENT_ALIGN (CONSTANT (MAXPAGESIZE), CONSTANT (COMMONPAGESIZE))

.eh_frame
 *(.eh_frame)
 *(.eh_frame.*)

.gnu_extab
 *(.gnu_extab)

.gcc_except_table
 *(.gcc_except_table .gcc_except_table.*)

.exception_ranges
 *(.exception_ranges .exception_ranges*)

.tdata
 *(.tdata .tdata.* .gnu.linkonce.td.*)

.tbss
 *(.tbss .tbss.* .gnu.linkonce.tb.*)
 *(.tcommon)

.preinit_array
 *(.preinit_array)

.init_array     0x0000000000012c78        0x4
 *(SORT_BY_INIT_PRIORITY(.init_array.*) SORT_BY_INIT_PRIORITY(.ctors.*))
 *(.init_array EXCLUDE_FILE(*crtend?.o *crtend.o *crtbegin?.o *crtbegin.o) .ctors)
 .init_array    0x0000000000012c78        0x4 /usr/lib/gcc/i686-linux-gnu/7/crtbeginS.o

.fini_array     0x0000000000012c7c        0x4
 *(SORT_BY_INIT_PRIORITY(.fini_array.*) SORT_BY_INIT_PRIORITY(.dtors.*))
 *(.fini_array EXCLUDE_FILE(*crtend?.o *crtend.o *crtbegin?.o *crtbegin.o) .dtors)
 .fini_array    0x0000000000012c7c        0x4 /usr/lib/gcc/i686-linux-gnu/7/crtbeginS.o

.ctors
 *crtbegin.o(.ctors)
 *crtbegin?.o(.ctors)
 *(EXCLUDE_FILE(*crtend?.o *crtend.o) .ctors)
 *(SORT_BY_NAME(.ctors.*))
 *(.ctors)

.dtors
 *crtbegin.o(.dtors)
 *crtbegin?.o(.dtors)
 *(EXCLUDE_FILE(*crtend?.o *crtend.o) .dtors)
 *(SORT_BY_NAME(.dtors.*))
 *(.dtors)

.jcr
 *(.jcr)

.data.rel.ro    0x0000000000012c80      0x1a0
 *(.data.rel.ro.local* .gnu.linkonce.d.rel.ro.local.*)
 .data.rel.ro.local
                0x0000000000012c80        0x8 broadcast-receiver.o
                0x0000000000012c80                autostart_processes
 .data.rel.ro.local
                0x0000000000012c88        0x8 build/cooja/mtype827.a(beep.o)
                0x0000000000012c88                beep_interface
 .data.rel.ro.local
                0x0000000000012c90        0x8 build/cooja/mtype827.a(leds-arch.o)
                0x0000000000012c90                leds_interface
 .data.rel.ro.local
                0x0000000000012c98        0x8 build/cooja/mtype827.a(moteid.o)
                0x0000000000012c98                moteid_interface
 .data.rel.ro.local
                0x0000000000012ca0       0x18 build/cooja/mtype827.a(pir-sensor.o)
                0x0000000000012ca0                pir_interface
                0x0000000000012ca8                pir_sensor
 .data.rel.ro.local
                0x0000000000012cb8        0x8 build/cooja/mtype827.a(rs232.o)
                0x0000000000012cb8                rs232_interface
 .data.rel.ro.local
                0x0000000000012cc0       0x18 build/cooja/mtype827.a(vib-sensor.o)
                0x0000000000012cc0                vib_interface
                0x0000000000012cc8                vib_sensor
 .data.rel.ro.local
                0x0000000000012cd8        0x8 build/cooja/mtype827.a(clock.o)
                0x0000000000012cd8                clock_interface
 .data.rel.ro.local
                0x0000000000012ce0        0x8 build/cooja/mtype827.a(cooja-log.o)
                0x0000000000012ce0                simlog_interface
 .data.rel.ro.local
                0x0000000000012ce8        0x8 build/cooja/mtype827.a(cfs-cooja.o)
                0x0000000000012ce8                cfs_interface
 *fill*         0x0000000000012cf0       0x10 
 .data.rel.ro.local
                0x0000000000012d00       0x58 build/cooja/mtype827.a(cooja-radio.o)
                0x0000000000012d00                radio_interface
                0x0000000000012d20                cooja_radio_driver
 .data.rel.ro.local
                0x0000000000012d58        0x8 build/cooja/mtype827.a(eeprom.o)
                0x0000000000012d58                eeprom_interface
 .data.rel.ro.local
                0x0000000000012d60       0x18 build/cooja/mtype827.a(buttons.o)
                0x0000000000012d60                button_interface
                0x0000000000012d68                button_sensor
 .data.rel.ro.local
                0x0000000000012d78       0x1c build/cooja/mtype827.a(csma.o)
                0x0000000000012d78                csma_driver
 .data.rel.ro.local
                0x0000000000012d94       0x10 build/cooja/mtype827.a(nullnet.o)
                0x0000000000012d94                nullnet_driver
 *fill*         0x0000000000012da4       0x1c 
 .data.rel.ro.local
                0x0000000000012dc0       0x54 build/cooja/mtype827.a(nullrouting.o)
                0x0000000000012dc0                nullrouting_driver
 .data.rel.ro.local
                0x0000000000012e14        0xc build/cooja/mtype827.a(framer-802154.o)
                0x0000000000012e14                framer_802154
 *(.data.rel.ro .data.rel.ro.* .gnu.linkonce.d.rel.ro.*)
 .data.rel.ro   0x0000000000012e20        0x0 /usr/lib/gcc/i686-linux-gnu/7/../../../i386-linux-gnu/crti.o

.dynamic        0x0000000000012e20       0xf0
 *(.dynamic)
 .dynamic       0x0000000000012e20       0xf0 /usr/lib/gcc/i686-linux-gnu/7/../../../i386-linux-gnu/crti.o
                0x0000000000012e20                _DYNAMIC

.got            0x0000000000012f10       0xf0
 *(.got)
 .got           0x0000000000012f10       0xf0 /usr/lib/gcc/i686-linux-gnu/7/../../../i386-linux-gnu/crti.o
 *(.igot)
                0x0000000000013ff4                . = DATA_SEGMENT_RELRO_END (., (SIZEOF (.got.plt) >= 0xc)?0xc:0x0)

.got.plt        0x0000000000013000      0x24c
 *(.got.plt)
 .got.plt       0x0000000000013000      0x24c /usr/lib/gcc/i686-linux-gnu/7/../../../i386-linux-gnu/crti.o
                0x0000000000013000                _GLOBAL_OFFSET_TABLE_
 *(.igot.plt)

.data           0x0000000000013260      0x25e
 *(.data .data.* .gnu.linkonce.d.*)
 .data          0x0000000000013260        0x0 /usr/lib/gcc/i686-linux-gnu/7/../../../i386-linux-gnu/crti.o
 .data          0x0000000000013260        0x0 /usr/lib/gcc/i686-linux-gnu/7/crtbeginS.o
 .data.rel.local
                0x0000000000013260        0x4 /usr/lib/gcc/i686-linux-gnu/7/crtbeginS.o
                0x0000000000013260                __dso_handle
 .data          0x0000000000013264        0x0 broadcast-receiver.o
 .data.rel.local
                0x0000000000013264       0x10 broadcast-receiver.o
                0x0000000000013264                broadcast_receiver
 .data          0x0000000000013274        0x0 build/cooja/mtype827.o
 *fill*         0x0000000000013274        0xc 
 .data.rel      0x0000000000013280       0x44 build/cooja/mtype827.o
                0x0000000000013280                simInterfaces
                0x00000000000132b4                sensors
 .data          0x00000000000132c4        0x0 build/cooja/mtype827.a(simEnvChange.o)
 .data          0x00000000000132c4        0x0 build/cooja/mtype827.a(cooja_mt.o)
 .data          0x00000000000132c4        0x0 build/cooja/mtype827.a(cooja_mtarch.o)
 .data          0x00000000000132c4        0x0 build/cooja/mtype827.a(rtimer-arch.o)
 .data          0x00000000000132c4        0x0 build/cooja/mtype827.a(beep.o)
 .data          0x00000000000132c4        0x0 build/cooja/mtype827.a(leds-arch.o)
 .data          0x00000000000132c4        0x0 build/cooja/mtype827.a(moteid.o)
 .data          0x00000000000132c4        0x0 build/cooja/mtype827.a(pir-sensor.o)
 .data          0x00000000000132c4        0x0 build/cooja/mtype827.a(rs232.o)
 .data          0x00000000000132c4        0x0 build/cooja/mtype827.a(vib-sensor.o)
 .data          0x00000000000132c4        0x0 build/cooja/mtype827.a(clock.o)
 .data          0x00000000000132c4        0x0 build/cooja/mtype827.a(cooja-log.o)
 .data          0x00000000000132c4        0x0 build/cooja/mtype827.a(cfs-cooja.o)
 .data          0x00000000000132c4       0x1c build/cooja/mtype827.a(cooja-radio.o)
                0x00000000000132c4                simRadioHWOn
                0x00000000000132c8                simSignalStrength
                0x00000000000132cc                simLastSignalStrength
                0x00000000000132d0                simPower
                0x00000000000132d4                simRadioChannel
                0x00000000000132d8                simLQI
 .data.rel.local
                0x00000000000132e0       0x10 build/cooja/mtype827.a(cooja-radio.o)
                0x00000000000132e0                cooja_radio_process
 .data          0x00000000000132f0        0x0 build/cooja/mtype827.a(eeprom.o)
 .data          0x00000000000132f0        0x0 build/cooja/mtype827.a(random.o)
 .data          0x00000000000132f0        0x0 build/cooja/mtype827.a(sensors.o)
 .data.rel.local
                0x00000000000132f0       0x10 build/cooja/mtype827.a(sensors.o)
                0x00000000000132f0                sensors_process
 .data          0x0000000000013300        0x0 build/cooja/mtype827.a(leds.o)
 .data          0x0000000000013300        0x0 build/cooja/mtype827.a(gpio-hal-arch.o)
 .data          0x0000000000013300        0x1 build/cooja/mtype827.a(buttons.o)
                0x0000000000013300                simButtonIsActive
 *fill*         0x0000000000013301       0x1f 
 .data.rel.local
                0x0000000000013320       0x58 build/cooja/mtype827.a(buttons.o)
                0x0000000000013370                button_hal_buttons
 .data          0x0000000000013378        0x0 build/cooja/mtype827.a(contiki-main.o)
 .data          0x0000000000013378        0x0 build/cooja/mtype827.a(autostart.o)
 .data          0x0000000000013378        0x0 build/cooja/mtype827.a(energest.o)
 .data          0x0000000000013378        0x0 build/cooja/mtype827.a(etimer.o)
 .data.rel.local
                0x0000000000013378       0x10 build/cooja/mtype827.a(etimer.o)
                0x0000000000013378                etimer_process
 .data          0x0000000000013388        0x4 build/cooja/mtype827.a(log.o)
                0x0000000000013388                curr_log_level_main
 *fill*         0x000000000001338c       0x14 
 .data.rel.local
                0x00000000000133a0       0x9c build/cooja/mtype827.a(log.o)
                0x00000000000133a0                all_modules
 .data          0x000000000001343c        0x0 build/cooja/mtype827.a(ctimer.o)
 .data.rel.local
                0x000000000001343c       0x14 build/cooja/mtype827.a(ctimer.o)
                0x0000000000013440                ctimer_process
 .data          0x0000000000013450        0x0 build/cooja/mtype827.a(process.o)
 .data          0x0000000000013450        0x0 build/cooja/mtype827.a(rtimer.o)
 .data          0x0000000000013450        0x0 build/cooja/mtype827.a(node-id.o)
 .data          0x0000000000013450        0x0 build/cooja/mtype827.a(timer.o)
 .data          0x0000000000013450        0x0 build/cooja/mtype827.a(list.o)
 .data          0x0000000000013450        0x0 build/cooja/mtype827.a(button-hal.o)
 .data.rel.local
                0x0000000000013450       0x10 build/cooja/mtype827.a(button-hal.o)
                0x0000000000013450                button_hal_process
 .data          0x0000000000013460        0x0 build/cooja/mtype827.a(serial-line.o)
 .data.rel.local
                0x0000000000013460       0x10 build/cooja/mtype827.a(serial-line.o)
                0x0000000000013460                serial_line_process
 .data          0x0000000000013470        0x0 build/cooja/mtype827.a(gpio-hal.o)
 .data.rel.local
                0x0000000000013470        0x4 build/cooja/mtype827.a(gpio-hal.o)
 .data          0x0000000000013474        0x0 build/cooja/mtype827.a(queuebuf.o)
 .data.rel.local
                0x0000000000013474       0x18 build/cooja/mtype827.a(queuebuf.o)
 .data          0x000000000001348c        0x0 build/cooja/mtype827.a(packetbuf.o)
 .data.rel.local
                0x000000000001348c        0x4 build/cooja/mtype827.a(packetbuf.o)
 .data          0x0000000000013490        0x0 build/cooja/mtype827.a(netstack.o)
 .data.rel.local
                0x0000000000013490        0x4 build/cooja/mtype827.a(netstack.o)
 .data          0x0000000000013494        0x0 build/cooja/mtype827.a(linkaddr.o)
 .data          0x0000000000013494        0x0 build/cooja/mtype827.a(csma.o)
 .data          0x0000000000013494        0x0 build/cooja/mtype827.a(csma-output.o)
 .data.rel.local
                0x0000000000013494       0x28 build/cooja/mtype827.a(csma-output.o)
 .data          0x00000000000134bc        0x0 build/cooja/mtype827.a(nullnet.o)
 .data          0x00000000000134bc        0x0 build/cooja/mtype827.a(nullrouting.o)
 .data          0x00000000000134bc        0x0 build/cooja/mtype827.a(watchdog.o)
 .data          0x00000000000134bc        0x0 build/cooja/mtype827.a(int-master.o)
 .data          0x00000000000134bc        0x0 build/cooja/mtype827.a(memb.o)
 .data          0x00000000000134bc        0x0 build/cooja/mtype827.a(assert.o)
 .data          0x00000000000134bc        0x0 build/cooja/mtype827.a(ringbuf.o)
 .data          0x00000000000134bc        0x0 build/cooja/mtype827.a(mac-sequence.o)
 .data          0x00000000000134bc        0x0 build/cooja/mtype827.a(mac.o)
 .data          0x00000000000134bc        0x0 build/cooja/mtype827.a(framer-802154.o)
 .data          0x00000000000134bc        0x2 build/cooja/mtype827.a(frame802154.o)
 .data          0x00000000000134be        0x0 build/cooja/mtype827.a(csma-security.o)
 .data          0x00000000000134be        0x0 /usr/lib/i386-linux-gnu/libc_nonshared.a(stack_chk_fail_local.oS)
 .data          0x00000000000134be        0x0 /usr/lib/gcc/i686-linux-gnu/7/crtendS.o
 .data          0x00000000000134be        0x0 /usr/lib/gcc/i686-linux-gnu/7/../../../i386-linux-gnu/crtn.o

.tm_clone_table
                0x00000000000134c0        0x0
 .tm_clone_table
                0x00000000000134c0        0x0 /usr/lib/gcc/i686-linux-gnu/7/crtbeginS.o
 .tm_clone_table
                0x00000000000134c0        0x0 /usr/lib/gcc/i686-linux-gnu/7/crtendS.o

.data1
 *(.data1)
                0x00000000000134c0                _edata = .
                [!provide]                        PROVIDE (edata = .)
                0x00000000000134c0                . = .
                0x00000000000134c0                __bss_start = .

.bss            0x00000000000134c0     0x8b44
 *(.dynbss)
 .dynbss        0x00000000000134c0        0x0 /usr/lib/gcc/i686-linux-gnu/7/../../../i386-linux-gnu/crti.o
 *(.bss .bss.* .gnu.linkonce.b.*)
 .bss           0x00000000000134c0        0x0 /usr/lib/gcc/i686-linux-gnu/7/../../../i386-linux-gnu/crti.o
 .bss           0x00000000000134c0        0x1 /usr/lib/gcc/i686-linux-gnu/7/crtbeginS.o
 *fill*         0x00000000000134c1        0x3 
 .bss           0x00000000000134c4       0x14 broadcast-receiver.o
 *fill*         0x00000000000134d8        0x8 
 .bss           0x00000000000134e0     0x2040 build/cooja/mtype827.o
 .bss           0x0000000000015520        0x1 build/cooja/mtype827.a(simEnvChange.o)
                0x0000000000015520                simDontFallAsleep
 *fill*         0x0000000000015521        0x3 
 .bss           0x0000000000015524        0x4 build/cooja/mtype827.a(cooja_mt.o)
 .bss           0x0000000000015528        0x4 build/cooja/mtype827.a(cooja_mtarch.o)
 .bss           0x000000000001552c        0x0 build/cooja/mtype827.a(rtimer-arch.o)
 .bss           0x000000000001552c        0x0 build/cooja/mtype827.a(beep.o)
 .bss           0x000000000001552c        0x1 build/cooja/mtype827.a(leds-arch.o)
                0x000000000001552c                simLedsValue
 .bss           0x000000000001552d        0x0 build/cooja/mtype827.a(moteid.o)
 .bss           0x000000000001552d        0x1 build/cooja/mtype827.a(pir-sensor.o)
                0x000000000001552d                simPirValue
 *fill*         0x000000000001552e        0x2 
 .bss           0x0000000000015530        0x4 build/cooja/mtype827.a(rs232.o)
 .bss           0x0000000000015534        0x1 build/cooja/mtype827.a(vib-sensor.o)
                0x0000000000015534                simVibValue
 .bss           0x0000000000015535        0x0 build/cooja/mtype827.a(clock.o)
 *fill*         0x0000000000015535        0xb 
 .bss           0x0000000000015540     0x2020 build/cooja/mtype827.a(cooja-log.o)
 .bss           0x0000000000017560      0xfc0 build/cooja/mtype827.a(cfs-cooja.o)
                0x0000000000017560                simCFSData
                0x0000000000018500                simCFSSize
                0x0000000000018504                simCFSChanged
                0x0000000000018508                simCFSRead
                0x000000000001850c                simCFSWritten
 .bss           0x0000000000018520       0x24 build/cooja/mtype827.a(cooja-radio.o)
                0x0000000000018520                simReceiving
                0x0000000000018524                simInSize
                0x0000000000018528                simLastPacketTimestamp
                0x0000000000018530                simOutSize
 .bss           0x0000000000018544        0xc build/cooja/mtype827.a(eeprom.o)
                0x0000000000018544                simEEPROMChanged
                0x0000000000018548                simEEPROMRead
                0x000000000001854c                simEEPROMWritten
 .bss           0x0000000000018550        0x0 build/cooja/mtype827.a(random.o)
 .bss           0x0000000000018550        0xc build/cooja/mtype827.a(sensors.o)
 .bss           0x000000000001855c        0x0 build/cooja/mtype827.a(leds.o)
 .bss           0x000000000001855c       0x24 build/cooja/mtype827.a(gpio-hal-arch.o)
 .bss           0x0000000000018580        0x0 build/cooja/mtype827.a(buttons.o)
 .bss           0x0000000000018580        0x0 build/cooja/mtype827.a(contiki-main.o)
 .bss           0x0000000000018580        0x0 build/cooja/mtype827.a(autostart.o)
 .bss           0x0000000000018580        0x0 build/cooja/mtype827.a(energest.o)
 .bss           0x0000000000018580        0x8 build/cooja/mtype827.a(etimer.o)
 .bss           0x0000000000018588       0x2c build/cooja/mtype827.a(log.o)
                0x0000000000018588                curr_log_level_rpl
                0x000000000001858c                curr_log_level_tcpip
                0x0000000000018590                curr_log_level_ipv6
                0x0000000000018594                curr_log_level_6lowpan
                0x0000000000018598                curr_log_level_nullnet
                0x000000000001859c                curr_log_level_mac
                0x00000000000185a0                curr_log_level_framer
                0x00000000000185a4                curr_log_level_6top
                0x00000000000185a8                curr_log_level_coap
                0x00000000000185ac                curr_log_level_snmp
                0x00000000000185b0                curr_log_level_lwm2m
 .bss           0x00000000000185b4        0x5 build/cooja/mtype827.a(ctimer.o)
 *fill*         0x00000000000185b9        0x7 
 .bss           0x00000000000185c0      0x1a1 build/cooja/mtype827.a(process.o)
                0x00000000000185c0                process_list
                0x00000000000185c4                process_current
 *fill*         0x0000000000018761        0x3 
 .bss           0x0000000000018764        0x4 build/cooja/mtype827.a(rtimer.o)
 .bss           0x0000000000018768        0x2 build/cooja/mtype827.a(node-id.o)
                0x0000000000018768                node_id
 .bss           0x000000000001876a        0x0 build/cooja/mtype827.a(timer.o)
 .bss           0x000000000001876a        0x0 build/cooja/mtype827.a(list.o)
 *fill*         0x000000000001876a        0x2 
 .bss           0x000000000001876c       0x10 build/cooja/mtype827.a(button-hal.o)
 *fill*         0x000000000001877c        0x4 
 .bss           0x0000000000018780      0x140 build/cooja/mtype827.a(serial-line.o)
 .bss           0x00000000000188c0        0x4 build/cooja/mtype827.a(gpio-hal.o)
 *fill*         0x00000000000188c4       0x1c 
 .bss           0x00000000000188e0      0x5c0 build/cooja/mtype827.a(queuebuf.o)
 .bss           0x0000000000018ea0       0xa0 build/cooja/mtype827.a(packetbuf.o)
 .bss           0x0000000000018f40        0x4 build/cooja/mtype827.a(netstack.o)
 .bss           0x0000000000018f44        0x0 build/cooja/mtype827.a(linkaddr.o)
 .bss           0x0000000000018f44        0x0 build/cooja/mtype827.a(csma.o)
 *fill*         0x0000000000018f44       0x1c 
 .bss           0x0000000000018f60      0x186 build/cooja/mtype827.a(csma-output.o)
 *fill*         0x00000000000190e6        0x2 
 .bss           0x00000000000190e8        0x4 build/cooja/mtype827.a(nullnet.o)
 .bss           0x00000000000190ec        0x0 build/cooja/mtype827.a(nullrouting.o)
 .bss           0x00000000000190ec        0x0 build/cooja/mtype827.a(watchdog.o)
 .bss           0x00000000000190ec        0x4 build/cooja/mtype827.a(int-master.o)
 .bss           0x00000000000190f0        0x0 build/cooja/mtype827.a(memb.o)
 .bss           0x00000000000190f0        0x0 build/cooja/mtype827.a(assert.o)
 .bss           0x00000000000190f0        0x0 build/cooja/mtype827.a(ringbuf.o)
 *fill*         0x00000000000190f0       0x10 
 .bss           0x0000000000019100      0x100 build/cooja/mtype827.a(mac-sequence.o)
 .bss           0x0000000000019200        0x0 build/cooja/mtype827.a(mac.o)
 .bss           0x0000000000019200        0x2 build/cooja/mtype827.a(framer-802154.o)
 .bss           0x0000000000019202        0x0 build/cooja/mtype827.a(frame802154.o)
 .bss           0x0000000000019202        0x0 build/cooja/mtype827.a(csma-security.o)
 .bss           0x0000000000019202        0x0 /usr/lib/i386-linux-gnu/libc_nonshared.a(stack_chk_fail_local.oS)
 .bss           0x0000000000019202        0x0 /usr/lib/gcc/i686-linux-gnu/7/crtendS.o
 .bss           0x0000000000019202        0x0 /usr/lib/gcc/i686-linux-gnu/7/../../../i386-linux-gnu/crtn.o
 *(COMMON)
 *fill*         0x0000000000019202        0x2 
 COMMON         0x0000000000019204        0x8 build/cooja/mtype827.o
                0x0000000000019204                referenceVar
                0x0000000000019208                sensors_flags
 COMMON         0x000000000001920c        0xc build/cooja/mtype827.a(simEnvChange.o)
                0x000000000001920c                simEtimerPending
                0x0000000000019210                simProcessRunValue
                0x0000000000019214                simEtimerNextExpirationTime
 COMMON         0x0000000000019218       0x18 build/cooja/mtype827.a(rtimer-arch.o)
                0x0000000000019218                simRtimerPending
                0x0000000000019220                simRtimerCurrentTicks
                0x0000000000019228                simRtimerNextExpirationTime
 COMMON         0x0000000000019230        0x1 build/cooja/mtype827.a(beep.o)
                0x0000000000019230                simBeeped
 *fill*         0x0000000000019231        0x3 
 COMMON         0x0000000000019234        0xc build/cooja/mtype827.a(moteid.o)
                0x0000000000019234                simRandomSeed
                0x0000000000019238                simMoteIDChanged
                0x000000000001923c                simMoteID
 COMMON         0x0000000000019240        0x2 build/cooja/mtype827.a(pir-sensor.o)
                0x0000000000019240                simPirIsActive
                0x0000000000019241                simPirChanged
 *fill*         0x0000000000019242       0x1e 
 COMMON         0x0000000000019260      0x820 build/cooja/mtype827.a(rs232.o)
                0x0000000000019260                simSerialReceivingFlag
                0x0000000000019264                simSerialReceivingLength
                0x0000000000019280                simSerialReceivingData
 COMMON         0x0000000000019a80        0x2 build/cooja/mtype827.a(vib-sensor.o)
                0x0000000000019a80                simVibChanged
                0x0000000000019a81                simVibIsActive
 *fill*         0x0000000000019a82        0x2 
 COMMON         0x0000000000019a84        0x4 build/cooja/mtype827.a(clock.o)
                0x0000000000019a84                simCurrentTime
 *fill*         0x0000000000019a88       0x18 
 COMMON         0x0000000000019aa0     0x2020 build/cooja/mtype827.a(cooja-log.o)
                0x0000000000019aa0                simLoggedLength
                0x0000000000019aa4                simLoggedFlag
                0x0000000000019ac0                simLoggedData
 COMMON         0x000000000001bac0       0xfd build/cooja/mtype827.a(cooja-radio.o)
                0x000000000001bac0                simOutDataBuffer
                0x000000000001bb40                simInDataBuffer
 *fill*         0x000000000001bbbd        0x3 
 COMMON         0x000000000001bbc0      0x400 build/cooja/mtype827.a(eeprom.o)
                0x000000000001bbc0                simEEPROMData
 COMMON         0x000000000001bfc0        0x1 build/cooja/mtype827.a(sensors.o)
                0x000000000001bfc0                sensors_event
 COMMON         0x000000000001bfc1        0x2 build/cooja/mtype827.a(buttons.o)
                0x000000000001bfc1                simButtonIsDown
                0x000000000001bfc2                simButtonChanged
 COMMON         0x000000000001bfc3        0x3 build/cooja/mtype827.a(button-hal.o)
                0x000000000001bfc3                button_hal_periodic_event
                0x000000000001bfc4                button_hal_press_event
                0x000000000001bfc5                button_hal_release_event
 COMMON         0x000000000001bfc6        0x1 build/cooja/mtype827.a(serial-line.o)
                0x000000000001bfc6                serial_line_event_message
 *fill*         0x000000000001bfc7        0x1 
 COMMON         0x000000000001bfc8       0x2c build/cooja/mtype827.a(packetbuf.o)
                0x000000000001bfc8                packetbuf_attrs
                0x000000000001bfe4                packetbuf_addrs
 COMMON         0x000000000001bff4        0x8 build/cooja/mtype827.a(linkaddr.o)
                0x000000000001bff4                linkaddr_node_addr
 COMMON         0x000000000001bffc        0x8 build/cooja/mtype827.a(nullnet.o)
                0x000000000001bffc                nullnet_len
                0x000000000001c000                nullnet_buf
                0x000000000001c004                . = ALIGN ((. != 0x0)?0x4:0x1)
                0x000000000001c004                . = ALIGN (0x4)
                0x000000000001c004                . = SEGMENT_START ("ldata-segment", .)
                0x000000000001c004                . = ALIGN (0x4)
                0x000000000001c004                _end = .
                [!provide]                        PROVIDE (end = .)
                0x000000000001c004                . = DATA_SEGMENT_END (.)

.stab
 *(.stab)

.stabstr
 *(.stabstr)

.stab.excl
 *(.stab.excl)

.stab.exclstr
 *(.stab.exclstr)

.stab.index
 *(.stab.index)

.stab.indexstr
 *(.stab.indexstr)

.comment        0x0000000000000000       0x29
 *(.comment)
 .comment       0x0000000000000000       0x29 /usr/lib/gcc/i686-linux-gnu/7/crtbeginS.o
                                         0x2a (size before relaxing)
 .comment       0x0000000000000029       0x2a broadcast-receiver.o
 .comment       0x0000000000000029       0x2a build/cooja/mtype827.o
 .comment       0x0000000000000029       0x2a build/cooja/mtype827.a(simEnvChange.o)
 .comment       0x0000000000000029       0x2a build/cooja/mtype827.a(cooja_mt.o)
 .comment       0x0000000000000029       0x2a build/cooja/mtype827.a(cooja_mtarch.o)
 .comment       0x0000000000000029       0x2a build/cooja/mtype827.a(rtimer-arch.o)
 .comment       0x0000000000000029       0x2a build/cooja/mtype827.a(beep.o)
 .comment       0x0000000000000029       0x2a build/cooja/mtype827.a(leds-arch.o)
 .comment       0x0000000000000029       0x2a build/cooja/mtype827.a(moteid.o)
 .comment       0x0000000000000029       0x2a build/cooja/mtype827.a(pir-sensor.o)
 .comment       0x0000000000000029       0x2a build/cooja/mtype827.a(rs232.o)
 .comment       0x0000000000000029       0x2a build/cooja/mtype827.a(vib-sensor.o)
 .comment       0x0000000000000029       0x2a build/cooja/mtype827.a(clock.o)
 .comment       0x0000000000000029       0x2a build/cooja/mtype827.a(cooja-log.o)
 .comment       0x0000000000000029       0x2a build/cooja/mtype827.a(cfs-cooja.o)
 .comment       0x0000000000000029       0x2a build/cooja/mtype827.a(cooja-radio.o)
 .comment       0x0000000000000029       0x2a build/cooja/mtype827.a(eeprom.o)
 .comment       0x0000000000000029       0x2a build/cooja/mtype827.a(random.o)
 .comment       0x0000000000000029       0x2a build/cooja/mtype827.a(sensors.o)
 .comment       0x0000000000000029       0x2a build/cooja/mtype827.a(leds.o)
 .comment       0x0000000000000029       0x2a build/cooja/mtype827.a(gpio-hal-arch.o)
 .comment       0x0000000000000029       0x2a build/cooja/mtype827.a(buttons.o)
 .comment       0x0000000000000029       0x2a build/cooja/mtype827.a(contiki-main.o)
 .comment       0x0000000000000029       0x2a build/cooja/mtype827.a(autostart.o)
 .comment       0x0000000000000029       0x2a build/cooja/mtype827.a(energest.o)
 .comment       0x0000000000000029       0x2a build/cooja/mtype827.a(etimer.o)
 .comment       0x0000000000000029       0x2a build/cooja/mtype827.a(log.o)
 .comment       0x0000000000000029       0x2a build/cooja/mtype827.a(ctimer.o)
 .comment       0x0000000000000029       0x2a build/cooja/mtype827.a(process.o)
 .comment       0x0000000000000029       0x2a build/cooja/mtype827.a(rtimer.o)
 .comment       0x0000000000000029       0x2a build/cooja/mtype827.a(node-id.o)
 .comment       0x0000000000000029       0x2a build/cooja/mtype827.a(timer.o)
 .comment       0x0000000000000029       0x2a build/cooja/mtype827.a(list.o)
 .comment       0x0000000000000029       0x2a build/cooja/mtype827.a(button-hal.o)
 .comment       0x0000000000000029       0x2a build/cooja/mtype827.a(serial-line.o)
 .comment       0x0000000000000029       0x2a build/cooja/mtype827.a(gpio-hal.o)
 .comment       0x0000000000000029       0x2a build/cooja/mtype827.a(queuebuf.o)
 .comment       0x0000000000000029       0x2a build/cooja/mtype827.a(packetbuf.o)
 .comment       0x0000000000000029       0x2a build/cooja/mtype827.a(netstack.o)
 .comment       0x0000000000000029       0x2a build/cooja/mtype827.a(linkaddr.o)
 .comment       0x0000000000000029       0x2a build/cooja/mtype827.a(csma.o)
 .comment       0x0000000000000029       0x2a build/cooja/mtype827.a(csma-output.o)
 .comment       0x0000000000000029       0x2a build/cooja/mtype827.a(nullnet.o)
 .comment       0x0000000000000029       0x2a build/cooja/mtype827.a(nullrouting.o)
 .comment       0x0000000000000029       0x2a build/cooja/mtype827.a(watchdog.o)
 .comment       0x0000000000000029       0x2a build/cooja/mtype827.a(int-master.o)
 .comment       0x0000000000000029       0x2a build/cooja/mtype827.a(memb.o)
 .comment       0x0000000000000029       0x2a build/cooja/mtype827.a(assert.o)
 .comment       0x0000000000000029       0x2a build/cooja/mtype827.a(ringbuf.o)
 .comment       0x0000000000000029       0x2a build/cooja/mtype827.a(mac-sequence.o)
 .comment       0x0000000000000029       0x2a build/cooja/mtype827.a(mac.o)
 .comment       0x0000000000000029       0x2a build/cooja/mtype827.a(framer-802154.o)
 .comment       0x0000000000000029       0x2a build/cooja/mtype827.a(frame802154.o)
 .comment       0x0000000000000029       0x2a build/cooja/mtype827.a(csma-security.o)
 .comment       0x0000000000000029       0x2a /usr/lib/gcc/i686-linux-gnu/7/crtendS.o

.debug
 *(.debug)

.line
 *(.line)

.debug_srcinfo
 *(.debug_srcinfo)

.debug_sfnames
 *(.debug_sfnames)

.debug_aranges  0x0000000000000000      0x6c0
 *(.debug_aranges)
 .debug_aranges
                0x0000000000000000       0x20 broadcast-receiver.o
 .debug_aranges
                0x0000000000000020       0x20 build/cooja/mtype827.o
 .debug_aranges
                0x0000000000000040       0x20 build/cooja/mtype827.a(simEnvChange.o)
 .debug_aranges
                0x0000000000000060       0x20 build/cooja/mtype827.a(cooja_mt.o)
 .debug_aranges
                0x0000000000000080       0x20 build/cooja/mtype827.a(cooja_mtarch.o)
 .debug_aranges
                0x00000000000000a0       0x20 build/cooja/mtype827.a(rtimer-arch.o)
 .debug_aranges
                0x00000000000000c0       0x20 build/cooja/mtype827.a(beep.o)
 .debug_aranges
                0x00000000000000e0       0x20 build/cooja/mtype827.a(leds-arch.o)
 .debug_aranges
                0x0000000000000100       0x20 build/cooja/mtype827.a(moteid.o)
 .debug_aranges
                0x0000000000000120       0x20 build/cooja/mtype827.a(pir-sensor.o)
 .debug_aranges
                0x0000000000000140       0x20 build/cooja/mtype827.a(rs232.o)
 .debug_aranges
                0x0000000000000160       0x20 build/cooja/mtype827.a(vib-sensor.o)
 .debug_aranges
                0x0000000000000180       0x20 build/cooja/mtype827.a(clock.o)
 .debug_aranges
                0x00000000000001a0       0x20 build/cooja/mtype827.a(cooja-log.o)
 .debug_aranges
                0x00000000000001c0       0x20 build/cooja/mtype827.a(cfs-cooja.o)
 .debug_aranges
                0x00000000000001e0       0x20 build/cooja/mtype827.a(cooja-radio.o)
 .debug_aranges
                0x0000000000000200       0x20 build/cooja/mtype827.a(eeprom.o)
 .debug_aranges
                0x0000000000000220       0x20 build/cooja/mtype827.a(random.o)
 .debug_aranges
                0x0000000000000240       0x20 build/cooja/mtype827.a(sensors.o)
 .debug_aranges
                0x0000000000000260       0x20 build/cooja/mtype827.a(leds.o)
 .debug_aranges
                0x0000000000000280       0x20 build/cooja/mtype827.a(gpio-hal-arch.o)
 .debug_aranges
                0x00000000000002a0       0x20 build/cooja/mtype827.a(buttons.o)
 .debug_aranges
                0x00000000000002c0       0x20 build/cooja/mtype827.a(contiki-main.o)
 .debug_aranges
                0x00000000000002e0       0x20 build/cooja/mtype827.a(autostart.o)
 .debug_aranges
                0x0000000000000300       0x20 build/cooja/mtype827.a(energest.o)
 .debug_aranges
                0x0000000000000320       0x20 build/cooja/mtype827.a(etimer.o)
 .debug_aranges
                0x0000000000000340       0x20 build/cooja/mtype827.a(log.o)
 .debug_aranges
                0x0000000000000360       0x20 build/cooja/mtype827.a(ctimer.o)
 .debug_aranges
                0x0000000000000380       0x20 build/cooja/mtype827.a(process.o)
 .debug_aranges
                0x00000000000003a0       0x20 build/cooja/mtype827.a(rtimer.o)
 .debug_aranges
                0x00000000000003c0       0x20 build/cooja/mtype827.a(node-id.o)
 .debug_aranges
                0x00000000000003e0       0x20 build/cooja/mtype827.a(timer.o)
 .debug_aranges
                0x0000000000000400       0x20 build/cooja/mtype827.a(list.o)
 .debug_aranges
                0x0000000000000420       0x20 build/cooja/mtype827.a(button-hal.o)
 .debug_aranges
                0x0000000000000440       0x20 build/cooja/mtype827.a(serial-line.o)
 .debug_aranges
                0x0000000000000460       0x20 build/cooja/mtype827.a(gpio-hal.o)
 .debug_aranges
                0x0000000000000480       0x20 build/cooja/mtype827.a(queuebuf.o)
 .debug_aranges
                0x00000000000004a0       0x20 build/cooja/mtype827.a(packetbuf.o)
 .debug_aranges
                0x00000000000004c0       0x20 build/cooja/mtype827.a(netstack.o)
 .debug_aranges
                0x00000000000004e0       0x20 build/cooja/mtype827.a(linkaddr.o)
 .debug_aranges
                0x0000000000000500       0x20 build/cooja/mtype827.a(csma.o)
 .debug_aranges
                0x0000000000000520       0x20 build/cooja/mtype827.a(csma-output.o)
 .debug_aranges
                0x0000000000000540       0x20 build/cooja/mtype827.a(nullnet.o)
 .debug_aranges
                0x0000000000000560       0x20 build/cooja/mtype827.a(nullrouting.o)
 .debug_aranges
                0x0000000000000580       0x20 build/cooja/mtype827.a(watchdog.o)
 .debug_aranges
                0x00000000000005a0       0x20 build/cooja/mtype827.a(int-master.o)
 .debug_aranges
                0x00000000000005c0       0x20 build/cooja/mtype827.a(memb.o)
 .debug_aranges
                0x00000000000005e0       0x20 build/cooja/mtype827.a(assert.o)
 .debug_aranges
                0x0000000000000600       0x20 build/cooja/mtype827.a(ringbuf.o)
 .debug_aranges
                0x0000000000000620       0x20 build/cooja/mtype827.a(mac-sequence.o)
 .debug_aranges
                0x0000000000000640       0x20 build/cooja/mtype827.a(mac.o)
 .debug_aranges
                0x0000000000000660       0x20 build/cooja/mtype827.a(framer-802154.o)
 .debug_aranges
                0x0000000000000680       0x20 build/cooja/mtype827.a(frame802154.o)
 .debug_aranges
                0x00000000000006a0       0x20 build/cooja/mtype827.a(csma-security.o)

.debug_pubnames
 *(.debug_pubnames)

.debug_info     0x0000000000000000    0x1d562
 *(.debug_info .gnu.linkonce.wi.*)
 .debug_info    0x0000000000000000      0xa9a broadcast-receiver.o
 .debug_info    0x0000000000000a9a     0x4132 build/cooja/mtype827.o
 .debug_info    0x0000000000004bcc      0x515 build/cooja/mtype827.a(simEnvChange.o)
 .debug_info    0x00000000000050e1      0x2df build/cooja/mtype827.a(cooja_mt.o)
 .debug_info    0x00000000000053c0      0x5f2 build/cooja/mtype827.a(cooja_mtarch.o)
 .debug_info    0x00000000000059b2      0x30e build/cooja/mtype827.a(rtimer-arch.o)
 .debug_info    0x0000000000005cc0      0x334 build/cooja/mtype827.a(beep.o)
 .debug_info    0x0000000000005ff4      0x2e8 build/cooja/mtype827.a(leds-arch.o)
 .debug_info    0x00000000000062dc      0x261 build/cooja/mtype827.a(moteid.o)
 .debug_info    0x000000000000653d      0x37f build/cooja/mtype827.a(pir-sensor.o)
 .debug_info    0x00000000000068bc      0x61e build/cooja/mtype827.a(rs232.o)
 .debug_info    0x0000000000006eda      0x37f build/cooja/mtype827.a(vib-sensor.o)
 .debug_info    0x0000000000007259      0x293 build/cooja/mtype827.a(clock.o)
 .debug_info    0x00000000000074ec      0x686 build/cooja/mtype827.a(cooja-log.o)
 .debug_info    0x0000000000007b72      0x798 build/cooja/mtype827.a(cfs-cooja.o)
 .debug_info    0x000000000000830a     0x12e7 build/cooja/mtype827.a(cooja-radio.o)
 .debug_info    0x00000000000095f1      0x31e build/cooja/mtype827.a(eeprom.o)
 .debug_info    0x000000000000990f       0xa8 build/cooja/mtype827.a(random.o)
 .debug_info    0x00000000000099b7      0x3f5 build/cooja/mtype827.a(sensors.o)
 .debug_info    0x0000000000009dac      0x3da build/cooja/mtype827.a(leds.o)
 .debug_info    0x000000000000a186      0x945 build/cooja/mtype827.a(gpio-hal-arch.o)
 .debug_info    0x000000000000aacb      0x96f build/cooja/mtype827.a(buttons.o)
 .debug_info    0x000000000000b43a     0x1a8c build/cooja/mtype827.a(contiki-main.o)
 .debug_info    0x000000000000cec6      0x225 build/cooja/mtype827.a(autostart.o)
 .debug_info    0x000000000000d0eb      0x210 build/cooja/mtype827.a(energest.o)
 .debug_info    0x000000000000d2fb      0x4fe build/cooja/mtype827.a(etimer.o)
 .debug_info    0x000000000000d7f9      0xb4e build/cooja/mtype827.a(log.o)
 .debug_info    0x000000000000e347      0x4d6 build/cooja/mtype827.a(ctimer.o)
 .debug_info    0x000000000000e81d      0x7b2 build/cooja/mtype827.a(process.o)
 .debug_info    0x000000000000efcf      0x314 build/cooja/mtype827.a(rtimer.o)
 .debug_info    0x000000000000f2e3      0x5f1 build/cooja/mtype827.a(node-id.o)
 .debug_info    0x000000000000f8d4      0x2b8 build/cooja/mtype827.a(timer.o)
 .debug_info    0x000000000000fb8c      0x4ce build/cooja/mtype827.a(list.o)
 .debug_info    0x000000000001005a      0x70a build/cooja/mtype827.a(button-hal.o)
 .debug_info    0x0000000000010764      0x365 build/cooja/mtype827.a(serial-line.o)
 .debug_info    0x0000000000010ac9      0x792 build/cooja/mtype827.a(gpio-hal.o)
 .debug_info    0x000000000001125b     0x14ad build/cooja/mtype827.a(queuebuf.o)
 .debug_info    0x0000000000012708     0x1471 build/cooja/mtype827.a(packetbuf.o)
 .debug_info    0x0000000000013b79      0x73d build/cooja/mtype827.a(netstack.o)
 .debug_info    0x00000000000142b6      0x2e9 build/cooja/mtype827.a(linkaddr.o)
 .debug_info    0x000000000001459f      0xeed build/cooja/mtype827.a(csma.o)
 .debug_info    0x000000000001548c     0x153f build/cooja/mtype827.a(csma-output.o)
 .debug_info    0x00000000000169cb      0xdf7 build/cooja/mtype827.a(nullnet.o)
 .debug_info    0x00000000000177c2      0xfde build/cooja/mtype827.a(nullrouting.o)
 .debug_info    0x00000000000187a0      0x218 build/cooja/mtype827.a(watchdog.o)
 .debug_info    0x00000000000189b8      0x26d build/cooja/mtype827.a(int-master.o)
 .debug_info    0x0000000000018c25      0x32b build/cooja/mtype827.a(memb.o)
 .debug_info    0x0000000000018f50      0x482 build/cooja/mtype827.a(assert.o)
 .debug_info    0x00000000000193d2      0x30c build/cooja/mtype827.a(ringbuf.o)
 .debug_info    0x00000000000196de     0x1147 build/cooja/mtype827.a(mac-sequence.o)
 .debug_info    0x000000000001a825      0x61d build/cooja/mtype827.a(mac.o)
 .debug_info    0x000000000001ae42      0xd31 build/cooja/mtype827.a(framer-802154.o)
 .debug_info    0x000000000001bb73      0xbe8 build/cooja/mtype827.a(frame802154.o)
 .debug_info    0x000000000001c75b      0xe07 build/cooja/mtype827.a(csma-security.o)

.debug_abbrev   0x0000000000000000     0x6349
 *(.debug_abbrev)
 .debug_abbrev  0x0000000000000000      0x1fd broadcast-receiver.o
 .debug_abbrev  0x00000000000001fd      0x318 build/cooja/mtype827.o
 .debug_abbrev  0x0000000000000515      0x167 build/cooja/mtype827.a(simEnvChange.o)
 .debug_abbrev  0x000000000000067c      0x188 build/cooja/mtype827.a(cooja_mt.o)
 .debug_abbrev  0x0000000000000804      0x1c0 build/cooja/mtype827.a(cooja_mtarch.o)
 .debug_abbrev  0x00000000000009c4      0x18f build/cooja/mtype827.a(rtimer-arch.o)
 .debug_abbrev  0x0000000000000b53      0x18f build/cooja/mtype827.a(beep.o)
 .debug_abbrev  0x0000000000000ce2      0x15c build/cooja/mtype827.a(leds-arch.o)
 .debug_abbrev  0x0000000000000e3e      0x14a build/cooja/mtype827.a(moteid.o)
 .debug_abbrev  0x0000000000000f88      0x19a build/cooja/mtype827.a(pir-sensor.o)
 .debug_abbrev  0x0000000000001122      0x1ed build/cooja/mtype827.a(rs232.o)
 .debug_abbrev  0x000000000000130f      0x19a build/cooja/mtype827.a(vib-sensor.o)
 .debug_abbrev  0x00000000000014a9      0x18f build/cooja/mtype827.a(clock.o)
 .debug_abbrev  0x0000000000001638      0x201 build/cooja/mtype827.a(cooja-log.o)
 .debug_abbrev  0x0000000000001839      0x1eb build/cooja/mtype827.a(cfs-cooja.o)
 .debug_abbrev  0x0000000000001a24      0x390 build/cooja/mtype827.a(cooja-radio.o)
 .debug_abbrev  0x0000000000001db4      0x180 build/cooja/mtype827.a(eeprom.o)
 .debug_abbrev  0x0000000000001f34       0x6b build/cooja/mtype827.a(random.o)
 .debug_abbrev  0x0000000000001f9f      0x1cd build/cooja/mtype827.a(sensors.o)
 .debug_abbrev  0x000000000000216c      0x183 build/cooja/mtype827.a(leds.o)
 .debug_abbrev  0x00000000000022ef      0x20b build/cooja/mtype827.a(gpio-hal-arch.o)
 .debug_abbrev  0x00000000000024fa      0x1d1 build/cooja/mtype827.a(buttons.o)
 .debug_abbrev  0x00000000000026cb      0x203 build/cooja/mtype827.a(contiki-main.o)
 .debug_abbrev  0x00000000000028ce      0x12b build/cooja/mtype827.a(autostart.o)
 .debug_abbrev  0x00000000000029f9      0x10d build/cooja/mtype827.a(energest.o)
 .debug_abbrev  0x0000000000002b06      0x229 build/cooja/mtype827.a(etimer.o)
 .debug_abbrev  0x0000000000002d2f      0x221 build/cooja/mtype827.a(log.o)
 .debug_abbrev  0x0000000000002f50      0x1be build/cooja/mtype827.a(ctimer.o)
 .debug_abbrev  0x000000000000310e      0x27b build/cooja/mtype827.a(process.o)
 .debug_abbrev  0x0000000000003389      0x1a6 build/cooja/mtype827.a(rtimer.o)
 .debug_abbrev  0x000000000000352f      0x180 build/cooja/mtype827.a(node-id.o)
 .debug_abbrev  0x00000000000036af      0x174 build/cooja/mtype827.a(timer.o)
 .debug_abbrev  0x0000000000003823      0x1e2 build/cooja/mtype827.a(list.o)
 .debug_abbrev  0x0000000000003a05      0x256 build/cooja/mtype827.a(button-hal.o)
 .debug_abbrev  0x0000000000003c5b      0x1a0 build/cooja/mtype827.a(serial-line.o)
 .debug_abbrev  0x0000000000003dfb      0x1b0 build/cooja/mtype827.a(gpio-hal.o)
 .debug_abbrev  0x0000000000003fab      0x2b5 build/cooja/mtype827.a(queuebuf.o)
 .debug_abbrev  0x0000000000004260      0x2ce build/cooja/mtype827.a(packetbuf.o)
 .debug_abbrev  0x000000000000452e      0x207 build/cooja/mtype827.a(netstack.o)
 .debug_abbrev  0x0000000000004735      0x177 build/cooja/mtype827.a(linkaddr.o)
 .debug_abbrev  0x00000000000048ac      0x27f build/cooja/mtype827.a(csma.o)
 .debug_abbrev  0x0000000000004b2b      0x2e1 build/cooja/mtype827.a(csma-output.o)
 .debug_abbrev  0x0000000000004e0c      0x245 build/cooja/mtype827.a(nullnet.o)
 .debug_abbrev  0x0000000000005051      0x234 build/cooja/mtype827.a(nullrouting.o)
 .debug_abbrev  0x0000000000005285      0x10b build/cooja/mtype827.a(watchdog.o)
 .debug_abbrev  0x0000000000005390      0x170 build/cooja/mtype827.a(int-master.o)
 .debug_abbrev  0x0000000000005500      0x15a build/cooja/mtype827.a(memb.o)
 .debug_abbrev  0x000000000000565a      0x13d build/cooja/mtype827.a(assert.o)
 .debug_abbrev  0x0000000000005797      0x15a build/cooja/mtype827.a(ringbuf.o)
 .debug_abbrev  0x00000000000058f1      0x21b build/cooja/mtype827.a(mac-sequence.o)
 .debug_abbrev  0x0000000000005b0c      0x16f build/cooja/mtype827.a(mac.o)
 .debug_abbrev  0x0000000000005c7b      0x22e build/cooja/mtype827.a(framer-802154.o)
 .debug_abbrev  0x0000000000005ea9      0x2cc build/cooja/mtype827.a(frame802154.o)
 .debug_abbrev  0x0000000000006175      0x1d4 build/cooja/mtype827.a(csma-security.o)

.debug_line     0x0000000000000000     0x7090
 *(.debug_line .debug_line.* .debug_line_end)
 .debug_line    0x0000000000000000      0x291 broadcast-receiver.o
 .debug_line    0x0000000000000291      0x4c1 build/cooja/mtype827.o
 .debug_line    0x0000000000000752      0x1c3 build/cooja/mtype827.a(simEnvChange.o)
 .debug_line    0x0000000000000915      0x157 build/cooja/mtype827.a(cooja_mt.o)
 .debug_line    0x0000000000000a6c      0x1fe build/cooja/mtype827.a(cooja_mtarch.o)
 .debug_line    0x0000000000000c6a      0x193 build/cooja/mtype827.a(rtimer-arch.o)
 .debug_line    0x0000000000000dfd      0x11e build/cooja/mtype827.a(beep.o)
 .debug_line    0x0000000000000f1b      0x179 build/cooja/mtype827.a(leds-arch.o)
 .debug_line    0x0000000000001094      0x136 build/cooja/mtype827.a(moteid.o)
 .debug_line    0x00000000000011ca      0x171 build/cooja/mtype827.a(pir-sensor.o)
 .debug_line    0x000000000000133b      0x21a build/cooja/mtype827.a(rs232.o)
 .debug_line    0x0000000000001555      0x171 build/cooja/mtype827.a(vib-sensor.o)
 .debug_line    0x00000000000016c6      0x10f build/cooja/mtype827.a(clock.o)
 .debug_line    0x00000000000017d5      0x1f4 build/cooja/mtype827.a(cooja-log.o)
 .debug_line    0x00000000000019c9      0x224 build/cooja/mtype827.a(cfs-cooja.o)
 .debug_line    0x0000000000001bed      0x388 build/cooja/mtype827.a(cooja-radio.o)
 .debug_line    0x0000000000001f75      0x140 build/cooja/mtype827.a(eeprom.o)
 .debug_line    0x00000000000020b5       0x4d build/cooja/mtype827.a(random.o)
 .debug_line    0x0000000000002102      0x1a2 build/cooja/mtype827.a(sensors.o)
 .debug_line    0x00000000000022a4      0x200 build/cooja/mtype827.a(leds.o)
 .debug_line    0x00000000000024a4      0x2be build/cooja/mtype827.a(gpio-hal-arch.o)
 .debug_line    0x0000000000002762      0x251 build/cooja/mtype827.a(buttons.o)
 .debug_line    0x00000000000029b3      0x4de build/cooja/mtype827.a(contiki-main.o)
 .debug_line    0x0000000000002e91      0x114 build/cooja/mtype827.a(autostart.o)
 .debug_line    0x0000000000002fa5      0x12b build/cooja/mtype827.a(energest.o)
 .debug_line    0x00000000000030d0      0x1e8 build/cooja/mtype827.a(etimer.o)
 .debug_line    0x00000000000032b8      0x260 build/cooja/mtype827.a(log.o)
 .debug_line    0x0000000000003518      0x1b7 build/cooja/mtype827.a(ctimer.o)
 .debug_line    0x00000000000036cf      0x295 build/cooja/mtype827.a(process.o)
 .debug_line    0x0000000000003964      0x150 build/cooja/mtype827.a(rtimer.o)
 .debug_line    0x0000000000003ab4      0x176 build/cooja/mtype827.a(node-id.o)
 .debug_line    0x0000000000003c2a      0x10f build/cooja/mtype827.a(timer.o)
 .debug_line    0x0000000000003d39      0x1bf build/cooja/mtype827.a(list.o)
 .debug_line    0x0000000000003ef8      0x291 build/cooja/mtype827.a(button-hal.o)
 .debug_line    0x0000000000004189      0x1d3 build/cooja/mtype827.a(serial-line.o)
 .debug_line    0x000000000000435c      0x219 build/cooja/mtype827.a(gpio-hal.o)
 .debug_line    0x0000000000004575      0x343 build/cooja/mtype827.a(queuebuf.o)
 .debug_line    0x00000000000048b8      0x37e build/cooja/mtype827.a(packetbuf.o)
 .debug_line    0x0000000000004c36      0x216 build/cooja/mtype827.a(netstack.o)
 .debug_line    0x0000000000004e4c      0x14a build/cooja/mtype827.a(linkaddr.o)
 .debug_line    0x0000000000004f96      0x2bb build/cooja/mtype827.a(csma.o)
 .debug_line    0x0000000000005251      0x42a build/cooja/mtype827.a(csma-output.o)
 .debug_line    0x000000000000567b      0x284 build/cooja/mtype827.a(nullnet.o)
 .debug_line    0x00000000000058ff      0x2ca build/cooja/mtype827.a(nullrouting.o)
 .debug_line    0x0000000000005bc9      0x110 build/cooja/mtype827.a(watchdog.o)
 .debug_line    0x0000000000005cd9      0x143 build/cooja/mtype827.a(int-master.o)
 .debug_line    0x0000000000005e1c      0x169 build/cooja/mtype827.a(memb.o)
 .debug_line    0x0000000000005f85      0x187 build/cooja/mtype827.a(assert.o)
 .debug_line    0x000000000000610c      0x16a build/cooja/mtype827.a(ringbuf.o)
 .debug_line    0x0000000000006276      0x326 build/cooja/mtype827.a(mac-sequence.o)
 .debug_line    0x000000000000659c      0x1c7 build/cooja/mtype827.a(mac.o)
 .debug_line    0x0000000000006763      0x2e0 build/cooja/mtype827.a(framer-802154.o)
 .debug_line    0x0000000000006a43      0x3bb build/cooja/mtype827.a(frame802154.o)
 .debug_line    0x0000000000006dfe      0x292 build/cooja/mtype827.a(csma-security.o)

.debug_frame
 *(.debug_frame)

.debug_str      0x0000000000000000     0x594a
 *(.debug_str)
 .debug_str     0x0000000000000000      0x6ed broadcast-receiver.o
                                        0x824 (size before relaxing)
 .debug_str     0x00000000000006ed     0x1b43 build/cooja/mtype827.o
                                       0x2366 (size before relaxing)
 .debug_str     0x0000000000002230       0x2d build/cooja/mtype827.a(simEnvChange.o)
                                        0x457 (size before relaxing)
 .debug_str     0x000000000000225d       0x5e build/cooja/mtype827.a(cooja_mt.o)
                                        0x2a4 (size before relaxing)
 .debug_str     0x00000000000022bb       0x94 build/cooja/mtype827.a(cooja_mtarch.o)
                                        0x4c6 (size before relaxing)
 .debug_str     0x000000000000234f      0x124 build/cooja/mtype827.a(rtimer-arch.o)
                                        0x350 (size before relaxing)
 .debug_str     0x0000000000002473       0xc3 build/cooja/mtype827.a(beep.o)
                                        0x30c (size before relaxing)
 .debug_str     0x0000000000002536       0x9b build/cooja/mtype827.a(leds-arch.o)
                                        0x330 (size before relaxing)
 .debug_str     0x00000000000025d1       0x46 build/cooja/mtype827.a(moteid.o)
                                        0x2cf (size before relaxing)
 .debug_str     0x0000000000002617       0x54 build/cooja/mtype827.a(pir-sensor.o)
                                        0x324 (size before relaxing)
 .debug_str     0x000000000000266b       0xce build/cooja/mtype827.a(rs232.o)
                                        0x58d (size before relaxing)
 .debug_str     0x0000000000002739       0x54 build/cooja/mtype827.a(vib-sensor.o)
                                        0x324 (size before relaxing)
 .debug_str     0x000000000000278d       0x61 build/cooja/mtype827.a(clock.o)
                                        0x2df (size before relaxing)
 .debug_str     0x00000000000027ee       0xd6 build/cooja/mtype827.a(cooja-log.o)
                                        0x56d (size before relaxing)
 .debug_str     0x00000000000028c4      0x110 build/cooja/mtype827.a(cfs-cooja.o)
                                        0x578 (size before relaxing)
 .debug_str     0x00000000000029d4      0x673 build/cooja/mtype827.a(cooja-radio.o)
                                        0xfb4 (size before relaxing)
 .debug_str     0x0000000000003047       0x98 build/cooja/mtype827.a(eeprom.o)
                                        0x31c (size before relaxing)
 .debug_str     0x00000000000030df       0x33 build/cooja/mtype827.a(random.o)
                                        0x139 (size before relaxing)
 .debug_str     0x0000000000003112       0x8b build/cooja/mtype827.a(sensors.o)
                                        0x317 (size before relaxing)
 .debug_str     0x000000000000319d       0x8a build/cooja/mtype827.a(leds.o)
                                        0x2f9 (size before relaxing)
 .debug_str     0x0000000000003227      0x2a5 build/cooja/mtype827.a(gpio-hal-arch.o)
                                        0x843 (size before relaxing)
 .debug_str     0x00000000000034cc       0xf4 build/cooja/mtype827.a(buttons.o)
                                        0x822 (size before relaxing)
 .debug_str     0x00000000000035c0      0xa14 build/cooja/mtype827.a(contiki-main.o)
                                       0x1654 (size before relaxing)
 .debug_str     0x0000000000003fd4       0x38 build/cooja/mtype827.a(autostart.o)
                                        0x243 (size before relaxing)
 .debug_str     0x000000000000400c       0x4d build/cooja/mtype827.a(energest.o)
                                        0x262 (size before relaxing)
 .debug_str     0x0000000000004059      0x150 build/cooja/mtype827.a(etimer.o)
                                        0x38b (size before relaxing)
 .debug_str     0x00000000000041a9       0x7a build/cooja/mtype827.a(log.o)
                                        0x7fc (size before relaxing)
 .debug_str     0x0000000000004223       0xcf build/cooja/mtype827.a(ctimer.o)
                                        0x327 (size before relaxing)
 .debug_str     0x00000000000042f2      0x13e build/cooja/mtype827.a(process.o)